11:06:53.685 [main                     ] DEBUG Logger               - Configured Logger
11:06:53.705 [main                     ] DEBUG GameApplication      - Logging settings
Title: Droid Rampage
Version: 1.0
Width: 1920
Height: 1088
Fullscreen: true
Intro: false
Profiling: false
Single step:false
App Mode: DEVELOPER
Menu Key: ESCAPE
Stage Style: DECORATED
Scene Factory: class com.almasb.fxgl.app.scene.SceneFactory

11:06:54.571 [JavaFX Application Thread] DEBUG FXGLApplication      - Initializing FXGL
11:06:54.578 [JavaFX Application Thread] INFO  Engine               - FXGL-17.3 (30.03.2023 11.49) on LINUX (J:26 FX:21.0.6)
11:06:54.578 [JavaFX Application Thread] DEBUG Engine               - JRE Vendor Name: Oracle Corporation
11:06:54.579 [JavaFX Application Thread] DEBUG Engine               - Running on OS: Linux version 6.17.0-29-generic
11:06:54.579 [JavaFX Application Thread] DEBUG Engine               - Architecture: amd64
11:06:54.579 [JavaFX Application Thread] INFO  Engine               - Source code and latest versions at: https://github.com/AlmasB/FXGL
11:06:54.580 [JavaFX Application Thread] INFO  Engine               -       Ask questions and discuss at: https://github.com/AlmasB/FXGL/discussions
11:06:54.580 [JavaFX Application Thread] INFO  Engine               -              Join the FXGL chat at: https://gitter.im/AlmasB/FXGL
11:06:54.854 [JavaFX Application Thread] DEBUG PrimaryStageWindow   - Creating a JavaFX scene
11:06:54.854 [JavaFX Application Thread] DEBUG PrimaryStageWindow   - Target size > screen size
11:06:55.036 [JavaFX Application Thread] DEBUG PrimaryStageWindow   - Target settings size: 1920.0 x 1088.0
11:06:55.037 [JavaFX Application Thread] DEBUG PrimaryStageWindow   - Scaled scene size:    1880.0 x 1079.0
11:06:55.037 [JavaFX Application Thread] DEBUG PrimaryStageWindow   - Scaled ratio: (0.9791666666666666, 0.9917279411764706)
11:06:55.039 [JavaFX Application Thread] DEBUG PrimaryStageWindow   - Set initial scene to FXGLStartupScene
11:06:55.050 [JavaFX Application Thread] DEBUG PrimaryStageWindow   - Opening main window
11:06:55.135 [JavaFX Application Thread] DEBUG PrimaryStageWindow   - Window border size: (0.0, 35.0)
11:06:55.136 [JavaFX Application Thread] DEBUG PrimaryStageWindow   - Scaled size: 1880.0 x 1044.0
11:06:55.136 [JavaFX Application Thread] DEBUG PrimaryStageWindow   - Scaled ratio: (0.9791666666666666, 0.9595588235294118)
11:06:55.136 [JavaFX Application Thread] DEBUG PrimaryStageWindow   - Scene size: 1880.0 x 1079.0
11:06:55.137 [JavaFX Application Thread] DEBUG PrimaryStageWindow   - Stage size: 1880.0 x 1079.0
11:06:55.149 [FXGL Background Thread 1 ] DEBUG Engine               - Initializing environment variables
11:06:55.272 [FXGL Background Thread 1 ] DEBUG FXGLAssetLoaderServi - User app class for loading assets: class at.htl.droidrampage.GameApp
11:06:55.273 [FXGL Background Thread 1 ] DEBUG GameApplicationServi - Applying CSS: fxgl_dark.css
11:06:55.276 [FXGL Background Thread 1 ] DEBUG FXGLAssetLoaderServi - Loading from file system: jar:file:/home/franz/.m2/repository/com/github/almasb/fxgl/17.3/fxgl-17.3.jar!/fxglassets/ui/css/fxgl_dark.css
11:06:55.427 [FXGL Background Thread 1 ] DEBUG GameApplicationServi - Initializing application scenes
11:06:55.496 [FXGL Background Thread 1 ] DEBUG GameWorld            - Game world initialized
11:06:55.580 [FXGL Background Thread 1 ] DEBUG PhysicsWorld         - Physics world initialized: appHeight=1088, physics.ppm=50.0
11:06:55.581 [FXGL Background Thread 1 ] DEBUG PhysicsWorld         - Using strategy: BRUTE_FORCE
11:06:55.590 [FXGL Background Thread 1 ] DEBUG GameScene            - Game scene initialized: 1920x1088
11:06:55.622 [FXGL Background Thread 1 ] DEBUG FXGL.DefaultMenu     - createMenuBodyGameMenu()
11:06:55.654 [FXGL Background Thread 1 ] DEBUG FXGL.DefaultMenu     - createOptionsMenu()
11:06:55.677 [FXGL Background Thread 1 ] DEBUG FXGLAssetLoaderServi - Loading from file system: jar:file:/home/franz/.m2/repository/com/github/almasb/fxgl/17.3/fxgl-17.3.jar!/fxglassets/textures/particles/smoke.png
11:06:55.857 [FXGL Background Thread 1 ] DEBUG FXGLAssetLoaderServi - Loading from file system: jar:file:/home/franz/.m2/repository/com/github/almasb/fxgl/17.3/fxgl-17.3.jar!/fxglassets/textures/particles/trace_horizontal.png
11:06:55.897 [FXGL Background Thread 1 ] DEBUG GameApplicationServi - Application scenes initialized
11:06:55.910 [FXGL Background Thread 1 ] DEBUG SystemBundleService  - Loading FXGL system data
11:06:55.912 [FXGL Background Thread 1 ] DEBUG FileSystemAccess     - Reading from: /home/franz/Documents/Schule/3-Klasse/POS/DroidRampage/system/fxgl.bundle
11:06:55.915 [FXGL Background Thread 1 ] DEBUG SystemBundleService  - Bundle FXGL: {}
11:06:55.916 [FXGL Background Thread 1 ] DEBUG UpdaterService       - Checking for updates
11:06:55.921 [FXGL Background Thread 4 ] DEBUG FXGLApplication      - Loading fonts
11:06:55.922 [FXGL Background Thread 4 ] DEBUG FXGLAssetLoaderServi - Loading from file system: jar:file:/home/franz/.m2/repository/com/github/almasb/fxgl/17.3/fxgl-17.3.jar!/fxglassets/ui/fonts/VarelaRound-Regular.ttf
11:06:55.922 [FXGL Background Thread 1 ] DEBUG FXGLApplication      - Loading default localization
11:06:55.923 [FXGL Background Thread 1 ] DEBUG FXGLAssetLoaderServi - Loading from file system: jar:file:/home/franz/.m2/repository/com/github/almasb/fxgl/17.3/fxgl-17.3.jar!/fxglassets/languages/english.lang
11:06:55.934 [FXGL Background Thread 4 ] DEBUG FXGLAssetLoaderServi - Loading from file system: jar:file:/home/franz/.m2/repository/com/github/almasb/fxgl/17.3/fxgl-17.3.jar!/fxglassets/ui/fonts/Abel-Regular.ttf
11:06:55.938 [FXGL Background Thread 4 ] DEBUG FXGLAssetLoaderServi - Loading from file system: jar:file:/home/franz/.m2/repository/com/github/almasb/fxgl/17.3/fxgl-17.3.jar!/fxglassets/ui/fonts/TerminalLandMono-Regular.otf
11:06:55.942 [FXGL Background Thread 4 ] DEBUG FXGLAssetLoaderServi - Loading from file system: jar:file:/home/franz/.m2/repository/com/github/almasb/fxgl/17.3/fxgl-17.3.jar!/fxglassets/ui/fonts/Courier-Prime.ttf
11:06:55.949 [FXGL Background Thread 1 ] INFO  FXGLApplication      - FXGL initialization took: 0.799 sec
11:06:55.950 [JavaFX Application Thread] DEBUG FXGLApplication      - Registering font factories with UI factory
11:06:55.955 [JavaFX Application Thread] DEBUG FXGLAssetLoaderServi - Loading from file system: jar:file:/home/franz/.m2/repository/com/github/almasb/fxgl/17.3/fxgl-17.3.jar!/fxglassets/textures/fxgl_icon.png
11:06:56.028 [JavaFX Application Thread] DEBUG FXGLAssetLoaderServi - Loading from file system: jar:file:/home/franz/.m2/repository/com/github/almasb/fxgl/17.3/fxgl-17.3.jar!/fxglassets/textures/fxgl_default_cursor.png
11:06:56.061 [JavaFX Application Thread] DEBUG Input                - Registered new binding: Screenshot - CTRL+8
11:06:56.062 [JavaFX Application Thread] DEBUG Input                - Registered new binding: System info dump - CTRL+9
11:06:56.063 [JavaFX Application Thread] DEBUG Input                - Registered new binding: Restart - CTRL+R
11:06:56.065 [JavaFX Application Thread] DEBUG Input                - Registered new binding: Toggle Debug Camera - CTRL+7
11:06:56.074 [JavaFX Application Thread] DEBUG LoopRunner           - Starting loop
11:06:56.075 [JavaFX Application Thread] DEBUG LoopRunner           - Initializing JavaFX AnimationTimerLoop
11:06:56.077 [JavaFX Application Thread] DEBUG GameApplicationServi - Starting new game
11:06:56.079 [JavaFX Application Thread] DEBUG Input                - Clearing active input actions
11:06:56.109 [JavaFX Application Thread] DEBUG GameApplicationServi - Removing overlay from FXGLStartupScene and adding to FXGLLoadingScene
11:06:56.110 [JavaFX Application Thread] DEBUG PrimaryStageWindow   - FXGLStartupScene -> FXGLLoadingScene
11:06:56.110 [JavaFX Application Thread] DEBUG GameApplicationServi - Clearing previous game
11:06:56.110 [JavaFX Application Thread] DEBUG GameScene            - Clearing game scene
11:06:56.111 [JavaFX Application Thread] DEBUG GameWorld            - Clearing game world
11:06:56.111 [JavaFX Application Thread] DEBUG PhysicsWorld         - Clearing physics world
11:06:56.114 [FXGL Background Thread 1 ] DEBUG FXGLApplication      - Initializing game
11:06:56.192 [FXGL Background Thread 1 ] WARN  TMXLevelLoader       - TiledMap generated from 1.8.2. Supported version: 1.9.0. Some features may not be parsed fully.
11:06:56.233 [FXGL Background Thread 1 ] DEBUG TMXLevelLoader       - Parsed TiledMap: file:/home/franz/Documents/Schule/3-Klasse/POS/DroidRampage/target/classes/assets/levels/TileStart.tmx
11:06:56.241 [FXGL Background Thread 1 ] DEBUG TMXLevelLoader       - Creating tile layer entities
11:06:56.245 [FXGL Background Thread 1 ] DEBUG TilesetLoader        - Loading view for layer Kachelebene 1
11:06:56.247 [FXGL Background Thread 1 ] DEBUG TilesetLoader        - Created buffer with size 1920.0x1088.0
11:06:56.425 [FXGL Background Thread 1 ] DEBUG TMXLevelLoader       - Creating object layer entities
11:06:56.477 [FXGL Background Thread 1 ] DEBUG FXGLAssetLoaderServi - Loading from file system: file:/home/franz/Documents/Schule/3-Klasse/POS/DroidRampage/target/classes/assets/textures/credit2.png
11:06:56.619 [FXGL Background Thread 1 ] DEBUG FXGLAssetLoaderServi - Loading from file system: file:/home/franz/Documents/Schule/3-Klasse/POS/DroidRampage/target/classes/assets/textures/credit1.png
11:06:56.744 [FXGL Background Thread 1 ] DEBUG FXGLAssetLoaderServi - Loading from file system: file:/home/franz/Documents/Schule/3-Klasse/POS/DroidRampage/target/classes/assets/textures/credit3.png
11:06:56.867 [FXGL Background Thread 2 ] INFO  UpdaterService       - Your current version:  17.3
11:06:56.868 [FXGL Background Thread 2 ] INFO  UpdaterService       - Latest stable version: 25
11:06:56.887 [FXGL Background Thread 1 ] DEBUG GameWorld            - Clearing removable entities
11:06:56.888 [FXGL Background Thread 1 ] DEBUG GameWorld            - Setting level: com.almasb.fxgl.entity.level.Level@35b46dd7
11:06:57.192 [FXGL Background Thread 1 ] DEBUG FXGLAssetLoaderServi - Loading from file system: file:/home/franz/Documents/Schule/3-Klasse/POS/DroidRampage/target/classes/assets/textures/r2d2.png
11:06:57.207 [FXGL Background Thread 1 ] DEBUG Input                - Registered new binding: Move Right - D
11:06:57.208 [FXGL Background Thread 1 ] DEBUG Input                - Registered new binding: Move Left - A
11:06:57.208 [FXGL Background Thread 1 ] DEBUG Input                - Registered new binding: Jump - Space
11:06:57.208 [FXGL Background Thread 1 ] DEBUG Input                - Registered new binding: Toggle Cheat Mode - I
11:06:57.209 [FXGL Background Thread 1 ] DEBUG Input                - Registered new binding: Restart - R
11:06:57.215 [FXGL Background Thread 1 ] INFO  FXGLApplication      - Game initialization took: 1.101 sec
11:06:57.228 [JavaFX Application Thread] DEBUG Input                - Clearing active input actions
11:06:57.256 [JavaFX Application Thread] DEBUG GameApplicationServi - Removing overlay from FXGLLoadingScene and adding to GameScene
11:06:57.257 [JavaFX Application Thread] DEBUG PrimaryStageWindow   - FXGLLoadingScene -> GameScene
11:06:57.276 [JavaFX Application Thread] WARN  TMXLevelLoader       - TiledMap generated from 1.8.2. Supported version: 1.9.0. Some features may not be parsed fully.
11:06:57.297 [JavaFX Application Thread] DEBUG TMXLevelLoader       - Parsed TiledMap: file:/home/franz/Documents/Schule/3-Klasse/POS/DroidRampage/target/classes/assets/levels/Tile5.tmx
11:06:57.297 [JavaFX Application Thread] DEBUG TMXLevelLoader       - Creating tile layer entities
11:06:57.298 [JavaFX Application Thread] DEBUG TilesetLoader        - Loading view for layer Tile Layer 1
11:06:57.306 [JavaFX Application Thread] DEBUG TilesetLoader        - Created buffer with size 1920.0x1088.0
11:06:57.409 [JavaFX Application Thread] DEBUG TMXLevelLoader       - Creating object layer entities
11:06:58.919 [FXGL Background Thread 3 ] DEBUG Engine               - Logging environment variables
11:06:58.920 [FXGL Background Thread 3 ] DEBUG Engine               - achievements: []
11:06:58.920 [FXGL Background Thread 3 ] DEBUG Engine               - actualHeight: 1044.0
11:06:58.920 [FXGL Background Thread 3 ] DEBUG Engine               - actualHeightProperty: ReadOnlyDoubleProperty [value: 1005.0]
11:06:58.921 [FXGL Background Thread 3 ] DEBUG Engine               - actualWidth: 1880.0
11:06:58.921 [FXGL Background Thread 3 ] DEBUG Engine               - actualWidthProperty: ReadOnlyDoubleProperty [value: 1920.0]
11:06:58.921 [FXGL Background Thread 3 ] DEBUG Engine               - appIcon: fxgl_icon.png
11:06:58.921 [FXGL Background Thread 3 ] DEBUG Engine               - applicationMode: DEVELOPER
11:06:58.921 [FXGL Background Thread 3 ] DEBUG Engine               - cSSList: [fxgl_dark.css]
11:06:58.921 [FXGL Background Thread 3 ] DEBUG Engine               - collisionDetectionStrategy: BRUTE_FORCE
11:06:58.921 [FXGL Background Thread 3 ] DEBUG Engine               - configClass: Optional.empty
11:06:58.921 [FXGL Background Thread 3 ] DEBUG Engine               - credits: []
11:06:58.922 [FXGL Background Thread 3 ] DEBUG Engine               - defaultCursor: CursorInfo(imageName=fxgl_default_cursor.png, hotspotX=7.0, hotspotY=6.0)
11:06:58.922 [FXGL Background Thread 3 ] DEBUG Engine               - devBBoxColorProperty: ObjectProperty [value: 0xff0000ff]
11:06:58.922 [FXGL Background Thread 3 ] DEBUG Engine               - devEnableDebugCameraProperty: BooleanProperty [value: false]
11:06:58.923 [FXGL Background Thread 3 ] DEBUG Engine               - devSensorColorProperty: ObjectProperty [value: 0xffff00ff]
11:06:58.923 [FXGL Background Thread 3 ] DEBUG Engine               - devShowBBoxProperty: BooleanProperty [value: false]
11:06:58.923 [FXGL Background Thread 3 ] DEBUG Engine               - devShowPositionProperty: BooleanProperty [value: false]
11:06:58.923 [FXGL Background Thread 3 ] DEBUG Engine               - enabledMenuItems: []
11:06:58.923 [FXGL Background Thread 3 ] DEBUG Engine               - engineServices: [class com.almasb.fxgl.app.services.FXGLAssetLoaderService, class com.almasb.fxgl.app.FXGLApplication$GameApplicationService, class com.almasb.fxgl.app.services.FXGLDialogService, class com.almasb.fxgl.app.services.IOTaskExecutorService, class com.almasb.fxgl.io.FileSystemService, class com.almasb.fxgl.localization.LocalizationService, class com.almasb.fxgl.app.services.SystemBundleService, class com.almasb.fxgl.profile.SaveLoadService, class com.almasb.fxgl.ui.FXGLUIFactoryServiceProvider, class com.almasb.fxgl.ui.FXGLDialogFactoryServiceProvider, class com.almasb.fxgl.audio.AudioPlayer, class com.almasb.fxgl.notification.impl.NotificationServiceProvider, class com.almasb.fxgl.achievement.AchievementService, class com.almasb.fxgl.cutscene.CutsceneService, class com.almasb.fxgl.minigames.MiniGameService, class com.almasb.fxgl.net.NetService, class com.almasb.fxgl.app.services.UpdaterService, class com.almasb.fxgl.dev.DevService]
11:06:58.923 [FXGL Background Thread 3 ] DEBUG Engine               - fontGame: Abel-Regular.ttf
11:06:58.923 [FXGL Background Thread 3 ] DEBUG Engine               - fontMono: TerminalLandMono-Regular.otf
11:06:58.923 [FXGL Background Thread 3 ] DEBUG Engine               - fontSizeScaleUI: 1.0
11:06:58.924 [FXGL Background Thread 3 ] DEBUG Engine               - fontText: Courier-Prime.ttf
11:06:58.924 [FXGL Background Thread 3 ] DEBUG Engine               - fontUI: VarelaRound-Regular.ttf
11:06:58.924 [FXGL Background Thread 3 ] DEBUG Engine               - fullScreen: BooleanProperty [value: false]
11:06:58.924 [FXGL Background Thread 3 ] DEBUG Engine               - gameDifficulty: MEDIUM
11:06:58.924 [FXGL Background Thread 3 ] DEBUG Engine               - gameDifficultyProperty: ObjectProperty [value: MEDIUM]
11:06:58.924 [FXGL Background Thread 3 ] DEBUG Engine               - globalMusicVolume: 0.5
11:06:58.924 [FXGL Background Thread 3 ] DEBUG Engine               - globalMusicVolumeProperty: DoubleProperty [value: 0.5]
11:06:58.924 [FXGL Background Thread 3 ] DEBUG Engine               - globalSoundVolume: 0.5
11:06:58.925 [FXGL Background Thread 3 ] DEBUG Engine               - globalSoundVolumeProperty: DoubleProperty [value: 0.5]
11:06:58.925 [FXGL Background Thread 3 ] DEBUG Engine               - height: 1088
11:06:58.925 [FXGL Background Thread 3 ] DEBUG Engine               - is3D: false
11:06:58.925 [FXGL Background Thread 3 ] DEBUG Engine               - isAndroid: false
11:06:58.925 [FXGL Background Thread 3 ] DEBUG Engine               - isBrowser: false
11:06:58.925 [FXGL Background Thread 3 ] DEBUG Engine               - isClickFeedbackEnabled: false
11:06:58.925 [FXGL Background Thread 3 ] DEBUG Engine               - isCloseConfirmation: false
11:06:58.925 [FXGL Background Thread 3 ] DEBUG Engine               - isDesktop: true
11:06:58.926 [FXGL Background Thread 3 ] DEBUG Engine               - isDeveloperMenuEnabled: false
11:06:58.926 [FXGL Background Thread 3 ] DEBUG Engine               - isEmbedded: false
11:06:58.926 [FXGL Background Thread 3 ] DEBUG Engine               - isEntityPreloadEnabled: true
11:06:58.926 [FXGL Background Thread 3 ] DEBUG Engine               - isExperimentalTiledLargeMap: false
11:06:58.926 [FXGL Background Thread 3 ] DEBUG Engine               - isFileSystemWriteAllowed: true
11:06:58.926 [FXGL Background Thread 3 ] DEBUG Engine               - isFullScreenAllowed: true
11:06:58.926 [FXGL Background Thread 3 ] DEBUG Engine               - isFullScreenFromStart: false
11:06:58.926 [FXGL Background Thread 3 ] DEBUG Engine               - isGameMenuEnabled: true
11:06:58.927 [FXGL Background Thread 3 ] DEBUG Engine               - isIOS: false
11:06:58.927 [FXGL Background Thread 3 ] DEBUG Engine               - isIntroEnabled: false
11:06:58.927 [FXGL Background Thread 3 ] DEBUG Engine               - isLinux: true
11:06:58.927 [FXGL Background Thread 3 ] DEBUG Engine               - isMac: false
11:06:58.927 [FXGL Background Thread 3 ] DEBUG Engine               - isMainMenuEnabled: false
11:06:58.927 [FXGL Background Thread 3 ] DEBUG Engine               - isManualResizeEnabled: true
11:06:58.927 [FXGL Background Thread 3 ] DEBUG Engine               - isMobile: false
11:06:58.927 [FXGL Background Thread 3 ] DEBUG Engine               - isNative: false
11:06:58.928 [FXGL Background Thread 3 ] DEBUG Engine               - isPauseMusicWhenMinimized: true
11:06:58.928 [FXGL Background Thread 3 ] DEBUG Engine               - isPreserveResizeRatio: false
11:06:58.928 [FXGL Background Thread 3 ] DEBUG Engine               - isProfilingEnabled: false
11:06:58.928 [FXGL Background Thread 3 ] DEBUG Engine               - isScaleAffectedOnResize: true
11:06:58.928 [FXGL Background Thread 3 ] DEBUG Engine               - isSingleStep: false
11:06:58.928 [FXGL Background Thread 3 ] DEBUG Engine               - isUserProfileEnabled: false
11:06:58.928 [FXGL Background Thread 3 ] DEBUG Engine               - isWindows: false
11:06:58.929 [FXGL Background Thread 3 ] DEBUG Engine               - language: ObjectProperty [value: ENGLISH]
11:06:58.929 [FXGL Background Thread 3 ] DEBUG Engine               - menuKey: ESCAPE
11:06:58.929 [FXGL Background Thread 3 ] DEBUG Engine               - mouseSensitivity: 0.2
11:06:58.929 [FXGL Background Thread 3 ] DEBUG Engine               - notificationViewClass: class com.almasb.fxgl.notification.view.XboxNotificationView
11:06:58.929 [FXGL Background Thread 3 ] DEBUG Engine               - pixelsPerMeter: 50.0
11:06:58.929 [FXGL Background Thread 3 ] DEBUG Engine               - platform: LINUX
11:06:58.930 [FXGL Background Thread 3 ] DEBUG Engine               - prefHeightProperty: ReadOnlyDoubleProperty [value: 1088.0]
11:06:58.930 [FXGL Background Thread 3 ] DEBUG Engine               - prefWidthProperty: ReadOnlyDoubleProperty [value: 1920.0]
11:06:58.930 [FXGL Background Thread 3 ] DEBUG Engine               - profileDir: profiles/
11:06:58.930 [FXGL Background Thread 3 ] DEBUG Engine               - profileName: StringProperty [value: DEFAULT]
11:06:58.931 [FXGL Background Thread 3 ] DEBUG Engine               - randomSeed: -1
11:06:58.931 [FXGL Background Thread 3 ] DEBUG Engine               - runtimeInfo: RuntimeInfo(platform=LINUX, version=17.3, build=30.03.2023 11.49)
11:06:58.931 [FXGL Background Thread 3 ] DEBUG Engine               - saveFileExt: sav
11:06:58.932 [FXGL Background Thread 3 ] DEBUG Engine               - scaledHeightProp$fxgl: DoubleProperty [bound, value: 1005.0]
11:06:58.932 [FXGL Background Thread 3 ] DEBUG Engine               - scaledWidthProp$fxgl: DoubleProperty [bound, value: 1920.0]
11:06:58.932 [FXGL Background Thread 3 ] DEBUG Engine               - sceneFactory: com.almasb.fxgl.app.scene.SceneFactory@5333560e
11:06:58.932 [FXGL Background Thread 3 ] DEBUG Engine               - secondsIn24h: 60
11:06:58.932 [FXGL Background Thread 3 ] DEBUG Engine               - soundMenuBack: menu/back.wav
11:06:58.932 [FXGL Background Thread 3 ] DEBUG Engine               - soundMenuPress: menu/press.wav
11:06:58.932 [FXGL Background Thread 3 ] DEBUG Engine               - soundMenuSelect: menu/select.wav
11:06:58.933 [FXGL Background Thread 3 ] DEBUG Engine               - soundNotification: core/notification.wav
11:06:58.933 [FXGL Background Thread 3 ] DEBUG Engine               - stageStyle: DECORATED
11:06:58.933 [FXGL Background Thread 3 ] DEBUG Engine               - supportedLanguages: [ENGLISH, FRENCH, GERMAN, HUNGARIAN, RUSSIAN]
11:06:58.933 [FXGL Background Thread 3 ] DEBUG Engine               - ticksPerSecond: -1
11:06:58.933 [FXGL Background Thread 3 ] DEBUG Engine               - title: Droid Rampage
11:06:58.933 [FXGL Background Thread 3 ] DEBUG Engine               - urlGithub: https://github.com/AlmasB/FXGL
11:06:58.933 [FXGL Background Thread 3 ] DEBUG Engine               - urlLeaderboard: http://fxgl-top.herokuapp.com/
11:06:58.934 [FXGL Background Thread 3 ] DEBUG Engine               - urlPOM: https://raw.githubusercontent.com/AlmasB/FXGL/release/README.md
11:06:58.934 [FXGL Background Thread 3 ] DEBUG Engine               - userAppClass: class at.htl.droidrampage.GameApp
11:06:58.934 [FXGL Background Thread 3 ] DEBUG Engine               - version: 1.0
11:06:58.934 [FXGL Background Thread 3 ] DEBUG Engine               - versionCheckDays: 7
11:06:58.934 [FXGL Background Thread 3 ] DEBUG Engine               - width: 1920
11:06:58.934 [FXGL Background Thread 3 ] DEBUG Engine               - Logging services
11:06:58.934 [FXGL Background Thread 3 ] DEBUG Engine               - class com.almasb.fxgl.app.services.FXGLAssetLoaderService
11:06:58.935 [FXGL Background Thread 3 ] DEBUG Engine               - class com.almasb.fxgl.app.FXGLApplication$GameApplicationService
11:06:58.935 [FXGL Background Thread 3 ] DEBUG Engine               - class com.almasb.fxgl.app.services.FXGLDialogService
11:06:58.935 [FXGL Background Thread 3 ] DEBUG Engine               - class com.almasb.fxgl.app.services.IOTaskExecutorService
11:06:58.935 [FXGL Background Thread 3 ] DEBUG Engine               - class com.almasb.fxgl.io.FileSystemService
11:06:58.935 [FXGL Background Thread 3 ] DEBUG Engine               - class com.almasb.fxgl.localization.LocalizationService
11:06:58.935 [FXGL Background Thread 3 ] DEBUG Engine               - class com.almasb.fxgl.app.services.SystemBundleService
11:06:58.935 [FXGL Background Thread 3 ] DEBUG Engine               - class com.almasb.fxgl.profile.SaveLoadService
11:06:58.935 [FXGL Background Thread 3 ] DEBUG Engine               - class com.almasb.fxgl.ui.FXGLUIFactoryServiceProvider
11:06:58.935 [FXGL Background Thread 3 ] DEBUG Engine               - class com.almasb.fxgl.ui.FXGLDialogFactoryServiceProvider
11:06:58.936 [FXGL Background Thread 3 ] DEBUG Engine               - class com.almasb.fxgl.audio.AudioPlayer
11:06:58.936 [FXGL Background Thread 3 ] DEBUG Engine               - class com.almasb.fxgl.notification.impl.NotificationServiceProvider
11:06:58.936 [FXGL Background Thread 3 ] DEBUG Engine               - class com.almasb.fxgl.achievement.AchievementService
11:06:58.936 [FXGL Background Thread 3 ] DEBUG Engine               - class com.almasb.fxgl.cutscene.CutsceneService
11:06:58.936 [FXGL Background Thread 3 ] DEBUG Engine               - class com.almasb.fxgl.minigames.MiniGameService
11:06:58.936 [FXGL Background Thread 3 ] DEBUG Engine               - class com.almasb.fxgl.net.NetService
11:06:58.936 [FXGL Background Thread 3 ] DEBUG Engine               - class com.almasb.fxgl.app.services.UpdaterService
11:06:58.936 [FXGL Background Thread 3 ] DEBUG Engine               - class com.almasb.fxgl.dev.DevService
11:07:25.479 [JavaFX Application Thread] WARN  TMXLevelLoader       - TiledMap generated from 1.8.2. Supported version: 1.9.0. Some features may not be parsed fully.
11:07:25.497 [JavaFX Application Thread] DEBUG TMXLevelLoader       - Parsed TiledMap: file:/home/franz/Documents/Schule/3-Klasse/POS/DroidRampage/target/classes/assets/levels/Tile2.tmx
11:07:25.497 [JavaFX Application Thread] DEBUG TMXLevelLoader       - Creating tile layer entities
11:07:25.498 [JavaFX Application Thread] DEBUG TilesetLoader        - Loading view for layer Tile Layer 1
11:07:25.505 [JavaFX Application Thread] DEBUG TilesetLoader        - Created buffer with size 1920.0x1088.0
11:07:25.582 [JavaFX Application Thread] DEBUG TMXLevelLoader       - Creating object layer entities
11:07:36.960 [JavaFX Application Thread] WARN  TMXLevelLoader       - TiledMap generated from 1.8.2. Supported version: 1.9.0. Some features may not be parsed fully.
11:07:36.976 [JavaFX Application Thread] DEBUG TMXLevelLoader       - Parsed TiledMap: file:/home/franz/Documents/Schule/3-Klasse/POS/DroidRampage/target/classes/assets/levels/Tile3.tmx
11:07:36.976 [JavaFX Application Thread] DEBUG TMXLevelLoader       - Creating tile layer entities
11:07:36.977 [JavaFX Application Thread] DEBUG TilesetLoader        - Loading view for layer Tile Layer 1
11:07:36.980 [JavaFX Application Thread] DEBUG TilesetLoader        - Created buffer with size 1920.0x1088.0
11:07:37.075 [JavaFX Application Thread] DEBUG TMXLevelLoader       - Creating object layer entities
11:07:45.731 [JavaFX Application Thread] WARN  TMXLevelLoader       - TiledMap generated from 1.8.2. Supported version: 1.9.0. Some features may not be parsed fully.
11:07:45.745 [JavaFX Application Thread] DEBUG TMXLevelLoader       - Parsed TiledMap: file:/home/franz/Documents/Schule/3-Klasse/POS/DroidRampage/target/classes/assets/levels/Tile2.tmx
11:07:45.745 [JavaFX Application Thread] DEBUG TMXLevelLoader       - Creating tile layer entities
11:07:45.746 [JavaFX Application Thread] DEBUG TilesetLoader        - Loading view for layer Tile Layer 1
11:07:45.747 [JavaFX Application Thread] DEBUG TilesetLoader        - Created buffer with size 1920.0x1088.0
11:07:45.836 [JavaFX Application Thread] DEBUG TMXLevelLoader       - Creating object layer entities
11:07:53.171 [JavaFX Application Thread] WARN  TMXLevelLoader       - TiledMap generated from 1.8.2. Supported version: 1.9.0. Some features may not be parsed fully.
11:07:53.188 [JavaFX Application Thread] DEBUG TMXLevelLoader       - Parsed TiledMap: file:/home/franz/Documents/Schule/3-Klasse/POS/DroidRampage/target/classes/assets/levels/Tile4.tmx
11:07:53.188 [JavaFX Application Thread] DEBUG TMXLevelLoader       - Creating tile layer entities
11:07:53.189 [JavaFX Application Thread] DEBUG TilesetLoader        - Loading view for layer Tile Layer 1
11:07:53.198 [JavaFX Application Thread] DEBUG TilesetLoader        - Created buffer with size 1920.0x1088.0
11:07:53.275 [JavaFX Application Thread] DEBUG TMXLevelLoader       - Creating object layer entities
11:07:59.709 [JavaFX Application Thread] WARN  TMXLevelLoader       - TiledMap generated from 1.8.2. Supported version: 1.9.0. Some features may not be parsed fully.
11:07:59.723 [JavaFX Application Thread] DEBUG TMXLevelLoader       - Parsed TiledMap: file:/home/franz/Documents/Schule/3-Klasse/POS/DroidRampage/target/classes/assets/levels/Tile3.tmx
11:07:59.723 [JavaFX Application Thread] DEBUG TMXLevelLoader       - Creating tile layer entities
11:07:59.723 [JavaFX Application Thread] DEBUG TilesetLoader        - Loading view for layer Tile Layer 1
11:07:59.730 [JavaFX Application Thread] DEBUG TilesetLoader        - Created buffer with size 1920.0x1088.0
11:07:59.807 [JavaFX Application Thread] DEBUG TMXLevelLoader       - Creating object layer entities
11:08:05.620 [JavaFX Application Thread] WARN  TMXLevelLoader       - TiledMap generated from 1.8.2. Supported version: 1.9.0. Some features may not be parsed fully.
11:08:05.635 [JavaFX Application Thread] DEBUG TMXLevelLoader       - Parsed TiledMap: file:/home/franz/Documents/Schule/3-Klasse/POS/DroidRampage/target/classes/assets/levels/Tile2.tmx
11:08:05.635 [JavaFX Application Thread] DEBUG TMXLevelLoader       - Creating tile layer entities
11:08:05.636 [JavaFX Application Thread] DEBUG TilesetLoader        - Loading view for layer Tile Layer 1
11:08:05.646 [JavaFX Application Thread] DEBUG TilesetLoader        - Created buffer with size 1920.0x1088.0
11:08:05.731 [JavaFX Application Thread] DEBUG TMXLevelLoader       - Creating object layer entities
11:08:11.896 [JavaFX Application Thread] DEBUG GameApplicationServi - Starting new game
11:08:11.897 [JavaFX Application Thread] DEBUG Input                - Clearing active input actions
11:08:11.910 [JavaFX Application Thread] DEBUG GameApplicationServi - Removing overlay from GameScene and adding to FXGLLoadingScene
11:08:11.910 [JavaFX Application Thread] DEBUG PrimaryStageWindow   - GameScene -> FXGLLoadingScene
11:08:11.910 [JavaFX Application Thread] DEBUG GameApplicationServi - Clearing previous game
11:08:11.910 [JavaFX Application Thread] DEBUG GameScene            - Clearing game scene
11:08:11.910 [JavaFX Application Thread] DEBUG GameWorld            - Clearing game world
11:08:11.916 [JavaFX Application Thread] DEBUG PhysicsWorld         - Clearing physics world
11:08:11.917 [FXGL Background Thread 5 ] DEBUG FXGLApplication      - Initializing game
11:08:11.920 [FXGL Background Thread 5 ] WARN  TMXLevelLoader       - TiledMap generated from 1.8.2. Supported version: 1.9.0. Some features may not be parsed fully.
11:08:11.926 [FXGL Background Thread 5 ] DEBUG TMXLevelLoader       - Parsed TiledMap: file:/home/franz/Documents/Schule/3-Klasse/POS/DroidRampage/target/classes/assets/levels/TileStart.tmx
11:08:11.926 [FXGL Background Thread 5 ] DEBUG TMXLevelLoader       - Creating tile layer entities
11:08:11.927 [FXGL Background Thread 5 ] DEBUG TilesetLoader        - Loading view for layer Kachelebene 1
11:08:11.935 [FXGL Background Thread 5 ] DEBUG TilesetLoader        - Created buffer with size 1920.0x1088.0
11:08:12.099 [FXGL Background Thread 5 ] DEBUG TMXLevelLoader       - Creating object layer entities
11:08:12.115 [FXGL Background Thread 5 ] DEBUG GameWorld            - Clearing removable entities
11:08:12.115 [FXGL Background Thread 5 ] DEBUG GameWorld            - Setting level: com.almasb.fxgl.entity.level.Level@6d7fb8e1
11:08:12.358 [FXGL Background Thread 5 ] INFO  FXGLApplication      - Game initialization took: 0.440 sec
11:08:12.365 [JavaFX Application Thread] DEBUG Input                - Clearing active input actions
11:08:12.383 [JavaFX Application Thread] DEBUG GameApplicationServi - Removing overlay from FXGLLoadingScene and adding to GameScene
11:08:12.384 [JavaFX Application Thread] DEBUG PrimaryStageWindow   - FXGLLoadingScene -> GameScene
11:08:12.387 [JavaFX Application Thread] WARN  TMXLevelLoader       - TiledMap generated from 1.8.2. Supported version: 1.9.0. Some features may not be parsed fully.
11:08:12.394 [JavaFX Application Thread] DEBUG TMXLevelLoader       - Parsed TiledMap: file:/home/franz/Documents/Schule/3-Klasse/POS/DroidRampage/target/classes/assets/levels/Tile1.tmx
11:08:12.395 [JavaFX Application Thread] DEBUG TMXLevelLoader       - Creating tile layer entities
11:08:12.395 [JavaFX Application Thread] DEBUG TilesetLoader        - Loading view for layer Kachelebene 1
11:08:12.404 [JavaFX Application Thread] DEBUG TilesetLoader        - Created buffer with size 1920.0x1088.0
11:08:12.478 [JavaFX Application Thread] DEBUG TMXLevelLoader       - Creating object layer entities
11:08:13.007 [JavaFX Application Thread] DEBUG PrimaryStageWindow   - Push state: FXGLDefaultMenu
11:08:13.017 [JavaFX Application Thread] DEBUG Input                - Clearing active input actions
11:08:13.027 [JavaFX Application Thread] DEBUG GameApplicationServi - Removing overlay from GameScene and adding to FXGLDefaultMenu
11:08:13.028 [JavaFX Application Thread] DEBUG PrimaryStageWindow   - GameScene -> FXGLDefaultMenu
11:08:21.897 [JavaFX Application Thread] DEBUG Menu                 - fireResume()
11:08:21.902 [JavaFX Application Thread] DEBUG PrimaryStageWindow   - Pop state: FXGLDefaultMenu
11:08:21.902 [JavaFX Application Thread] DEBUG Input                - Clearing active input actions
11:08:21.904 [JavaFX Application Thread] DEBUG GameApplicationServi - Removing overlay from FXGLDefaultMenu and adding to GameScene
11:08:21.904 [JavaFX Application Thread] DEBUG PrimaryStageWindow   - GameScene <- FXGLDefaultMenu
11:08:49.967 [JavaFX Application Thread] WARN  TMXLevelLoader       - TiledMap generated from 1.8.2. Supported version: 1.9.0. Some features may not be parsed fully.
11:08:49.973 [JavaFX Application Thread] DEBUG TMXLevelLoader       - Parsed TiledMap: file:/home/franz/Documents/Schule/3-Klasse/POS/DroidRampage/target/classes/assets/levels/Tile5.tmx
11:08:49.973 [JavaFX Application Thread] DEBUG TMXLevelLoader       - Creating tile layer entities
11:08:49.974 [JavaFX Application Thread] DEBUG TilesetLoader        - Loading view for layer Tile Layer 1
11:08:49.984 [JavaFX Application Thread] DEBUG TilesetLoader        - Created buffer with size 1920.0x1088.0
11:08:50.068 [JavaFX Application Thread] DEBUG TMXLevelLoader       - Creating object layer entities
11:09:01.449 [JavaFX Application Thread] WARN  TMXLevelLoader       - TiledMap generated from 1.8.2. Supported version: 1.9.0. Some features may not be parsed fully.
11:09:01.455 [JavaFX Application Thread] DEBUG TMXLevelLoader       - Parsed TiledMap: file:/home/franz/Documents/Schule/3-Klasse/POS/DroidRampage/target/classes/assets/levels/Tile4.tmx
11:09:01.456 [JavaFX Application Thread] DEBUG TMXLevelLoader       - Creating tile layer entities
11:09:01.456 [JavaFX Application Thread] DEBUG TilesetLoader        - Loading view for layer Tile Layer 1
11:09:01.459 [JavaFX Application Thread] DEBUG TilesetLoader        - Created buffer with size 1920.0x1088.0
11:09:01.540 [JavaFX Application Thread] DEBUG TMXLevelLoader       - Creating object layer entities
11:09:10.230 [JavaFX Application Thread] WARN  TMXLevelLoader       - TiledMap generated from 1.8.2. Supported version: 1.9.0. Some features may not be parsed fully.
11:09:10.234 [JavaFX Application Thread] DEBUG TMXLevelLoader       - Parsed TiledMap: file:/home/franz/Documents/Schule/3-Klasse/POS/DroidRampage/target/classes/assets/levels/Tile2.tmx
11:09:10.234 [JavaFX Application Thread] DEBUG TMXLevelLoader       - Creating tile layer entities
11:09:10.235 [JavaFX Application Thread] DEBUG TilesetLoader        - Loading view for layer Tile Layer 1
11:09:10.238 [JavaFX Application Thread] DEBUG TilesetLoader        - Created buffer with size 1920.0x1088.0
11:09:10.334 [JavaFX Application Thread] DEBUG TMXLevelLoader       - Creating object layer entities
11:09:17.644 [JavaFX Application Thread] WARN  TMXLevelLoader       - TiledMap generated from 1.8.2. Supported version: 1.9.0. Some features may not be parsed fully.
11:09:17.648 [JavaFX Application Thread] DEBUG TMXLevelLoader       - Parsed TiledMap: file:/home/franz/Documents/Schule/3-Klasse/POS/DroidRampage/target/classes/assets/levels/Tile4.tmx
11:09:17.648 [JavaFX Application Thread] DEBUG TMXLevelLoader       - Creating tile layer entities
11:09:17.648 [JavaFX Application Thread] DEBUG TilesetLoader        - Loading view for layer Tile Layer 1
11:09:17.650 [JavaFX Application Thread] DEBUG TilesetLoader        - Created buffer with size 1920.0x1088.0
11:09:17.744 [JavaFX Application Thread] DEBUG TMXLevelLoader       - Creating object layer entities
11:09:24.185 [JavaFX Application Thread] WARN  TMXLevelLoader       - TiledMap generated from 1.8.2. Supported version: 1.9.0. Some features may not be parsed fully.
11:09:24.190 [JavaFX Application Thread] DEBUG TMXLevelLoader       - Parsed TiledMap: file:/home/franz/Documents/Schule/3-Klasse/POS/DroidRampage/target/classes/assets/levels/Tile6.tmx
11:09:24.190 [JavaFX Application Thread] DEBUG TMXLevelLoader       - Creating tile layer entities
11:09:24.191 [JavaFX Application Thread] DEBUG TilesetLoader        - Loading view for layer Tile Layer 1
11:09:24.196 [JavaFX Application Thread] DEBUG TilesetLoader        - Created buffer with size 1920.0x1088.0
11:09:24.279 [JavaFX Application Thread] DEBUG TMXLevelLoader       - Creating object layer entities
11:09:30.084 [JavaFX Application Thread] WARN  TMXLevelLoader       - TiledMap generated from 1.8.2. Supported version: 1.9.0. Some features may not be parsed fully.
11:09:30.087 [JavaFX Application Thread] DEBUG TMXLevelLoader       - Parsed TiledMap: file:/home/franz/Documents/Schule/3-Klasse/POS/DroidRampage/target/classes/assets/levels/Tile4.tmx
11:09:30.087 [JavaFX Application Thread] DEBUG TMXLevelLoader       - Creating tile layer entities
11:09:30.087 [JavaFX Application Thread] DEBUG TilesetLoader        - Loading view for layer Tile Layer 1
11:09:30.099 [JavaFX Application Thread] DEBUG TilesetLoader        - Created buffer with size 1920.0x1088.0
11:09:30.181 [JavaFX Application Thread] DEBUG TMXLevelLoader       - Creating object layer entities
11:09:35.503 [JavaFX Application Thread] WARN  TMXLevelLoader       - TiledMap generated from 1.8.2. Supported version: 1.9.0. Some features may not be parsed fully.
11:09:35.507 [JavaFX Application Thread] DEBUG TMXLevelLoader       - Parsed TiledMap: file:/home/franz/Documents/Schule/3-Klasse/POS/DroidRampage/target/classes/assets/levels/Tile2.tmx
11:09:35.507 [JavaFX Application Thread] DEBUG TMXLevelLoader       - Creating tile layer entities
11:09:35.508 [JavaFX Application Thread] DEBUG TilesetLoader        - Loading view for layer Tile Layer 1
11:09:35.513 [JavaFX Application Thread] DEBUG TilesetLoader        - Created buffer with size 1920.0x1088.0
11:09:35.603 [JavaFX Application Thread] DEBUG TMXLevelLoader       - Creating object layer entities
11:09:40.556 [JavaFX Application Thread] WARN  TMXLevelLoader       - TiledMap generated from 1.8.2. Supported version: 1.9.0. Some features may not be parsed fully.
11:09:40.560 [JavaFX Application Thread] DEBUG TMXLevelLoader       - Parsed TiledMap: file:/home/franz/Documents/Schule/3-Klasse/POS/DroidRampage/target/classes/assets/levels/Tile5.tmx
11:09:40.561 [JavaFX Application Thread] DEBUG TMXLevelLoader       - Creating tile layer entities
11:09:40.561 [JavaFX Application Thread] DEBUG TilesetLoader        - Loading view for layer Tile Layer 1
11:09:40.572 [JavaFX Application Thread] DEBUG TilesetLoader        - Created buffer with size 1920.0x1088.0
11:09:40.676 [JavaFX Application Thread] DEBUG TMXLevelLoader       - Creating object layer entities
11:09:45.358 [JavaFX Application Thread] WARN  TMXLevelLoader       - TiledMap generated from 1.8.2. Supported version: 1.9.0. Some features may not be parsed fully.
11:09:45.361 [JavaFX Application Thread] DEBUG TMXLevelLoader       - Parsed TiledMap: file:/home/franz/Documents/Schule/3-Klasse/POS/DroidRampage/target/classes/assets/levels/Tile2.tmx
11:09:45.361 [JavaFX Application Thread] DEBUG TMXLevelLoader       - Creating tile layer entities
11:09:45.362 [JavaFX Application Thread] DEBUG TilesetLoader        - Loading view for layer Tile Layer 1
11:09:45.365 [JavaFX Application Thread] DEBUG TilesetLoader        - Created buffer with size 1920.0x1088.0
11:09:45.445 [JavaFX Application Thread] DEBUG TMXLevelLoader       - Creating object layer entities
11:09:50.146 [JavaFX Application Thread] WARN  TMXLevelLoader       - TiledMap generated from 1.8.2. Supported version: 1.9.0. Some features may not be parsed fully.
11:09:50.149 [JavaFX Application Thread] DEBUG TMXLevelLoader       - Parsed TiledMap: file:/home/franz/Documents/Schule/3-Klasse/POS/DroidRampage/target/classes/assets/levels/Tile3.tmx
11:09:50.149 [JavaFX Application Thread] DEBUG TMXLevelLoader       - Creating tile layer entities
11:09:50.150 [JavaFX Application Thread] DEBUG TilesetLoader        - Loading view for layer Tile Layer 1
11:09:50.151 [JavaFX Application Thread] DEBUG TilesetLoader        - Created buffer with size 1920.0x1088.0
11:09:50.240 [JavaFX Application Thread] DEBUG TMXLevelLoader       - Creating object layer entities
11:09:54.944 [JavaFX Application Thread] WARN  TMXLevelLoader       - TiledMap generated from 1.8.2. Supported version: 1.9.0. Some features may not be parsed fully.
11:09:54.946 [JavaFX Application Thread] DEBUG TMXLevelLoader       - Parsed TiledMap: file:/home/franz/Documents/Schule/3-Klasse/POS/DroidRampage/target/classes/assets/levels/Tile6.tmx
11:09:54.946 [JavaFX Application Thread] DEBUG TMXLevelLoader       - Creating tile layer entities
11:09:54.947 [JavaFX Application Thread] DEBUG TilesetLoader        - Loading view for layer Tile Layer 1
11:09:54.949 [JavaFX Application Thread] DEBUG TilesetLoader        - Created buffer with size 1920.0x1088.0
11:09:55.043 [JavaFX Application Thread] DEBUG TMXLevelLoader       - Creating object layer entities
11:09:59.742 [JavaFX Application Thread] WARN  TMXLevelLoader       - TiledMap generated from 1.8.2. Supported version: 1.9.0. Some features may not be parsed fully.
11:09:59.746 [JavaFX Application Thread] DEBUG TMXLevelLoader       - Parsed TiledMap: file:/home/franz/Documents/Schule/3-Klasse/POS/DroidRampage/target/classes/assets/levels/Tile3.tmx
11:09:59.746 [JavaFX Application Thread] DEBUG TMXLevelLoader       - Creating tile layer entities
11:09:59.746 [JavaFX Application Thread] DEBUG TilesetLoader        - Loading view for layer Tile Layer 1
11:09:59.749 [JavaFX Application Thread] DEBUG TilesetLoader        - Created buffer with size 1920.0x1088.0
11:09:59.838 [JavaFX Application Thread] DEBUG TMXLevelLoader       - Creating object layer entities
11:10:04.535 [JavaFX Application Thread] WARN  TMXLevelLoader       - TiledMap generated from 1.8.2. Supported version: 1.9.0. Some features may not be parsed fully.
11:10:04.540 [JavaFX Application Thread] DEBUG TMXLevelLoader       - Parsed TiledMap: file:/home/franz/Documents/Schule/3-Klasse/POS/DroidRampage/target/classes/assets/levels/Tile1.tmx
11:10:04.540 [JavaFX Application Thread] DEBUG TMXLevelLoader       - Creating tile layer entities
11:10:04.541 [JavaFX Application Thread] DEBUG TilesetLoader        - Loading view for layer Kachelebene 1
11:10:04.544 [JavaFX Application Thread] DEBUG TilesetLoader        - Created buffer with size 1920.0x1088.0
11:10:04.665 [JavaFX Application Thread] DEBUG TMXLevelLoader       - Creating object layer entities
11:10:09.335 [JavaFX Application Thread] WARN  TMXLevelLoader       - TiledMap generated from 1.8.2. Supported version: 1.9.0. Some features may not be parsed fully.
11:10:09.338 [JavaFX Application Thread] DEBUG TMXLevelLoader       - Parsed TiledMap: file:/home/franz/Documents/Schule/3-Klasse/POS/DroidRampage/target/classes/assets/levels/Tile5.tmx
11:10:09.338 [JavaFX Application Thread] DEBUG TMXLevelLoader       - Creating tile layer entities
11:10:09.339 [JavaFX Application Thread] DEBUG TilesetLoader        - Loading view for layer Tile Layer 1
11:10:09.341 [JavaFX Application Thread] DEBUG TilesetLoader        - Created buffer with size 1920.0x1088.0
11:10:09.424 [JavaFX Application Thread] DEBUG TMXLevelLoader       - Creating object layer entities
11:10:19.584 [JavaFX Application Thread] DEBUG GameApplicationServi - Starting new game
11:10:19.584 [JavaFX Application Thread] DEBUG Input                - Clearing active input actions
11:10:19.598 [JavaFX Application Thread] DEBUG GameApplicationServi - Removing overlay from GameScene and adding to FXGLLoadingScene
11:10:19.599 [JavaFX Application Thread] DEBUG PrimaryStageWindow   - GameScene -> FXGLLoadingScene
11:10:19.599 [JavaFX Application Thread] DEBUG GameApplicationServi - Clearing previous game
11:10:19.599 [JavaFX Application Thread] DEBUG GameScene            - Clearing game scene
11:10:19.599 [JavaFX Application Thread] DEBUG GameWorld            - Clearing game world
11:10:19.604 [JavaFX Application Thread] DEBUG PhysicsWorld         - Clearing physics world
11:10:19.606 [FXGL Background Thread 6 ] DEBUG FXGLApplication      - Initializing game
11:10:19.608 [FXGL Background Thread 6 ] WARN  TMXLevelLoader       - TiledMap generated from 1.8.2. Supported version: 1.9.0. Some features may not be parsed fully.
11:10:19.611 [FXGL Background Thread 6 ] DEBUG TMXLevelLoader       - Parsed TiledMap: file:/home/franz/Documents/Schule/3-Klasse/POS/DroidRampage/target/classes/assets/levels/TileStart.tmx
11:10:19.611 [FXGL Background Thread 6 ] DEBUG TMXLevelLoader       - Creating tile layer entities
11:10:19.612 [FXGL Background Thread 6 ] DEBUG TilesetLoader        - Loading view for layer Kachelebene 1
11:10:19.614 [FXGL Background Thread 6 ] DEBUG TilesetLoader        - Created buffer with size 1920.0x1088.0
11:10:19.762 [FXGL Background Thread 6 ] DEBUG TMXLevelLoader       - Creating object layer entities
11:10:19.767 [FXGL Background Thread 6 ] DEBUG GameWorld            - Clearing removable entities
11:10:19.768 [FXGL Background Thread 6 ] DEBUG GameWorld            - Setting level: com.almasb.fxgl.entity.level.Level@4d7df07c
11:10:19.962 [FXGL Background Thread 6 ] INFO  FXGLApplication      - Game initialization took: 0.356 sec
11:10:19.973 [JavaFX Application Thread] DEBUG Input                - Clearing active input actions
11:10:19.985 [JavaFX Application Thread] DEBUG GameApplicationServi - Removing overlay from FXGLLoadingScene and adding to GameScene
11:10:19.985 [JavaFX Application Thread] DEBUG PrimaryStageWindow   - FXGLLoadingScene -> GameScene
11:10:19.988 [JavaFX Application Thread] WARN  TMXLevelLoader       - TiledMap generated from 1.8.2. Supported version: 1.9.0. Some features may not be parsed fully.
11:10:19.990 [JavaFX Application Thread] DEBUG TMXLevelLoader       - Parsed TiledMap: file:/home/franz/Documents/Schule/3-Klasse/POS/DroidRampage/target/classes/assets/levels/Tile3.tmx
11:10:19.990 [JavaFX Application Thread] DEBUG TMXLevelLoader       - Creating tile layer entities
11:10:19.991 [JavaFX Application Thread] DEBUG TilesetLoader        - Loading view for layer Tile Layer 1
11:10:20.003 [JavaFX Application Thread] DEBUG TilesetLoader        - Created buffer with size 1920.0x1088.0
11:10:20.107 [JavaFX Application Thread] DEBUG TMXLevelLoader       - Creating object layer entities
11:10:20.787 [JavaFX Application Thread] DEBUG PrimaryStageWindow   - Push state: FXGLDefaultMenu
11:10:20.788 [JavaFX Application Thread] DEBUG Input                - Clearing active input actions
11:10:20.792 [JavaFX Application Thread] DEBUG GameApplicationServi - Removing overlay from GameScene and adding to FXGLDefaultMenu
11:10:20.792 [JavaFX Application Thread] DEBUG PrimaryStageWindow   - GameScene -> FXGLDefaultMenu
11:10:22.354 [JavaFX Application Thread] DEBUG Menu                 - fireExit()
11:10:22.361 [JavaFX Application Thread] DEBUG PrimaryStageWindow   - Push state: DialogSubScene
11:10:22.361 [JavaFX Application Thread] DEBUG Input                - Clearing active input actions
11:10:22.361 [JavaFX Application Thread] DEBUG GameApplicationServi - Removing overlay from FXGLDefaultMenu and adding to DialogSubScene
11:10:22.361 [JavaFX Application Thread] DEBUG PrimaryStageWindow   - FXGLDefaultMenu -> DialogSubScene
11:10:23.349 [JavaFX Application Thread] DEBUG PrimaryStageWindow   - Pop state: DialogSubScene
11:10:23.350 [JavaFX Application Thread] DEBUG Input                - Clearing active input actions
11:10:23.351 [JavaFX Application Thread] DEBUG GameApplicationServi - Removing overlay from DialogSubScene and adding to FXGLDefaultMenu
11:10:23.351 [JavaFX Application Thread] DEBUG PrimaryStageWindow   - FXGLDefaultMenu <- DialogSubScene
11:10:23.351 [JavaFX Application Thread] DEBUG FXGLApplication      - Exiting FXGL
11:10:23.351 [JavaFX Application Thread] DEBUG LoopRunner           - Stopping loop
11:10:23.351 [JavaFX Application Thread] DEBUG SystemBundleService  - Saving FXGL system data
11:10:23.353 [JavaFX Application Thread] DEBUG FileSystemAccess     - Writing to: /home/franz/Documents/Schule/3-Klasse/POS/DroidRampage/system/fxgl.bundle
11:10:23.354 [JavaFX Application Thread] DEBUG Async                - Shutting down background threads
11:10:23.355 [JavaFX Application Thread] DEBUG PrimaryStageWindow   - Closing main window
11:10:23.359 [JavaFX Application Thread] DEBUG Logger               - Closing Logger
