11:06:34.348 [main                     ] DEBUG Logger               - Configured Logger
11:06:34.418 [main                     ] DEBUG GameApplication      - Logging settings
Title: Droid Rampage
Version: 1.4
Width: 1920
Height: 1088
Fullscreen: true
Intro: false
Profiling: false
Single step:false
App Mode: DEVELOPER
Menu Key: ESCAPE
Stage Style: DECORATED
Scene Factory: class com.almasb.fxgl.app.scene.SceneFactory

11:06:36.299 [JavaFX Application Thread] DEBUG FXGLApplication      - Initializing FXGL
11:06:36.308 [JavaFX Application Thread] INFO  Engine               - FXGL-17.3 (30.03.2023 11.49) on LINUX (J:26 FX:21.0.6)
11:06:36.308 [JavaFX Application Thread] DEBUG Engine               - JRE Vendor Name: Oracle Corporation
11:06:36.309 [JavaFX Application Thread] DEBUG Engine               - Running on OS: Linux version 6.17.0-35-generic
11:06:36.309 [JavaFX Application Thread] DEBUG Engine               - Architecture: amd64
11:06:36.309 [JavaFX Application Thread] INFO  Engine               - Source code and latest versions at: https://github.com/AlmasB/FXGL
11:06:36.310 [JavaFX Application Thread] INFO  Engine               -       Ask questions and discuss at: https://github.com/AlmasB/FXGL/discussions
11:06:36.310 [JavaFX Application Thread] INFO  Engine               -              Join the FXGL chat at: https://gitter.im/AlmasB/FXGL
11:06:36.709 [JavaFX Application Thread] DEBUG PrimaryStageWindow   - Creating a JavaFX scene
11:06:36.710 [JavaFX Application Thread] DEBUG PrimaryStageWindow   - Target size > screen size
11:06:37.036 [JavaFX Application Thread] DEBUG PrimaryStageWindow   - Target settings size: 1920.0 x 1088.0
11:06:37.037 [JavaFX Application Thread] DEBUG PrimaryStageWindow   - Scaled scene size:    1880.0 x 1079.0
11:06:37.038 [JavaFX Application Thread] DEBUG PrimaryStageWindow   - Scaled ratio: (0.9791666666666666, 0.9917279411764706)
11:06:37.043 [JavaFX Application Thread] DEBUG PrimaryStageWindow   - Set initial scene to FXGLStartupScene
11:06:37.067 [JavaFX Application Thread] DEBUG PrimaryStageWindow   - Opening main window
11:06:37.254 [JavaFX Application Thread] DEBUG PrimaryStageWindow   - Window border size: (0.0, 35.0)
11:06:37.255 [JavaFX Application Thread] DEBUG PrimaryStageWindow   - Scaled size: 1880.0 x 1044.0
11:06:37.255 [JavaFX Application Thread] DEBUG PrimaryStageWindow   - Scaled ratio: (0.9791666666666666, 0.9595588235294118)
11:06:37.256 [JavaFX Application Thread] DEBUG PrimaryStageWindow   - Scene size: 1880.0 x 1079.0
11:06:37.256 [JavaFX Application Thread] DEBUG PrimaryStageWindow   - Stage size: 1880.0 x 1079.0
11:06:37.281 [FXGL Background Thread 1 ] DEBUG Engine               - Initializing environment variables
11:06:37.419 [FXGL Background Thread 1 ] DEBUG FXGLAssetLoaderServi - User app class for loading assets: class at.htl.droidrampage.GameApp
11:06:37.420 [FXGL Background Thread 1 ] DEBUG GameApplicationServi - Applying CSS: fxgl_dark.css
11:06:37.423 [FXGL Background Thread 1 ] DEBUG FXGLAssetLoaderServi - Loading from file system: jar:file:/home/franz/.m2/repository/com/github/almasb/fxgl/17.3/fxgl-17.3.jar!/fxglassets/ui/css/fxgl_dark.css
11:06:37.635 [FXGL Background Thread 1 ] DEBUG GameApplicationServi - Initializing application scenes
11:06:37.814 [FXGL Background Thread 1 ] DEBUG GameWorld            - Game world initialized
11:06:37.939 [FXGL Background Thread 1 ] DEBUG PhysicsWorld         - Physics world initialized: appHeight=1088, physics.ppm=50.0
11:06:37.939 [FXGL Background Thread 1 ] DEBUG PhysicsWorld         - Using strategy: BRUTE_FORCE
11:06:37.950 [FXGL Background Thread 1 ] DEBUG GameScene            - Game scene initialized: 1920x1088
11:06:37.977 [FXGL Background Thread 1 ] DEBUG FXGL.DefaultMenu     - createMenuBodyGameMenu()
11:06:38.013 [FXGL Background Thread 1 ] DEBUG FXGL.DefaultMenu     - createOptionsMenu()
11:06:38.055 [FXGL Background Thread 1 ] DEBUG FXGLAssetLoaderServi - Loading from file system: jar:file:/home/franz/.m2/repository/com/github/almasb/fxgl/17.3/fxgl-17.3.jar!/fxglassets/textures/particles/smoke.png
11:06:38.269 [FXGL Background Thread 1 ] DEBUG FXGLAssetLoaderServi - Loading from file system: jar:file:/home/franz/.m2/repository/com/github/almasb/fxgl/17.3/fxgl-17.3.jar!/fxglassets/textures/particles/trace_horizontal.png
11:06:38.317 [FXGL Background Thread 1 ] DEBUG GameApplicationServi - Application scenes initialized
11:06:38.337 [FXGL Background Thread 1 ] DEBUG SystemBundleService  - Loading FXGL system data
11:06:38.340 [FXGL Background Thread 1 ] DEBUG FileSystemAccess     - Reading from: /home/franz/Documents/Schule/3-Klasse/POS/DroidRampage/system/fxgl.bundle
11:06:38.346 [FXGL Background Thread 1 ] DEBUG SystemBundleService  - Bundle FXGL: {}
11:06:38.346 [FXGL Background Thread 1 ] DEBUG UpdaterService       - Checking for updates
11:06:38.360 [FXGL Background Thread 4 ] DEBUG FXGLApplication      - Loading fonts
11:06:38.361 [FXGL Background Thread 4 ] DEBUG FXGLAssetLoaderServi - Loading from file system: jar:file:/home/franz/.m2/repository/com/github/almasb/fxgl/17.3/fxgl-17.3.jar!/fxglassets/ui/fonts/VarelaRound-Regular.ttf
11:06:38.363 [FXGL Background Thread 1 ] DEBUG FXGLApplication      - Loading default localization
11:06:38.364 [FXGL Background Thread 1 ] DEBUG FXGLAssetLoaderServi - Loading from file system: jar:file:/home/franz/.m2/repository/com/github/almasb/fxgl/17.3/fxgl-17.3.jar!/fxglassets/languages/english.lang
11:06:38.378 [FXGL Background Thread 4 ] DEBUG FXGLAssetLoaderServi - Loading from file system: jar:file:/home/franz/.m2/repository/com/github/almasb/fxgl/17.3/fxgl-17.3.jar!/fxglassets/ui/fonts/Abel-Regular.ttf
11:06:38.384 [FXGL Background Thread 4 ] DEBUG FXGLAssetLoaderServi - Loading from file system: jar:file:/home/franz/.m2/repository/com/github/almasb/fxgl/17.3/fxgl-17.3.jar!/fxglassets/ui/fonts/TerminalLandMono-Regular.otf
11:06:38.391 [FXGL Background Thread 4 ] DEBUG FXGLAssetLoaderServi - Loading from file system: jar:file:/home/franz/.m2/repository/com/github/almasb/fxgl/17.3/fxgl-17.3.jar!/fxglassets/ui/fonts/Courier-Prime.ttf
11:06:38.405 [JavaFX Application Thread] DEBUG FXGLApplication      - Registering font factories with UI factory
11:06:38.414 [FXGL Background Thread 1 ] INFO  FXGLApplication      - FXGL initialization took: 1.133 sec
11:06:38.418 [JavaFX Application Thread] DEBUG FXGLAssetLoaderServi - Loading from file system: jar:file:/home/franz/.m2/repository/com/github/almasb/fxgl/17.3/fxgl-17.3.jar!/fxglassets/textures/fxgl_icon.png
11:06:38.503 [JavaFX Application Thread] DEBUG FXGLAssetLoaderServi - Loading from file system: jar:file:/home/franz/.m2/repository/com/github/almasb/fxgl/17.3/fxgl-17.3.jar!/fxglassets/textures/fxgl_default_cursor.png
11:06:38.541 [JavaFX Application Thread] DEBUG Input                - Registered new binding: Screenshot - CTRL+8
11:06:38.543 [JavaFX Application Thread] DEBUG Input                - Registered new binding: System info dump - CTRL+9
11:06:38.544 [JavaFX Application Thread] DEBUG Input                - Registered new binding: Restart - CTRL+R
11:06:38.547 [JavaFX Application Thread] DEBUG Input                - Registered new binding: Toggle Debug Camera - CTRL+7
11:06:38.556 [JavaFX Application Thread] DEBUG LoopRunner           - Starting loop
11:06:38.556 [JavaFX Application Thread] DEBUG LoopRunner           - Initializing JavaFX AnimationTimerLoop
11:06:38.560 [JavaFX Application Thread] DEBUG GameApplicationServi - Starting new game
11:06:38.562 [JavaFX Application Thread] DEBUG Input                - Clearing active input actions
11:06:38.600 [JavaFX Application Thread] DEBUG GameApplicationServi - Removing overlay from FXGLStartupScene and adding to FXGLLoadingScene
11:06:38.601 [JavaFX Application Thread] DEBUG PrimaryStageWindow   - FXGLStartupScene -> FXGLLoadingScene
11:06:38.601 [JavaFX Application Thread] DEBUG GameApplicationServi - Clearing previous game
11:06:38.602 [JavaFX Application Thread] DEBUG GameScene            - Clearing game scene
11:06:38.602 [JavaFX Application Thread] DEBUG GameWorld            - Clearing game world
11:06:38.602 [JavaFX Application Thread] DEBUG PhysicsWorld         - Clearing physics world
11:06:38.607 [FXGL Background Thread 1 ] DEBUG FXGLApplication      - Initializing game
11:06:38.728 [FXGL Background Thread 1 ] WARN  TMXLevelLoader       - TiledMap generated from 1.8.2. Supported version: 1.9.0. Some features may not be parsed fully.
11:06:38.785 [FXGL Background Thread 1 ] DEBUG TMXLevelLoader       - Parsed TiledMap: file:/home/franz/Documents/Schule/3-Klasse/POS/DroidRampage/target/classes/assets/levels/TileStart.tmx
11:06:38.788 [FXGL Background Thread 1 ] DEBUG TMXLevelLoader       - Creating tile layer entities
11:06:38.796 [FXGL Background Thread 1 ] DEBUG TilesetLoader        - Loading view for layer Kachelebene 1
11:06:38.801 [FXGL Background Thread 1 ] DEBUG TilesetLoader        - Created buffer with size 1920.0x1088.0
11:06:39.063 [FXGL Background Thread 1 ] DEBUG TMXLevelLoader       - Creating object layer entities
11:06:39.141 [FXGL Background Thread 1 ] DEBUG FXGLAssetLoaderServi - Loading from file system: file:/home/franz/Documents/Schule/3-Klasse/POS/DroidRampage/target/classes/assets/textures/credit2.png
11:06:39.325 [FXGL Background Thread 1 ] DEBUG FXGLAssetLoaderServi - Loading from file system: file:/home/franz/Documents/Schule/3-Klasse/POS/DroidRampage/target/classes/assets/textures/credit1.png
11:06:39.534 [FXGL Background Thread 1 ] DEBUG FXGLAssetLoaderServi - Loading from file system: file:/home/franz/Documents/Schule/3-Klasse/POS/DroidRampage/target/classes/assets/textures/credit3.png
11:06:39.721 [FXGL Background Thread 1 ] DEBUG GameWorld            - Clearing removable entities
11:06:39.723 [FXGL Background Thread 1 ] DEBUG GameWorld            - Setting level: com.almasb.fxgl.entity.level.Level@7818232d
11:06:39.874 [FXGL Background Thread 2 ] INFO  UpdaterService       - Your current version:  17.3
11:06:39.874 [FXGL Background Thread 2 ] INFO  UpdaterService       - Latest stable version: 25
11:06:40.268 [FXGL Background Thread 1 ] DEBUG FXGLAssetLoaderServi - Loading from file system: file:/home/franz/Documents/Schule/3-Klasse/POS/DroidRampage/target/classes/assets/textures/r2d2.png
11:06:40.285 [FXGL Background Thread 1 ] DEBUG Input                - Registered new binding: Move Right - D
11:06:40.287 [FXGL Background Thread 1 ] DEBUG Input                - Registered new binding: Move Left - A
11:06:40.287 [FXGL Background Thread 1 ] DEBUG Input                - Registered new binding: Jump - Space
11:06:40.288 [FXGL Background Thread 1 ] DEBUG Input                - Registered new binding: Jump (W) - W
11:06:40.289 [FXGL Background Thread 1 ] DEBUG Input                - Registered new binding: Toggle Cheat Mode - I
11:06:40.290 [FXGL Background Thread 1 ] DEBUG Input                - Registered new binding: Restart - R
11:06:40.298 [FXGL Background Thread 1 ] INFO  FXGLApplication      - Game initialization took: 1.691 sec
11:06:40.302 [JavaFX Application Thread] DEBUG Input                - Clearing active input actions
11:06:40.334 [JavaFX Application Thread] DEBUG GameApplicationServi - Removing overlay from FXGLLoadingScene and adding to GameScene
11:06:40.335 [JavaFX Application Thread] DEBUG PrimaryStageWindow   - FXGLLoadingScene -> GameScene
11:06:40.358 [JavaFX Application Thread] WARN  TMXLevelLoader       - TiledMap generated from 1.8.2. Supported version: 1.9.0. Some features may not be parsed fully.
11:06:40.384 [JavaFX Application Thread] DEBUG TMXLevelLoader       - Parsed TiledMap: file:/home/franz/Documents/Schule/3-Klasse/POS/DroidRampage/target/classes/assets/levels/Tile1.tmx
11:06:40.385 [JavaFX Application Thread] DEBUG TMXLevelLoader       - Creating tile layer entities
11:06:40.386 [JavaFX Application Thread] DEBUG TilesetLoader        - Loading view for layer Kachelebene 1
11:06:40.395 [JavaFX Application Thread] DEBUG TilesetLoader        - Created buffer with size 1920.0x1088.0
11:06:40.498 [JavaFX Application Thread] DEBUG TMXLevelLoader       - Creating object layer entities
11:06:41.355 [FXGL Background Thread 3 ] DEBUG Engine               - Logging environment variables
11:06:41.355 [FXGL Background Thread 3 ] DEBUG Engine               - achievements: []
11:06:41.356 [FXGL Background Thread 3 ] DEBUG Engine               - actualHeight: 1044.0
11:06:41.356 [FXGL Background Thread 3 ] DEBUG Engine               - actualHeightProperty: ReadOnlyDoubleProperty [value: 1005.0]
11:06:41.356 [FXGL Background Thread 3 ] DEBUG Engine               - actualWidth: 1880.0
11:06:41.356 [FXGL Background Thread 3 ] DEBUG Engine               - actualWidthProperty: ReadOnlyDoubleProperty [value: 1920.0]
11:06:41.356 [FXGL Background Thread 3 ] DEBUG Engine               - appIcon: fxgl_icon.png
11:06:41.356 [FXGL Background Thread 3 ] DEBUG Engine               - applicationMode: DEVELOPER
11:06:41.356 [FXGL Background Thread 3 ] DEBUG Engine               - cSSList: [fxgl_dark.css]
11:06:41.357 [FXGL Background Thread 3 ] DEBUG Engine               - collisionDetectionStrategy: BRUTE_FORCE
11:06:41.357 [FXGL Background Thread 3 ] DEBUG Engine               - configClass: Optional.empty
11:06:41.357 [FXGL Background Thread 3 ] DEBUG Engine               - credits: []
11:06:41.357 [FXGL Background Thread 3 ] DEBUG Engine               - defaultCursor: CursorInfo(imageName=fxgl_default_cursor.png, hotspotX=7.0, hotspotY=6.0)
11:06:41.357 [FXGL Background Thread 3 ] DEBUG Engine               - devBBoxColorProperty: ObjectProperty [value: 0xff0000ff]
11:06:41.358 [FXGL Background Thread 3 ] DEBUG Engine               - devEnableDebugCameraProperty: BooleanProperty [value: false]
11:06:41.358 [FXGL Background Thread 3 ] DEBUG Engine               - devSensorColorProperty: ObjectProperty [value: 0xffff00ff]
11:06:41.358 [FXGL Background Thread 3 ] DEBUG Engine               - devShowBBoxProperty: BooleanProperty [value: false]
11:06:41.358 [FXGL Background Thread 3 ] DEBUG Engine               - devShowPositionProperty: BooleanProperty [value: false]
11:06:41.358 [FXGL Background Thread 3 ] DEBUG Engine               - enabledMenuItems: []
11:06:41.358 [FXGL Background Thread 3 ] DEBUG Engine               - engineServices: [class com.almasb.fxgl.app.services.FXGLAssetLoaderService, class com.almasb.fxgl.app.FXGLApplication$GameApplicationService, class com.almasb.fxgl.app.services.FXGLDialogService, class com.almasb.fxgl.app.services.IOTaskExecutorService, class com.almasb.fxgl.io.FileSystemService, class com.almasb.fxgl.localization.LocalizationService, class com.almasb.fxgl.app.services.SystemBundleService, class com.almasb.fxgl.profile.SaveLoadService, class com.almasb.fxgl.ui.FXGLUIFactoryServiceProvider, class com.almasb.fxgl.ui.FXGLDialogFactoryServiceProvider, class com.almasb.fxgl.audio.AudioPlayer, class com.almasb.fxgl.notification.impl.NotificationServiceProvider, class com.almasb.fxgl.achievement.AchievementService, class com.almasb.fxgl.cutscene.CutsceneService, class com.almasb.fxgl.minigames.MiniGameService, class com.almasb.fxgl.net.NetService, class com.almasb.fxgl.app.services.UpdaterService, class com.almasb.fxgl.dev.DevService]
11:06:41.358 [FXGL Background Thread 3 ] DEBUG Engine               - fontGame: Abel-Regular.ttf
11:06:41.358 [FXGL Background Thread 3 ] DEBUG Engine               - fontMono: TerminalLandMono-Regular.otf
11:06:41.359 [FXGL Background Thread 3 ] DEBUG Engine               - fontSizeScaleUI: 1.0
11:06:41.359 [FXGL Background Thread 3 ] DEBUG Engine               - fontText: Courier-Prime.ttf
11:06:41.359 [FXGL Background Thread 3 ] DEBUG Engine               - fontUI: VarelaRound-Regular.ttf
11:06:41.359 [FXGL Background Thread 3 ] DEBUG Engine               - fullScreen: BooleanProperty [value: false]
11:06:41.359 [FXGL Background Thread 3 ] DEBUG Engine               - gameDifficulty: MEDIUM
11:06:41.359 [FXGL Background Thread 3 ] DEBUG Engine               - gameDifficultyProperty: ObjectProperty [value: MEDIUM]
11:06:41.359 [FXGL Background Thread 3 ] DEBUG Engine               - globalMusicVolume: 0.5
11:06:41.359 [FXGL Background Thread 3 ] DEBUG Engine               - globalMusicVolumeProperty: DoubleProperty [value: 0.5]
11:06:41.359 [FXGL Background Thread 3 ] DEBUG Engine               - globalSoundVolume: 0.5
11:06:41.360 [FXGL Background Thread 3 ] DEBUG Engine               - globalSoundVolumeProperty: DoubleProperty [value: 0.5]
11:06:41.360 [FXGL Background Thread 3 ] DEBUG Engine               - height: 1088
11:06:41.360 [FXGL Background Thread 3 ] DEBUG Engine               - is3D: false
11:06:41.360 [FXGL Background Thread 3 ] DEBUG Engine               - isAndroid: false
11:06:41.360 [FXGL Background Thread 3 ] DEBUG Engine               - isBrowser: false
11:06:41.360 [FXGL Background Thread 3 ] DEBUG Engine               - isClickFeedbackEnabled: false
11:06:41.360 [FXGL Background Thread 3 ] DEBUG Engine               - isCloseConfirmation: false
11:06:41.360 [FXGL Background Thread 3 ] DEBUG Engine               - isDesktop: true
11:06:41.360 [FXGL Background Thread 3 ] DEBUG Engine               - isDeveloperMenuEnabled: false
11:06:41.360 [FXGL Background Thread 3 ] DEBUG Engine               - isEmbedded: false
11:06:41.361 [FXGL Background Thread 3 ] DEBUG Engine               - isEntityPreloadEnabled: true
11:06:41.361 [FXGL Background Thread 3 ] DEBUG Engine               - isExperimentalTiledLargeMap: false
11:06:41.361 [FXGL Background Thread 3 ] DEBUG Engine               - isFileSystemWriteAllowed: true
11:06:41.361 [FXGL Background Thread 3 ] DEBUG Engine               - isFullScreenAllowed: true
11:06:41.361 [FXGL Background Thread 3 ] DEBUG Engine               - isFullScreenFromStart: false
11:06:41.361 [FXGL Background Thread 3 ] DEBUG Engine               - isGameMenuEnabled: true
11:06:41.361 [FXGL Background Thread 3 ] DEBUG Engine               - isIOS: false
11:06:41.361 [FXGL Background Thread 3 ] DEBUG Engine               - isIntroEnabled: false
11:06:41.361 [FXGL Background Thread 3 ] DEBUG Engine               - isLinux: true
11:06:41.361 [FXGL Background Thread 3 ] DEBUG Engine               - isMac: false
11:06:41.361 [FXGL Background Thread 3 ] DEBUG Engine               - isMainMenuEnabled: false
11:06:41.361 [FXGL Background Thread 3 ] DEBUG Engine               - isManualResizeEnabled: true
11:06:41.361 [FXGL Background Thread 3 ] DEBUG Engine               - isMobile: false
11:06:41.362 [FXGL Background Thread 3 ] DEBUG Engine               - isNative: false
11:06:41.362 [FXGL Background Thread 3 ] DEBUG Engine               - isPauseMusicWhenMinimized: true
11:06:41.362 [FXGL Background Thread 3 ] DEBUG Engine               - isPreserveResizeRatio: false
11:06:41.362 [FXGL Background Thread 3 ] DEBUG Engine               - isProfilingEnabled: false
11:06:41.362 [FXGL Background Thread 3 ] DEBUG Engine               - isScaleAffectedOnResize: true
11:06:41.362 [FXGL Background Thread 3 ] DEBUG Engine               - isSingleStep: false
11:06:41.362 [FXGL Background Thread 3 ] DEBUG Engine               - isUserProfileEnabled: false
11:06:41.362 [FXGL Background Thread 3 ] DEBUG Engine               - isWindows: false
11:06:41.362 [FXGL Background Thread 3 ] DEBUG Engine               - language: ObjectProperty [value: ENGLISH]
11:06:41.362 [FXGL Background Thread 3 ] DEBUG Engine               - menuKey: ESCAPE
11:06:41.362 [FXGL Background Thread 3 ] DEBUG Engine               - mouseSensitivity: 0.2
11:06:41.362 [FXGL Background Thread 3 ] DEBUG Engine               - notificationViewClass: class com.almasb.fxgl.notification.view.XboxNotificationView
11:06:41.363 [FXGL Background Thread 3 ] DEBUG Engine               - pixelsPerMeter: 50.0
11:06:41.363 [FXGL Background Thread 3 ] DEBUG Engine               - platform: LINUX
11:06:41.363 [FXGL Background Thread 3 ] DEBUG Engine               - prefHeightProperty: ReadOnlyDoubleProperty [value: 1088.0]
11:06:41.363 [FXGL Background Thread 3 ] DEBUG Engine               - prefWidthProperty: ReadOnlyDoubleProperty [value: 1920.0]
11:06:41.363 [FXGL Background Thread 3 ] DEBUG Engine               - profileDir: profiles/
11:06:41.363 [FXGL Background Thread 3 ] DEBUG Engine               - profileName: StringProperty [value: DEFAULT]
11:06:41.363 [FXGL Background Thread 3 ] DEBUG Engine               - randomSeed: -1
11:06:41.364 [FXGL Background Thread 3 ] DEBUG Engine               - runtimeInfo: RuntimeInfo(platform=LINUX, version=17.3, build=30.03.2023 11.49)
11:06:41.364 [FXGL Background Thread 3 ] DEBUG Engine               - saveFileExt: sav
11:06:41.364 [FXGL Background Thread 3 ] DEBUG Engine               - scaledHeightProp$fxgl: DoubleProperty [bound, value: 1005.0]
11:06:41.364 [FXGL Background Thread 3 ] DEBUG Engine               - scaledWidthProp$fxgl: DoubleProperty [bound, value: 1920.0]
11:06:41.364 [FXGL Background Thread 3 ] DEBUG Engine               - sceneFactory: com.almasb.fxgl.app.scene.SceneFactory@76202517
11:06:41.364 [FXGL Background Thread 3 ] DEBUG Engine               - secondsIn24h: 60
11:06:41.364 [FXGL Background Thread 3 ] DEBUG Engine               - soundMenuBack: menu/back.wav
11:06:41.364 [FXGL Background Thread 3 ] DEBUG Engine               - soundMenuPress: menu/press.wav
11:06:41.364 [FXGL Background Thread 3 ] DEBUG Engine               - soundMenuSelect: menu/select.wav
11:06:41.364 [FXGL Background Thread 3 ] DEBUG Engine               - soundNotification: core/notification.wav
11:06:41.364 [FXGL Background Thread 3 ] DEBUG Engine               - stageStyle: DECORATED
11:06:41.365 [FXGL Background Thread 3 ] DEBUG Engine               - supportedLanguages: [ENGLISH, FRENCH, GERMAN, HUNGARIAN, RUSSIAN]
11:06:41.365 [FXGL Background Thread 3 ] DEBUG Engine               - ticksPerSecond: -1
11:06:41.365 [FXGL Background Thread 3 ] DEBUG Engine               - title: Droid Rampage
11:06:41.365 [FXGL Background Thread 3 ] DEBUG Engine               - urlGithub: https://github.com/AlmasB/FXGL
11:06:41.365 [FXGL Background Thread 3 ] DEBUG Engine               - urlLeaderboard: http://fxgl-top.herokuapp.com/
11:06:41.365 [FXGL Background Thread 3 ] DEBUG Engine               - urlPOM: https://raw.githubusercontent.com/AlmasB/FXGL/release/README.md
11:06:41.365 [FXGL Background Thread 3 ] DEBUG Engine               - userAppClass: class at.htl.droidrampage.GameApp
11:06:41.365 [FXGL Background Thread 3 ] DEBUG Engine               - version: 1.4
11:06:41.365 [FXGL Background Thread 3 ] DEBUG Engine               - versionCheckDays: 7
11:06:41.365 [FXGL Background Thread 3 ] DEBUG Engine               - width: 1920
11:06:41.365 [FXGL Background Thread 3 ] DEBUG Engine               - Logging services
11:06:41.365 [FXGL Background Thread 3 ] DEBUG Engine               - class com.almasb.fxgl.app.services.FXGLAssetLoaderService
11:06:41.365 [FXGL Background Thread 3 ] DEBUG Engine               - class com.almasb.fxgl.app.FXGLApplication$GameApplicationService
11:06:41.365 [FXGL Background Thread 3 ] DEBUG Engine               - class com.almasb.fxgl.app.services.FXGLDialogService
11:06:41.366 [FXGL Background Thread 3 ] DEBUG Engine               - class com.almasb.fxgl.app.services.IOTaskExecutorService
11:06:41.366 [FXGL Background Thread 3 ] DEBUG Engine               - class com.almasb.fxgl.io.FileSystemService
11:06:41.366 [FXGL Background Thread 3 ] DEBUG Engine               - class com.almasb.fxgl.localization.LocalizationService
11:06:41.366 [FXGL Background Thread 3 ] DEBUG Engine               - class com.almasb.fxgl.app.services.SystemBundleService
11:06:41.366 [FXGL Background Thread 3 ] DEBUG Engine               - class com.almasb.fxgl.profile.SaveLoadService
11:06:41.366 [FXGL Background Thread 3 ] DEBUG Engine               - class com.almasb.fxgl.ui.FXGLUIFactoryServiceProvider
11:06:41.366 [FXGL Background Thread 3 ] DEBUG Engine               - class com.almasb.fxgl.ui.FXGLDialogFactoryServiceProvider
11:06:41.366 [FXGL Background Thread 3 ] DEBUG Engine               - class com.almasb.fxgl.audio.AudioPlayer
11:06:41.366 [FXGL Background Thread 3 ] DEBUG Engine               - class com.almasb.fxgl.notification.impl.NotificationServiceProvider
11:06:41.366 [FXGL Background Thread 3 ] DEBUG Engine               - class com.almasb.fxgl.achievement.AchievementService
11:06:41.366 [FXGL Background Thread 3 ] DEBUG Engine               - class com.almasb.fxgl.cutscene.CutsceneService
11:06:41.366 [FXGL Background Thread 3 ] DEBUG Engine               - class com.almasb.fxgl.minigames.MiniGameService
11:06:41.366 [FXGL Background Thread 3 ] DEBUG Engine               - class com.almasb.fxgl.net.NetService
11:06:41.366 [FXGL Background Thread 3 ] DEBUG Engine               - class com.almasb.fxgl.app.services.UpdaterService
11:06:41.366 [FXGL Background Thread 3 ] DEBUG Engine               - class com.almasb.fxgl.dev.DevService
11:07:27.643 [JavaFX Application Thread] WARN  TMXLevelLoader       - TiledMap generated from 1.8.2. Supported version: 1.9.0. Some features may not be parsed fully.
11:07:27.664 [JavaFX Application Thread] DEBUG TMXLevelLoader       - Parsed TiledMap: file:/home/franz/Documents/Schule/3-Klasse/POS/DroidRampage/target/classes/assets/levels/Tile5.tmx
11:07:27.664 [JavaFX Application Thread] DEBUG TMXLevelLoader       - Creating tile layer entities
11:07:27.666 [JavaFX Application Thread] DEBUG TilesetLoader        - Loading view for layer Tile Layer 1
11:07:27.669 [JavaFX Application Thread] DEBUG TilesetLoader        - Created buffer with size 1920.0x1088.0
11:07:27.781 [JavaFX Application Thread] DEBUG TMXLevelLoader       - Creating object layer entities
11:07:39.072 [JavaFX Application Thread] WARN  TMXLevelLoader       - TiledMap generated from 1.8.2. Supported version: 1.9.0. Some features may not be parsed fully.
11:07:39.095 [JavaFX Application Thread] DEBUG TMXLevelLoader       - Parsed TiledMap: file:/home/franz/Documents/Schule/3-Klasse/POS/DroidRampage/target/classes/assets/levels/Tile1.tmx
11:07:39.095 [JavaFX Application Thread] DEBUG TMXLevelLoader       - Creating tile layer entities
11:07:39.096 [JavaFX Application Thread] DEBUG TilesetLoader        - Loading view for layer Kachelebene 1
11:07:39.103 [JavaFX Application Thread] DEBUG TilesetLoader        - Created buffer with size 1920.0x1088.0
11:07:39.214 [JavaFX Application Thread] DEBUG TMXLevelLoader       - Creating object layer entities
11:07:45.157 [JavaFX Application Thread] DEBUG GameApplicationServi - Starting new game
11:07:45.157 [JavaFX Application Thread] DEBUG Input                - Clearing active input actions
11:07:45.168 [JavaFX Application Thread] DEBUG GameApplicationServi - Removing overlay from GameScene and adding to FXGLLoadingScene
11:07:45.169 [JavaFX Application Thread] DEBUG PrimaryStageWindow   - GameScene -> FXGLLoadingScene
11:07:45.169 [JavaFX Application Thread] DEBUG GameApplicationServi - Clearing previous game
11:07:45.169 [JavaFX Application Thread] DEBUG GameScene            - Clearing game scene
11:07:45.169 [JavaFX Application Thread] DEBUG GameWorld            - Clearing game world
11:07:45.174 [JavaFX Application Thread] DEBUG PhysicsWorld         - Clearing physics world
11:07:45.176 [FXGL Background Thread 5 ] DEBUG FXGLApplication      - Initializing game
11:07:45.179 [FXGL Background Thread 5 ] WARN  TMXLevelLoader       - TiledMap generated from 1.8.2. Supported version: 1.9.0. Some features may not be parsed fully.
11:07:45.196 [FXGL Background Thread 5 ] DEBUG TMXLevelLoader       - Parsed TiledMap: file:/home/franz/Documents/Schule/3-Klasse/POS/DroidRampage/target/classes/assets/levels/TileStart.tmx
11:07:45.197 [FXGL Background Thread 5 ] DEBUG TMXLevelLoader       - Creating tile layer entities
11:07:45.198 [FXGL Background Thread 5 ] DEBUG TilesetLoader        - Loading view for layer Kachelebene 1
11:07:45.210 [FXGL Background Thread 5 ] DEBUG TilesetLoader        - Created buffer with size 1920.0x1088.0
11:07:45.390 [FXGL Background Thread 5 ] DEBUG TMXLevelLoader       - Creating object layer entities
11:07:45.414 [FXGL Background Thread 5 ] DEBUG GameWorld            - Clearing removable entities
11:07:45.414 [FXGL Background Thread 5 ] DEBUG GameWorld            - Setting level: com.almasb.fxgl.entity.level.Level@6e13b607
11:07:45.690 [FXGL Background Thread 5 ] INFO  FXGLApplication      - Game initialization took: 0.514 sec
11:07:45.707 [JavaFX Application Thread] DEBUG Input                - Clearing active input actions
11:07:45.723 [JavaFX Application Thread] DEBUG GameApplicationServi - Removing overlay from FXGLLoadingScene and adding to GameScene
11:07:45.724 [JavaFX Application Thread] DEBUG PrimaryStageWindow   - FXGLLoadingScene -> GameScene
11:07:45.728 [JavaFX Application Thread] WARN  TMXLevelLoader       - TiledMap generated from 1.8.2. Supported version: 1.9.0. Some features may not be parsed fully.
11:07:45.744 [JavaFX Application Thread] DEBUG TMXLevelLoader       - Parsed TiledMap: file:/home/franz/Documents/Schule/3-Klasse/POS/DroidRampage/target/classes/assets/levels/Tile5.tmx
11:07:45.744 [JavaFX Application Thread] DEBUG TMXLevelLoader       - Creating tile layer entities
11:07:45.745 [JavaFX Application Thread] DEBUG TilesetLoader        - Loading view for layer Tile Layer 1
11:07:45.755 [JavaFX Application Thread] DEBUG TilesetLoader        - Created buffer with size 1920.0x1088.0
11:07:45.851 [JavaFX Application Thread] DEBUG TMXLevelLoader       - Creating object layer entities
11:08:50.549 [JavaFX Application Thread] WARN  TMXLevelLoader       - TiledMap generated from 1.8.2. Supported version: 1.9.0. Some features may not be parsed fully.
11:08:50.565 [JavaFX Application Thread] DEBUG TMXLevelLoader       - Parsed TiledMap: file:/home/franz/Documents/Schule/3-Klasse/POS/DroidRampage/target/classes/assets/levels/Tile6.tmx
11:08:50.565 [JavaFX Application Thread] DEBUG TMXLevelLoader       - Creating tile layer entities
11:08:50.566 [JavaFX Application Thread] DEBUG TilesetLoader        - Loading view for layer Tile Layer 1
11:08:50.575 [JavaFX Application Thread] DEBUG TilesetLoader        - Created buffer with size 1920.0x1088.0
11:08:50.678 [JavaFX Application Thread] DEBUG TMXLevelLoader       - Creating object layer entities
11:09:02.043 [JavaFX Application Thread] WARN  TMXLevelLoader       - TiledMap generated from 1.8.2. Supported version: 1.9.0. Some features may not be parsed fully.
11:09:02.061 [JavaFX Application Thread] DEBUG TMXLevelLoader       - Parsed TiledMap: file:/home/franz/Documents/Schule/3-Klasse/POS/DroidRampage/target/classes/assets/levels/Tile1.tmx
11:09:02.062 [JavaFX Application Thread] DEBUG TMXLevelLoader       - Creating tile layer entities
11:09:02.063 [JavaFX Application Thread] DEBUG TilesetLoader        - Loading view for layer Kachelebene 1
11:09:02.065 [JavaFX Application Thread] DEBUG TilesetLoader        - Created buffer with size 1920.0x1088.0
11:09:02.181 [JavaFX Application Thread] DEBUG TMXLevelLoader       - Creating object layer entities
11:09:10.816 [JavaFX Application Thread] WARN  TMXLevelLoader       - TiledMap generated from 1.8.2. Supported version: 1.9.0. Some features may not be parsed fully.
11:09:10.824 [JavaFX Application Thread] DEBUG TMXLevelLoader       - Parsed TiledMap: file:/home/franz/Documents/Schule/3-Klasse/POS/DroidRampage/target/classes/assets/levels/Tile5.tmx
11:09:10.825 [JavaFX Application Thread] DEBUG TMXLevelLoader       - Creating tile layer entities
11:09:10.825 [JavaFX Application Thread] DEBUG TilesetLoader        - Loading view for layer Tile Layer 1
11:09:10.837 [JavaFX Application Thread] DEBUG TilesetLoader        - Created buffer with size 1920.0x1088.0
11:09:10.941 [JavaFX Application Thread] DEBUG TMXLevelLoader       - Creating object layer entities
11:09:18.174 [JavaFX Application Thread] WARN  TMXLevelLoader       - TiledMap generated from 1.8.2. Supported version: 1.9.0. Some features may not be parsed fully.
11:09:18.181 [JavaFX Application Thread] DEBUG TMXLevelLoader       - Parsed TiledMap: file:/home/franz/Documents/Schule/3-Klasse/POS/DroidRampage/target/classes/assets/levels/Tile6.tmx
11:09:18.181 [JavaFX Application Thread] DEBUG TMXLevelLoader       - Creating tile layer entities
11:09:18.182 [JavaFX Application Thread] DEBUG TilesetLoader        - Loading view for layer Tile Layer 1
11:09:18.196 [JavaFX Application Thread] DEBUG TilesetLoader        - Created buffer with size 1920.0x1088.0
11:09:18.321 [JavaFX Application Thread] DEBUG TMXLevelLoader       - Creating object layer entities
11:09:24.748 [JavaFX Application Thread] WARN  TMXLevelLoader       - TiledMap generated from 1.8.2. Supported version: 1.9.0. Some features may not be parsed fully.
11:09:24.751 [JavaFX Application Thread] DEBUG TMXLevelLoader       - Parsed TiledMap: file:/home/franz/Documents/Schule/3-Klasse/POS/DroidRampage/target/classes/assets/levels/Tile3.tmx
11:09:24.752 [JavaFX Application Thread] DEBUG TMXLevelLoader       - Creating tile layer entities
11:09:24.752 [JavaFX Application Thread] DEBUG TilesetLoader        - Loading view for layer Tile Layer 1
11:09:24.763 [JavaFX Application Thread] DEBUG TilesetLoader        - Created buffer with size 1920.0x1088.0
11:09:24.873 [JavaFX Application Thread] WARN  TilesetLoader        - Diagonally flipped tiles are not currently supported
11:09:24.874 [JavaFX Application Thread] WARN  TilesetLoader        - Diagonally flipped tiles are not currently supported
11:09:24.874 [JavaFX Application Thread] WARN  TilesetLoader        - Diagonally flipped tiles are not currently supported
11:09:24.878 [JavaFX Application Thread] WARN  TMXLevelLoader       - Parse error
java.lang.IllegalArgumentException: Tileset for gid=7460 not found
	at com.almasb.fxgl.entity.level.tiled.TilesetLoader.findTileset(TilesetLoader.kt:413)
	at com.almasb.fxgl.entity.level.tiled.TilesetLoader.loadView(TilesetLoader.kt:116)
	at com.almasb.fxgl.entity.level.tiled.TMXLevelLoader$createTileLayerEntities$1.invoke(TMXLevelLoader.kt:100)
	at com.almasb.fxgl.entity.level.tiled.TMXLevelLoader$createTileLayerEntities$1.invoke(TMXLevelLoader.kt:89)
	at com.almasb.fxgl.entity.level.tiled.TMXLevelLoader.createTileLayerEntities$lambda$3(TMXLevelLoader.kt:89)
	at java.base/java.util.stream.ReferencePipeline$3$1.accept(ReferencePipeline.java:214)
	at java.base/java.util.ArrayList$ArrayListSpliterator.forEachRemaining(ArrayList.java:1724)
	at java.base/java.util.stream.AbstractPipeline.copyInto(AbstractPipeline.java:570)
	at java.base/java.util.stream.AbstractPipeline.wrapAndCopyInto(AbstractPipeline.java:560)
	at java.base/java.util.stream.ReduceOps$ReduceOp.evaluateSequential(ReduceOps.java:921)
	at java.base/java.util.stream.AbstractPipeline.evaluate(AbstractPipeline.java:265)
	at java.base/java.util.stream.ReferencePipeline.collect(ReferencePipeline.java:723)
	at com.almasb.fxgl.entity.level.tiled.TMXLevelLoader.createTileLayerEntities(TMXLevelLoader.kt:117)
	at com.almasb.fxgl.entity.level.tiled.TMXLevelLoader.load(TMXLevelLoader.kt:58)
	at com.almasb.fxgl.app.services.FXGLAssetLoaderService.loadLevel(FXGLAssetLoaderService.kt:430)
	at at.htl.droidrampage.GameApp.spawnTiles(GameApp.java:173)
	at at.htl.droidrampage.GameApp.onUpdate(GameApp.java:380)
	at com.almasb.fxgl.app.FXGLApplication$GameApplicationService.onGameUpdate(FXGLApplication.kt:421)
	at com.almasb.fxgl.app.Engine.onGameUpdate(Engine.kt:138)
	at com.almasb.fxgl.app.FXGLApplication.postServicesInit$lambda$7(FXGLApplication.kt:182)
	at com.almasb.fxgl.scene.Scene.update(Scene.kt:113)
	at com.almasb.fxgl.app.MainWindow$update$1.invoke(MainWindow.kt:115)
	at com.almasb.fxgl.app.MainWindow$update$1.invoke(MainWindow.kt:115)
	at com.almasb.fxgl.core.fsm.StateMachine.runOnActiveStates(StateMachine.kt:69)
	at com.almasb.fxgl.app.MainWindow.update(MainWindow.kt:115)
	at com.almasb.fxgl.app.FXGLApplication$GameApplicationService.onUpdate(FXGLApplication.kt:426)
	at com.almasb.fxgl.app.Engine.loop(Engine.kt:134)
	at com.almasb.fxgl.app.Engine.access$loop(Engine.kt:24)
	at com.almasb.fxgl.app.Engine$loop$1.invoke(Engine.kt:28)
	at com.almasb.fxgl.app.Engine$loop$1.invoke(Engine.kt:28)
	at com.almasb.fxgl.app.LoopRunner.frame(LoopRunner.kt:103)
	at com.almasb.fxgl.app.LoopRunner.access$frame(LoopRunner.kt:23)
	at com.almasb.fxgl.app.LoopRunner$impl$2$1.onTick(LoopRunner.kt:57)
	at com.almasb.fxgl.app.AnimationTimerLoop$timer$1.handle(LoopRunner.kt:137)
	at javafx.animation.AnimationTimer$AnimationTimerReceiver.lambda$handle$0(AnimationTimer.java:58)
	at java.base/java.security.AccessController.doPrivileged(AccessController.java:138)
	at javafx.animation.AnimationTimer$AnimationTimerReceiver.handle(AnimationTimer.java:57)
	at com.sun.scenario.animation.AbstractPrimaryTimer.timePulseImpl(AbstractPrimaryTimer.java:356)
	at com.sun.scenario.animation.AbstractPrimaryTimer$MainLoop.run(AbstractPrimaryTimer.java:266)
	at com.sun.javafx.tk.quantum.QuantumToolkit.pulse(QuantumToolkit.java:588)
	at com.sun.javafx.tk.quantum.QuantumToolkit.pulse(QuantumToolkit.java:572)
	at com.sun.javafx.tk.quantum.QuantumToolkit.pulseFromQueue(QuantumToolkit.java:565)
	at com.sun.javafx.tk.quantum.QuantumToolkit.lambda$runToolkit$11(QuantumToolkit.java:352)
	at com.sun.glass.ui.InvokeLaterDispatcher$Future.run(InvokeLaterDispatcher.java:95)
	at com.sun.glass.ui.gtk.GtkApplication._runLoop(Native Method)
	at com.sun.glass.ui.gtk.GtkApplication.lambda$runLoop$10(GtkApplication.java:263)
	at java.base/java.lang.Thread.run(Thread.java:1516)

11:09:24.882 [JavaFX Application Thread] WARN  TMXLevelLoader       - TiledMap generated from 1.8.2. Supported version: 1.9.0. Some features may not be parsed fully.
11:09:24.885 [JavaFX Application Thread] DEBUG TMXLevelLoader       - Parsed TiledMap: file:/home/franz/Documents/Schule/3-Klasse/POS/DroidRampage/target/classes/assets/levels/Tile5.tmx
11:09:24.885 [JavaFX Application Thread] DEBUG TMXLevelLoader       - Creating tile layer entities
11:09:24.885 [JavaFX Application Thread] DEBUG TilesetLoader        - Loading view for layer Tile Layer 1
11:09:24.892 [JavaFX Application Thread] DEBUG TilesetLoader        - Created buffer with size 1920.0x1088.0
11:09:25.016 [JavaFX Application Thread] DEBUG TMXLevelLoader       - Creating object layer entities
11:09:30.553 [JavaFX Application Thread] WARN  TMXLevelLoader       - TiledMap generated from 1.8.2. Supported version: 1.9.0. Some features may not be parsed fully.
11:09:30.561 [JavaFX Application Thread] DEBUG TMXLevelLoader       - Parsed TiledMap: file:/home/franz/Documents/Schule/3-Klasse/POS/DroidRampage/target/classes/assets/levels/Tile6.tmx
11:09:30.561 [JavaFX Application Thread] DEBUG TMXLevelLoader       - Creating tile layer entities
11:09:30.562 [JavaFX Application Thread] DEBUG TilesetLoader        - Loading view for layer Tile Layer 1
11:09:30.572 [JavaFX Application Thread] DEBUG TilesetLoader        - Created buffer with size 1920.0x1088.0
11:09:30.688 [JavaFX Application Thread] DEBUG TMXLevelLoader       - Creating object layer entities
11:09:35.997 [JavaFX Application Thread] WARN  TMXLevelLoader       - TiledMap generated from 1.8.2. Supported version: 1.9.0. Some features may not be parsed fully.
11:09:36.002 [JavaFX Application Thread] DEBUG TMXLevelLoader       - Parsed TiledMap: file:/home/franz/Documents/Schule/3-Klasse/POS/DroidRampage/target/classes/assets/levels/Tile3.tmx
11:09:36.002 [JavaFX Application Thread] DEBUG TMXLevelLoader       - Creating tile layer entities
11:09:36.003 [JavaFX Application Thread] DEBUG TilesetLoader        - Loading view for layer Tile Layer 1
11:09:36.013 [JavaFX Application Thread] DEBUG TilesetLoader        - Created buffer with size 1920.0x1088.0
11:09:36.134 [JavaFX Application Thread] WARN  TilesetLoader        - Diagonally flipped tiles are not currently supported
11:09:36.135 [JavaFX Application Thread] WARN  TilesetLoader        - Diagonally flipped tiles are not currently supported
11:09:36.135 [JavaFX Application Thread] WARN  TilesetLoader        - Diagonally flipped tiles are not currently supported
11:09:36.137 [JavaFX Application Thread] WARN  TMXLevelLoader       - Parse error
java.lang.IllegalArgumentException: Tileset for gid=7460 not found
	at com.almasb.fxgl.entity.level.tiled.TilesetLoader.findTileset(TilesetLoader.kt:413)
	at com.almasb.fxgl.entity.level.tiled.TilesetLoader.loadView(TilesetLoader.kt:116)
	at com.almasb.fxgl.entity.level.tiled.TMXLevelLoader$createTileLayerEntities$1.invoke(TMXLevelLoader.kt:100)
	at com.almasb.fxgl.entity.level.tiled.TMXLevelLoader$createTileLayerEntities$1.invoke(TMXLevelLoader.kt:89)
	at com.almasb.fxgl.entity.level.tiled.TMXLevelLoader.createTileLayerEntities$lambda$3(TMXLevelLoader.kt:89)
	at java.base/java.util.stream.ReferencePipeline$3$1.accept(ReferencePipeline.java:214)
	at java.base/java.util.ArrayList$ArrayListSpliterator.forEachRemaining(ArrayList.java:1724)
	at java.base/java.util.stream.AbstractPipeline.copyInto(AbstractPipeline.java:570)
	at java.base/java.util.stream.AbstractPipeline.wrapAndCopyInto(AbstractPipeline.java:560)
	at java.base/java.util.stream.ReduceOps$ReduceOp.evaluateSequential(ReduceOps.java:921)
	at java.base/java.util.stream.AbstractPipeline.evaluate(AbstractPipeline.java:265)
	at java.base/java.util.stream.ReferencePipeline.collect(ReferencePipeline.java:723)
	at com.almasb.fxgl.entity.level.tiled.TMXLevelLoader.createTileLayerEntities(TMXLevelLoader.kt:117)
	at com.almasb.fxgl.entity.level.tiled.TMXLevelLoader.load(TMXLevelLoader.kt:58)
	at com.almasb.fxgl.app.services.FXGLAssetLoaderService.loadLevel(FXGLAssetLoaderService.kt:430)
	at at.htl.droidrampage.GameApp.spawnTiles(GameApp.java:173)
	at at.htl.droidrampage.GameApp.onUpdate(GameApp.java:380)
	at com.almasb.fxgl.app.FXGLApplication$GameApplicationService.onGameUpdate(FXGLApplication.kt:421)
	at com.almasb.fxgl.app.Engine.onGameUpdate(Engine.kt:138)
	at com.almasb.fxgl.app.FXGLApplication.postServicesInit$lambda$7(FXGLApplication.kt:182)
	at com.almasb.fxgl.scene.Scene.update(Scene.kt:113)
	at com.almasb.fxgl.app.MainWindow$update$1.invoke(MainWindow.kt:115)
	at com.almasb.fxgl.app.MainWindow$update$1.invoke(MainWindow.kt:115)
	at com.almasb.fxgl.core.fsm.StateMachine.runOnActiveStates(StateMachine.kt:69)
	at com.almasb.fxgl.app.MainWindow.update(MainWindow.kt:115)
	at com.almasb.fxgl.app.FXGLApplication$GameApplicationService.onUpdate(FXGLApplication.kt:426)
	at com.almasb.fxgl.app.Engine.loop(Engine.kt:134)
	at com.almasb.fxgl.app.Engine.access$loop(Engine.kt:24)
	at com.almasb.fxgl.app.Engine$loop$1.invoke(Engine.kt:28)
	at com.almasb.fxgl.app.Engine$loop$1.invoke(Engine.kt:28)
	at com.almasb.fxgl.app.LoopRunner.frame(LoopRunner.kt:103)
	at com.almasb.fxgl.app.LoopRunner.access$frame(LoopRunner.kt:23)
	at com.almasb.fxgl.app.LoopRunner$impl$2$1.onTick(LoopRunner.kt:57)
	at com.almasb.fxgl.app.AnimationTimerLoop$timer$1.handle(LoopRunner.kt:137)
	at javafx.animation.AnimationTimer$AnimationTimerReceiver.lambda$handle$0(AnimationTimer.java:58)
	at java.base/java.security.AccessController.doPrivileged(AccessController.java:138)
	at javafx.animation.AnimationTimer$AnimationTimerReceiver.handle(AnimationTimer.java:57)
	at com.sun.scenario.animation.AbstractPrimaryTimer.timePulseImpl(AbstractPrimaryTimer.java:356)
	at com.sun.scenario.animation.AbstractPrimaryTimer$MainLoop.run(AbstractPrimaryTimer.java:266)
	at com.sun.javafx.tk.quantum.QuantumToolkit.pulse(QuantumToolkit.java:588)
	at com.sun.javafx.tk.quantum.QuantumToolkit.pulse(QuantumToolkit.java:572)
	at com.sun.javafx.tk.quantum.QuantumToolkit.pulseFromQueue(QuantumToolkit.java:565)
	at com.sun.javafx.tk.quantum.QuantumToolkit.lambda$runToolkit$11(QuantumToolkit.java:352)
	at com.sun.glass.ui.InvokeLaterDispatcher$Future.run(InvokeLaterDispatcher.java:95)
	at com.sun.glass.ui.gtk.GtkApplication._runLoop(Native Method)
	at com.sun.glass.ui.gtk.GtkApplication.lambda$runLoop$10(GtkApplication.java:263)
	at java.base/java.lang.Thread.run(Thread.java:1516)

11:09:36.140 [JavaFX Application Thread] WARN  TMXLevelLoader       - TiledMap generated from 1.8.2. Supported version: 1.9.0. Some features may not be parsed fully.
11:09:36.143 [JavaFX Application Thread] DEBUG TMXLevelLoader       - Parsed TiledMap: file:/home/franz/Documents/Schule/3-Klasse/POS/DroidRampage/target/classes/assets/levels/TileStart.tmx
11:09:36.143 [JavaFX Application Thread] DEBUG TMXLevelLoader       - Creating tile layer entities
11:09:36.143 [JavaFX Application Thread] DEBUG TilesetLoader        - Loading view for layer Kachelebene 1
11:09:36.151 [JavaFX Application Thread] DEBUG TilesetLoader        - Created buffer with size 1920.0x1088.0
11:09:36.281 [JavaFX Application Thread] DEBUG TMXLevelLoader       - Creating object layer entities
11:09:40.874 [JavaFX Application Thread] WARN  TMXLevelLoader       - TiledMap generated from 1.8.2. Supported version: 1.9.0. Some features may not be parsed fully.
11:09:40.879 [JavaFX Application Thread] DEBUG TMXLevelLoader       - Parsed TiledMap: file:/home/franz/Documents/Schule/3-Klasse/POS/DroidRampage/target/classes/assets/levels/Tile5.tmx
11:09:40.879 [JavaFX Application Thread] DEBUG TMXLevelLoader       - Creating tile layer entities
11:09:40.880 [JavaFX Application Thread] DEBUG TilesetLoader        - Loading view for layer Tile Layer 1
11:09:40.893 [JavaFX Application Thread] DEBUG TilesetLoader        - Created buffer with size 1920.0x1088.0
11:09:40.997 [JavaFX Application Thread] DEBUG TMXLevelLoader       - Creating object layer entities
11:09:45.677 [JavaFX Application Thread] WARN  TMXLevelLoader       - TiledMap generated from 1.8.2. Supported version: 1.9.0. Some features may not be parsed fully.
11:09:45.682 [JavaFX Application Thread] DEBUG TMXLevelLoader       - Parsed TiledMap: file:/home/franz/Documents/Schule/3-Klasse/POS/DroidRampage/target/classes/assets/levels/TileStart.tmx
11:09:45.683 [JavaFX Application Thread] DEBUG TMXLevelLoader       - Creating tile layer entities
11:09:45.684 [JavaFX Application Thread] DEBUG TilesetLoader        - Loading view for layer Kachelebene 1
11:09:45.697 [JavaFX Application Thread] DEBUG TilesetLoader        - Created buffer with size 1920.0x1088.0
11:09:45.805 [JavaFX Application Thread] DEBUG TMXLevelLoader       - Creating object layer entities
11:09:50.533 [JavaFX Application Thread] WARN  TMXLevelLoader       - TiledMap generated from 1.8.2. Supported version: 1.9.0. Some features may not be parsed fully.
11:09:50.537 [JavaFX Application Thread] DEBUG TMXLevelLoader       - Parsed TiledMap: file:/home/franz/Documents/Schule/3-Klasse/POS/DroidRampage/target/classes/assets/levels/Tile2.tmx
11:09:50.537 [JavaFX Application Thread] DEBUG TMXLevelLoader       - Creating tile layer entities
11:09:50.538 [JavaFX Application Thread] DEBUG TilesetLoader        - Loading view for layer Tile Layer 1
11:09:50.544 [JavaFX Application Thread] DEBUG TilesetLoader        - Created buffer with size 1920.0x1088.0
11:09:50.651 [JavaFX Application Thread] DEBUG TMXLevelLoader       - Creating object layer entities
11:09:55.306 [JavaFX Application Thread] WARN  TMXLevelLoader       - TiledMap generated from 1.8.2. Supported version: 1.9.0. Some features may not be parsed fully.
11:09:55.309 [JavaFX Application Thread] DEBUG TMXLevelLoader       - Parsed TiledMap: file:/home/franz/Documents/Schule/3-Klasse/POS/DroidRampage/target/classes/assets/levels/Tile3.tmx
11:09:55.309 [JavaFX Application Thread] DEBUG TMXLevelLoader       - Creating tile layer entities
11:09:55.309 [JavaFX Application Thread] DEBUG TilesetLoader        - Loading view for layer Tile Layer 1
11:09:55.311 [JavaFX Application Thread] DEBUG TilesetLoader        - Created buffer with size 1920.0x1088.0
11:09:55.417 [JavaFX Application Thread] WARN  TilesetLoader        - Diagonally flipped tiles are not currently supported
11:09:55.418 [JavaFX Application Thread] WARN  TilesetLoader        - Diagonally flipped tiles are not currently supported
11:09:55.418 [JavaFX Application Thread] WARN  TilesetLoader        - Diagonally flipped tiles are not currently supported
11:09:55.419 [JavaFX Application Thread] WARN  TMXLevelLoader       - Parse error
java.lang.IllegalArgumentException: Tileset for gid=7460 not found
	at com.almasb.fxgl.entity.level.tiled.TilesetLoader.findTileset(TilesetLoader.kt:413)
	at com.almasb.fxgl.entity.level.tiled.TilesetLoader.loadView(TilesetLoader.kt:116)
	at com.almasb.fxgl.entity.level.tiled.TMXLevelLoader$createTileLayerEntities$1.invoke(TMXLevelLoader.kt:100)
	at com.almasb.fxgl.entity.level.tiled.TMXLevelLoader$createTileLayerEntities$1.invoke(TMXLevelLoader.kt:89)
	at com.almasb.fxgl.entity.level.tiled.TMXLevelLoader.createTileLayerEntities$lambda$3(TMXLevelLoader.kt:89)
	at java.base/java.util.stream.ReferencePipeline$3$1.accept(ReferencePipeline.java:214)
	at java.base/java.util.ArrayList$ArrayListSpliterator.forEachRemaining(ArrayList.java:1724)
	at java.base/java.util.stream.AbstractPipeline.copyInto(AbstractPipeline.java:570)
	at java.base/java.util.stream.AbstractPipeline.wrapAndCopyInto(AbstractPipeline.java:560)
	at java.base/java.util.stream.ReduceOps$ReduceOp.evaluateSequential(ReduceOps.java:921)
	at java.base/java.util.stream.AbstractPipeline.evaluate(AbstractPipeline.java:265)
	at java.base/java.util.stream.ReferencePipeline.collect(ReferencePipeline.java:723)
	at com.almasb.fxgl.entity.level.tiled.TMXLevelLoader.createTileLayerEntities(TMXLevelLoader.kt:117)
	at com.almasb.fxgl.entity.level.tiled.TMXLevelLoader.load(TMXLevelLoader.kt:58)
	at com.almasb.fxgl.app.services.FXGLAssetLoaderService.loadLevel(FXGLAssetLoaderService.kt:430)
	at at.htl.droidrampage.GameApp.spawnTiles(GameApp.java:173)
	at at.htl.droidrampage.GameApp.onUpdate(GameApp.java:380)
	at com.almasb.fxgl.app.FXGLApplication$GameApplicationService.onGameUpdate(FXGLApplication.kt:421)
	at com.almasb.fxgl.app.Engine.onGameUpdate(Engine.kt:138)
	at com.almasb.fxgl.app.FXGLApplication.postServicesInit$lambda$7(FXGLApplication.kt:182)
	at com.almasb.fxgl.scene.Scene.update(Scene.kt:113)
	at com.almasb.fxgl.app.MainWindow$update$1.invoke(MainWindow.kt:115)
	at com.almasb.fxgl.app.MainWindow$update$1.invoke(MainWindow.kt:115)
	at com.almasb.fxgl.core.fsm.StateMachine.runOnActiveStates(StateMachine.kt:69)
	at com.almasb.fxgl.app.MainWindow.update(MainWindow.kt:115)
	at com.almasb.fxgl.app.FXGLApplication$GameApplicationService.onUpdate(FXGLApplication.kt:426)
	at com.almasb.fxgl.app.Engine.loop(Engine.kt:134)
	at com.almasb.fxgl.app.Engine.access$loop(Engine.kt:24)
	at com.almasb.fxgl.app.Engine$loop$1.invoke(Engine.kt:28)
	at com.almasb.fxgl.app.Engine$loop$1.invoke(Engine.kt:28)
	at com.almasb.fxgl.app.LoopRunner.frame(LoopRunner.kt:103)
	at com.almasb.fxgl.app.LoopRunner.access$frame(LoopRunner.kt:23)
	at com.almasb.fxgl.app.LoopRunner$impl$2$1.onTick(LoopRunner.kt:57)
	at com.almasb.fxgl.app.AnimationTimerLoop$timer$1.handle(LoopRunner.kt:137)
	at javafx.animation.AnimationTimer$AnimationTimerReceiver.lambda$handle$0(AnimationTimer.java:58)
	at java.base/java.security.AccessController.doPrivileged(AccessController.java:138)
	at javafx.animation.AnimationTimer$AnimationTimerReceiver.handle(AnimationTimer.java:57)
	at com.sun.scenario.animation.AbstractPrimaryTimer.timePulseImpl(AbstractPrimaryTimer.java:356)
	at com.sun.scenario.animation.AbstractPrimaryTimer$MainLoop.run(AbstractPrimaryTimer.java:266)
	at com.sun.javafx.tk.quantum.QuantumToolkit.pulse(QuantumToolkit.java:588)
	at com.sun.javafx.tk.quantum.QuantumToolkit.pulse(QuantumToolkit.java:572)
	at com.sun.javafx.tk.quantum.QuantumToolkit.pulseFromQueue(QuantumToolkit.java:565)
	at com.sun.javafx.tk.quantum.QuantumToolkit.lambda$runToolkit$11(QuantumToolkit.java:352)
	at com.sun.glass.ui.InvokeLaterDispatcher$Future.run(InvokeLaterDispatcher.java:95)
	at com.sun.glass.ui.gtk.GtkApplication._runLoop(Native Method)
	at com.sun.glass.ui.gtk.GtkApplication.lambda$runLoop$10(GtkApplication.java:263)
	at java.base/java.lang.Thread.run(Thread.java:1516)

11:09:55.422 [JavaFX Application Thread] WARN  TMXLevelLoader       - TiledMap generated from 1.8.2. Supported version: 1.9.0. Some features may not be parsed fully.
11:09:55.424 [JavaFX Application Thread] DEBUG TMXLevelLoader       - Parsed TiledMap: file:/home/franz/Documents/Schule/3-Klasse/POS/DroidRampage/target/classes/assets/levels/Tile3.tmx
11:09:55.424 [JavaFX Application Thread] DEBUG TMXLevelLoader       - Creating tile layer entities
11:09:55.425 [JavaFX Application Thread] DEBUG TilesetLoader        - Loading view for layer Tile Layer 1
11:09:55.428 [JavaFX Application Thread] DEBUG TilesetLoader        - Created buffer with size 1920.0x1088.0
11:09:55.513 [JavaFX Application Thread] WARN  TilesetLoader        - Diagonally flipped tiles are not currently supported
11:09:55.514 [JavaFX Application Thread] WARN  TilesetLoader        - Diagonally flipped tiles are not currently supported
11:09:55.514 [JavaFX Application Thread] WARN  TilesetLoader        - Diagonally flipped tiles are not currently supported
11:09:55.516 [JavaFX Application Thread] WARN  TMXLevelLoader       - Parse error
java.lang.IllegalArgumentException: Tileset for gid=7460 not found
	at com.almasb.fxgl.entity.level.tiled.TilesetLoader.findTileset(TilesetLoader.kt:413)
	at com.almasb.fxgl.entity.level.tiled.TilesetLoader.loadView(TilesetLoader.kt:116)
	at com.almasb.fxgl.entity.level.tiled.TMXLevelLoader$createTileLayerEntities$1.invoke(TMXLevelLoader.kt:100)
	at com.almasb.fxgl.entity.level.tiled.TMXLevelLoader$createTileLayerEntities$1.invoke(TMXLevelLoader.kt:89)
	at com.almasb.fxgl.entity.level.tiled.TMXLevelLoader.createTileLayerEntities$lambda$3(TMXLevelLoader.kt:89)
	at java.base/java.util.stream.ReferencePipeline$3$1.accept(ReferencePipeline.java:214)
	at java.base/java.util.ArrayList$ArrayListSpliterator.forEachRemaining(ArrayList.java:1724)
	at java.base/java.util.stream.AbstractPipeline.copyInto(AbstractPipeline.java:570)
	at java.base/java.util.stream.AbstractPipeline.wrapAndCopyInto(AbstractPipeline.java:560)
	at java.base/java.util.stream.ReduceOps$ReduceOp.evaluateSequential(ReduceOps.java:921)
	at java.base/java.util.stream.AbstractPipeline.evaluate(AbstractPipeline.java:265)
	at java.base/java.util.stream.ReferencePipeline.collect(ReferencePipeline.java:723)
	at com.almasb.fxgl.entity.level.tiled.TMXLevelLoader.createTileLayerEntities(TMXLevelLoader.kt:117)
	at com.almasb.fxgl.entity.level.tiled.TMXLevelLoader.load(TMXLevelLoader.kt:58)
	at com.almasb.fxgl.app.services.FXGLAssetLoaderService.loadLevel(FXGLAssetLoaderService.kt:430)
	at at.htl.droidrampage.GameApp.spawnTiles(GameApp.java:173)
	at at.htl.droidrampage.GameApp.onUpdate(GameApp.java:380)
	at com.almasb.fxgl.app.FXGLApplication$GameApplicationService.onGameUpdate(FXGLApplication.kt:421)
	at com.almasb.fxgl.app.Engine.onGameUpdate(Engine.kt:138)
	at com.almasb.fxgl.app.FXGLApplication.postServicesInit$lambda$7(FXGLApplication.kt:182)
	at com.almasb.fxgl.scene.Scene.update(Scene.kt:113)
	at com.almasb.fxgl.app.MainWindow$update$1.invoke(MainWindow.kt:115)
	at com.almasb.fxgl.app.MainWindow$update$1.invoke(MainWindow.kt:115)
	at com.almasb.fxgl.core.fsm.StateMachine.runOnActiveStates(StateMachine.kt:69)
	at com.almasb.fxgl.app.MainWindow.update(MainWindow.kt:115)
	at com.almasb.fxgl.app.FXGLApplication$GameApplicationService.onUpdate(FXGLApplication.kt:426)
	at com.almasb.fxgl.app.Engine.loop(Engine.kt:134)
	at com.almasb.fxgl.app.Engine.access$loop(Engine.kt:24)
	at com.almasb.fxgl.app.Engine$loop$1.invoke(Engine.kt:28)
	at com.almasb.fxgl.app.Engine$loop$1.invoke(Engine.kt:28)
	at com.almasb.fxgl.app.LoopRunner.frame(LoopRunner.kt:103)
	at com.almasb.fxgl.app.LoopRunner.access$frame(LoopRunner.kt:23)
	at com.almasb.fxgl.app.LoopRunner$impl$2$1.onTick(LoopRunner.kt:57)
	at com.almasb.fxgl.app.AnimationTimerLoop$timer$1.handle(LoopRunner.kt:137)
	at javafx.animation.AnimationTimer$AnimationTimerReceiver.lambda$handle$0(AnimationTimer.java:58)
	at java.base/java.security.AccessController.doPrivileged(AccessController.java:138)
	at javafx.animation.AnimationTimer$AnimationTimerReceiver.handle(AnimationTimer.java:57)
	at com.sun.scenario.animation.AbstractPrimaryTimer.timePulseImpl(AbstractPrimaryTimer.java:356)
	at com.sun.scenario.animation.AbstractPrimaryTimer$MainLoop.run(AbstractPrimaryTimer.java:266)
	at com.sun.javafx.tk.quantum.QuantumToolkit.pulse(QuantumToolkit.java:588)
	at com.sun.javafx.tk.quantum.QuantumToolkit.pulse(QuantumToolkit.java:572)
	at com.sun.javafx.tk.quantum.QuantumToolkit.pulseFromQueue(QuantumToolkit.java:565)
	at com.sun.javafx.tk.quantum.QuantumToolkit.lambda$runToolkit$11(QuantumToolkit.java:352)
	at com.sun.glass.ui.InvokeLaterDispatcher$Future.run(InvokeLaterDispatcher.java:95)
	at com.sun.glass.ui.gtk.GtkApplication._runLoop(Native Method)
	at com.sun.glass.ui.gtk.GtkApplication.lambda$runLoop$10(GtkApplication.java:263)
	at java.base/java.lang.Thread.run(Thread.java:1516)

11:09:55.518 [JavaFX Application Thread] WARN  TMXLevelLoader       - TiledMap generated from 1.8.2. Supported version: 1.9.0. Some features may not be parsed fully.
11:09:55.521 [JavaFX Application Thread] DEBUG TMXLevelLoader       - Parsed TiledMap: file:/home/franz/Documents/Schule/3-Klasse/POS/DroidRampage/target/classes/assets/levels/Tile3.tmx
11:09:55.521 [JavaFX Application Thread] DEBUG TMXLevelLoader       - Creating tile layer entities
11:09:55.522 [JavaFX Application Thread] DEBUG TilesetLoader        - Loading view for layer Tile Layer 1
11:09:55.523 [JavaFX Application Thread] DEBUG TilesetLoader        - Created buffer with size 1920.0x1088.0
11:09:55.677 [JavaFX Application Thread] WARN  TilesetLoader        - Diagonally flipped tiles are not currently supported
11:09:55.678 [JavaFX Application Thread] WARN  TilesetLoader        - Diagonally flipped tiles are not currently supported
11:09:55.678 [JavaFX Application Thread] WARN  TilesetLoader        - Diagonally flipped tiles are not currently supported
11:09:55.680 [JavaFX Application Thread] WARN  TMXLevelLoader       - Parse error
java.lang.IllegalArgumentException: Tileset for gid=7460 not found
	at com.almasb.fxgl.entity.level.tiled.TilesetLoader.findTileset(TilesetLoader.kt:413)
	at com.almasb.fxgl.entity.level.tiled.TilesetLoader.loadView(TilesetLoader.kt:116)
	at com.almasb.fxgl.entity.level.tiled.TMXLevelLoader$createTileLayerEntities$1.invoke(TMXLevelLoader.kt:100)
	at com.almasb.fxgl.entity.level.tiled.TMXLevelLoader$createTileLayerEntities$1.invoke(TMXLevelLoader.kt:89)
	at com.almasb.fxgl.entity.level.tiled.TMXLevelLoader.createTileLayerEntities$lambda$3(TMXLevelLoader.kt:89)
	at java.base/java.util.stream.ReferencePipeline$3$1.accept(ReferencePipeline.java:214)
	at java.base/java.util.ArrayList$ArrayListSpliterator.forEachRemaining(ArrayList.java:1724)
	at java.base/java.util.stream.AbstractPipeline.copyInto(AbstractPipeline.java:570)
	at java.base/java.util.stream.AbstractPipeline.wrapAndCopyInto(AbstractPipeline.java:560)
	at java.base/java.util.stream.ReduceOps$ReduceOp.evaluateSequential(ReduceOps.java:921)
	at java.base/java.util.stream.AbstractPipeline.evaluate(AbstractPipeline.java:265)
	at java.base/java.util.stream.ReferencePipeline.collect(ReferencePipeline.java:723)
	at com.almasb.fxgl.entity.level.tiled.TMXLevelLoader.createTileLayerEntities(TMXLevelLoader.kt:117)
	at com.almasb.fxgl.entity.level.tiled.TMXLevelLoader.load(TMXLevelLoader.kt:58)
	at com.almasb.fxgl.app.services.FXGLAssetLoaderService.loadLevel(FXGLAssetLoaderService.kt:430)
	at at.htl.droidrampage.GameApp.spawnTiles(GameApp.java:173)
	at at.htl.droidrampage.GameApp.onUpdate(GameApp.java:380)
	at com.almasb.fxgl.app.FXGLApplication$GameApplicationService.onGameUpdate(FXGLApplication.kt:421)
	at com.almasb.fxgl.app.Engine.onGameUpdate(Engine.kt:138)
	at com.almasb.fxgl.app.FXGLApplication.postServicesInit$lambda$7(FXGLApplication.kt:182)
	at com.almasb.fxgl.scene.Scene.update(Scene.kt:113)
	at com.almasb.fxgl.app.MainWindow$update$1.invoke(MainWindow.kt:115)
	at com.almasb.fxgl.app.MainWindow$update$1.invoke(MainWindow.kt:115)
	at com.almasb.fxgl.core.fsm.StateMachine.runOnActiveStates(StateMachine.kt:69)
	at com.almasb.fxgl.app.MainWindow.update(MainWindow.kt:115)
	at com.almasb.fxgl.app.FXGLApplication$GameApplicationService.onUpdate(FXGLApplication.kt:426)
	at com.almasb.fxgl.app.Engine.loop(Engine.kt:134)
	at com.almasb.fxgl.app.Engine.access$loop(Engine.kt:24)
	at com.almasb.fxgl.app.Engine$loop$1.invoke(Engine.kt:28)
	at com.almasb.fxgl.app.Engine$loop$1.invoke(Engine.kt:28)
	at com.almasb.fxgl.app.LoopRunner.frame(LoopRunner.kt:103)
	at com.almasb.fxgl.app.LoopRunner.access$frame(LoopRunner.kt:23)
	at com.almasb.fxgl.app.LoopRunner$impl$2$1.onTick(LoopRunner.kt:57)
	at com.almasb.fxgl.app.AnimationTimerLoop$timer$1.handle(LoopRunner.kt:137)
	at javafx.animation.AnimationTimer$AnimationTimerReceiver.lambda$handle$0(AnimationTimer.java:58)
	at java.base/java.security.AccessController.doPrivileged(AccessController.java:138)
	at javafx.animation.AnimationTimer$AnimationTimerReceiver.handle(AnimationTimer.java:57)
	at com.sun.scenario.animation.AbstractPrimaryTimer.timePulseImpl(AbstractPrimaryTimer.java:356)
	at com.sun.scenario.animation.AbstractPrimaryTimer$MainLoop.run(AbstractPrimaryTimer.java:266)
	at com.sun.javafx.tk.quantum.QuantumToolkit.pulse(QuantumToolkit.java:588)
	at com.sun.javafx.tk.quantum.QuantumToolkit.pulse(QuantumToolkit.java:572)
	at com.sun.javafx.tk.quantum.QuantumToolkit.pulseFromQueue(QuantumToolkit.java:565)
	at com.sun.javafx.tk.quantum.QuantumToolkit.lambda$runToolkit$11(QuantumToolkit.java:352)
	at com.sun.glass.ui.InvokeLaterDispatcher$Future.run(InvokeLaterDispatcher.java:95)
	at com.sun.glass.ui.gtk.GtkApplication._runLoop(Native Method)
	at com.sun.glass.ui.gtk.GtkApplication.lambda$runLoop$10(GtkApplication.java:263)
	at java.base/java.lang.Thread.run(Thread.java:1516)

11:09:55.684 [JavaFX Application Thread] WARN  TMXLevelLoader       - TiledMap generated from 1.8.2. Supported version: 1.9.0. Some features may not be parsed fully.
11:09:55.688 [JavaFX Application Thread] DEBUG TMXLevelLoader       - Parsed TiledMap: file:/home/franz/Documents/Schule/3-Klasse/POS/DroidRampage/target/classes/assets/levels/TileStart.tmx
11:09:55.688 [JavaFX Application Thread] DEBUG TMXLevelLoader       - Creating tile layer entities
11:09:55.688 [JavaFX Application Thread] DEBUG TilesetLoader        - Loading view for layer Kachelebene 1
11:09:55.691 [JavaFX Application Thread] DEBUG TilesetLoader        - Created buffer with size 1920.0x1088.0
11:09:55.827 [JavaFX Application Thread] DEBUG TMXLevelLoader       - Creating object layer entities
11:10:00.425 [JavaFX Application Thread] WARN  TMXLevelLoader       - TiledMap generated from 1.8.2. Supported version: 1.9.0. Some features may not be parsed fully.
11:10:00.429 [JavaFX Application Thread] DEBUG TMXLevelLoader       - Parsed TiledMap: file:/home/franz/Documents/Schule/3-Klasse/POS/DroidRampage/target/classes/assets/levels/Tile3.tmx
11:10:00.429 [JavaFX Application Thread] DEBUG TMXLevelLoader       - Creating tile layer entities
11:10:00.430 [JavaFX Application Thread] DEBUG TilesetLoader        - Loading view for layer Tile Layer 1
11:10:00.444 [JavaFX Application Thread] DEBUG TilesetLoader        - Created buffer with size 1920.0x1088.0
11:10:00.550 [JavaFX Application Thread] WARN  TilesetLoader        - Diagonally flipped tiles are not currently supported
11:10:00.551 [JavaFX Application Thread] WARN  TilesetLoader        - Diagonally flipped tiles are not currently supported
11:10:00.551 [JavaFX Application Thread] WARN  TilesetLoader        - Diagonally flipped tiles are not currently supported
11:10:00.552 [JavaFX Application Thread] WARN  TMXLevelLoader       - Parse error
java.lang.IllegalArgumentException: Tileset for gid=7460 not found
	at com.almasb.fxgl.entity.level.tiled.TilesetLoader.findTileset(TilesetLoader.kt:413)
	at com.almasb.fxgl.entity.level.tiled.TilesetLoader.loadView(TilesetLoader.kt:116)
	at com.almasb.fxgl.entity.level.tiled.TMXLevelLoader$createTileLayerEntities$1.invoke(TMXLevelLoader.kt:100)
	at com.almasb.fxgl.entity.level.tiled.TMXLevelLoader$createTileLayerEntities$1.invoke(TMXLevelLoader.kt:89)
	at com.almasb.fxgl.entity.level.tiled.TMXLevelLoader.createTileLayerEntities$lambda$3(TMXLevelLoader.kt:89)
	at java.base/java.util.stream.ReferencePipeline$3$1.accept(ReferencePipeline.java:214)
	at java.base/java.util.ArrayList$ArrayListSpliterator.forEachRemaining(ArrayList.java:1724)
	at java.base/java.util.stream.AbstractPipeline.copyInto(AbstractPipeline.java:570)
	at java.base/java.util.stream.AbstractPipeline.wrapAndCopyInto(AbstractPipeline.java:560)
	at java.base/java.util.stream.ReduceOps$ReduceOp.evaluateSequential(ReduceOps.java:921)
	at java.base/java.util.stream.AbstractPipeline.evaluate(AbstractPipeline.java:265)
	at java.base/java.util.stream.ReferencePipeline.collect(ReferencePipeline.java:723)
	at com.almasb.fxgl.entity.level.tiled.TMXLevelLoader.createTileLayerEntities(TMXLevelLoader.kt:117)
	at com.almasb.fxgl.entity.level.tiled.TMXLevelLoader.load(TMXLevelLoader.kt:58)
	at com.almasb.fxgl.app.services.FXGLAssetLoaderService.loadLevel(FXGLAssetLoaderService.kt:430)
	at at.htl.droidrampage.GameApp.spawnTiles(GameApp.java:173)
	at at.htl.droidrampage.GameApp.onUpdate(GameApp.java:380)
	at com.almasb.fxgl.app.FXGLApplication$GameApplicationService.onGameUpdate(FXGLApplication.kt:421)
	at com.almasb.fxgl.app.Engine.onGameUpdate(Engine.kt:138)
	at com.almasb.fxgl.app.FXGLApplication.postServicesInit$lambda$7(FXGLApplication.kt:182)
	at com.almasb.fxgl.scene.Scene.update(Scene.kt:113)
	at com.almasb.fxgl.app.MainWindow$update$1.invoke(MainWindow.kt:115)
	at com.almasb.fxgl.app.MainWindow$update$1.invoke(MainWindow.kt:115)
	at com.almasb.fxgl.core.fsm.StateMachine.runOnActiveStates(StateMachine.kt:69)
	at com.almasb.fxgl.app.MainWindow.update(MainWindow.kt:115)
	at com.almasb.fxgl.app.FXGLApplication$GameApplicationService.onUpdate(FXGLApplication.kt:426)
	at com.almasb.fxgl.app.Engine.loop(Engine.kt:134)
	at com.almasb.fxgl.app.Engine.access$loop(Engine.kt:24)
	at com.almasb.fxgl.app.Engine$loop$1.invoke(Engine.kt:28)
	at com.almasb.fxgl.app.Engine$loop$1.invoke(Engine.kt:28)
	at com.almasb.fxgl.app.LoopRunner.frame(LoopRunner.kt:103)
	at com.almasb.fxgl.app.LoopRunner.access$frame(LoopRunner.kt:23)
	at com.almasb.fxgl.app.LoopRunner$impl$2$1.onTick(LoopRunner.kt:57)
	at com.almasb.fxgl.app.AnimationTimerLoop$timer$1.handle(LoopRunner.kt:137)
	at javafx.animation.AnimationTimer$AnimationTimerReceiver.lambda$handle$0(AnimationTimer.java:58)
	at java.base/java.security.AccessController.doPrivileged(AccessController.java:138)
	at javafx.animation.AnimationTimer$AnimationTimerReceiver.handle(AnimationTimer.java:57)
	at com.sun.scenario.animation.AbstractPrimaryTimer.timePulseImpl(AbstractPrimaryTimer.java:356)
	at com.sun.scenario.animation.AbstractPrimaryTimer$MainLoop.run(AbstractPrimaryTimer.java:266)
	at com.sun.javafx.tk.quantum.QuantumToolkit.pulse(QuantumToolkit.java:588)
	at com.sun.javafx.tk.quantum.QuantumToolkit.pulse(QuantumToolkit.java:572)
	at com.sun.javafx.tk.quantum.QuantumToolkit.pulseFromQueue(QuantumToolkit.java:565)
	at com.sun.javafx.tk.quantum.QuantumToolkit.lambda$runToolkit$11(QuantumToolkit.java:352)
	at com.sun.glass.ui.InvokeLaterDispatcher$Future.run(InvokeLaterDispatcher.java:95)
	at com.sun.glass.ui.gtk.GtkApplication._runLoop(Native Method)
	at com.sun.glass.ui.gtk.GtkApplication.lambda$runLoop$10(GtkApplication.java:263)
	at java.base/java.lang.Thread.run(Thread.java:1516)

11:10:00.553 [JavaFX Application Thread] WARN  TMXLevelLoader       - TiledMap generated from 1.8.2. Supported version: 1.9.0. Some features may not be parsed fully.
11:10:00.554 [JavaFX Application Thread] DEBUG TMXLevelLoader       - Parsed TiledMap: file:/home/franz/Documents/Schule/3-Klasse/POS/DroidRampage/target/classes/assets/levels/Tile6.tmx
11:10:00.554 [JavaFX Application Thread] DEBUG TMXLevelLoader       - Creating tile layer entities
11:10:00.555 [JavaFX Application Thread] DEBUG TilesetLoader        - Loading view for layer Tile Layer 1
11:10:00.561 [JavaFX Application Thread] DEBUG TilesetLoader        - Created buffer with size 1920.0x1088.0
11:10:00.669 [JavaFX Application Thread] DEBUG TMXLevelLoader       - Creating object layer entities
11:10:05.170 [JavaFX Application Thread] WARN  TMXLevelLoader       - TiledMap generated from 1.8.2. Supported version: 1.9.0. Some features may not be parsed fully.
11:10:05.173 [JavaFX Application Thread] DEBUG TMXLevelLoader       - Parsed TiledMap: file:/home/franz/Documents/Schule/3-Klasse/POS/DroidRampage/target/classes/assets/levels/Tile4.tmx
11:10:05.174 [JavaFX Application Thread] DEBUG TMXLevelLoader       - Creating tile layer entities
11:10:05.174 [JavaFX Application Thread] DEBUG TilesetLoader        - Loading view for layer Tile Layer 1
11:10:05.189 [JavaFX Application Thread] DEBUG TilesetLoader        - Created buffer with size 1920.0x1088.0
11:10:05.311 [JavaFX Application Thread] DEBUG TMXLevelLoader       - Creating object layer entities
11:10:21.616 [JavaFX Application Thread] DEBUG GameApplicationServi - Starting new game
11:10:21.616 [JavaFX Application Thread] DEBUG Input                - Clearing active input actions
11:10:21.623 [JavaFX Application Thread] DEBUG GameApplicationServi - Removing overlay from GameScene and adding to FXGLLoadingScene
11:10:21.623 [JavaFX Application Thread] DEBUG PrimaryStageWindow   - GameScene -> FXGLLoadingScene
11:10:21.623 [JavaFX Application Thread] DEBUG GameApplicationServi - Clearing previous game
11:10:21.623 [JavaFX Application Thread] DEBUG GameScene            - Clearing game scene
11:10:21.623 [JavaFX Application Thread] DEBUG GameWorld            - Clearing game world
11:10:21.630 [JavaFX Application Thread] DEBUG PhysicsWorld         - Clearing physics world
11:10:21.631 [FXGL Background Thread 6 ] DEBUG FXGLApplication      - Initializing game
11:10:21.634 [FXGL Background Thread 6 ] WARN  TMXLevelLoader       - TiledMap generated from 1.8.2. Supported version: 1.9.0. Some features may not be parsed fully.
11:10:21.638 [FXGL Background Thread 6 ] DEBUG TMXLevelLoader       - Parsed TiledMap: file:/home/franz/Documents/Schule/3-Klasse/POS/DroidRampage/target/classes/assets/levels/TileStart.tmx
11:10:21.638 [FXGL Background Thread 6 ] DEBUG TMXLevelLoader       - Creating tile layer entities
11:10:21.639 [FXGL Background Thread 6 ] DEBUG TilesetLoader        - Loading view for layer Kachelebene 1
11:10:21.642 [FXGL Background Thread 6 ] DEBUG TilesetLoader        - Created buffer with size 1920.0x1088.0
11:10:21.785 [FXGL Background Thread 6 ] DEBUG TMXLevelLoader       - Creating object layer entities
11:10:21.790 [FXGL Background Thread 6 ] DEBUG GameWorld            - Clearing removable entities
11:10:21.791 [FXGL Background Thread 6 ] DEBUG GameWorld            - Setting level: com.almasb.fxgl.entity.level.Level@24d268b
11:10:22.021 [FXGL Background Thread 6 ] INFO  FXGLApplication      - Game initialization took: 0.390 sec
11:10:22.027 [JavaFX Application Thread] DEBUG Input                - Clearing active input actions
11:10:22.036 [JavaFX Application Thread] DEBUG GameApplicationServi - Removing overlay from FXGLLoadingScene and adding to GameScene
11:10:22.036 [JavaFX Application Thread] DEBUG PrimaryStageWindow   - FXGLLoadingScene -> GameScene
11:10:22.038 [JavaFX Application Thread] WARN  TMXLevelLoader       - TiledMap generated from 1.8.2. Supported version: 1.9.0. Some features may not be parsed fully.
11:10:22.040 [JavaFX Application Thread] DEBUG TMXLevelLoader       - Parsed TiledMap: file:/home/franz/Documents/Schule/3-Klasse/POS/DroidRampage/target/classes/assets/levels/Tile5.tmx
11:10:22.040 [JavaFX Application Thread] DEBUG TMXLevelLoader       - Creating tile layer entities
11:10:22.040 [JavaFX Application Thread] DEBUG TilesetLoader        - Loading view for layer Tile Layer 1
11:10:22.049 [JavaFX Application Thread] DEBUG TilesetLoader        - Created buffer with size 1920.0x1088.0
11:10:22.146 [JavaFX Application Thread] DEBUG TMXLevelLoader       - Creating object layer entities
11:10:38.923 [JavaFX Application Thread] DEBUG GameApplicationServi - Starting new game
11:10:38.924 [JavaFX Application Thread] DEBUG Input                - Clearing active input actions
11:10:38.933 [JavaFX Application Thread] DEBUG GameApplicationServi - Removing overlay from GameScene and adding to FXGLLoadingScene
11:10:38.934 [JavaFX Application Thread] DEBUG PrimaryStageWindow   - GameScene -> FXGLLoadingScene
11:10:38.934 [JavaFX Application Thread] DEBUG GameApplicationServi - Clearing previous game
11:10:38.934 [JavaFX Application Thread] DEBUG GameScene            - Clearing game scene
11:10:38.934 [JavaFX Application Thread] DEBUG GameWorld            - Clearing game world
11:10:38.935 [JavaFX Application Thread] DEBUG PhysicsWorld         - Clearing physics world
11:10:38.936 [FXGL Background Thread 6 ] DEBUG FXGLApplication      - Initializing game
11:10:38.938 [FXGL Background Thread 6 ] WARN  TMXLevelLoader       - TiledMap generated from 1.8.2. Supported version: 1.9.0. Some features may not be parsed fully.
11:10:38.941 [FXGL Background Thread 6 ] DEBUG TMXLevelLoader       - Parsed TiledMap: file:/home/franz/Documents/Schule/3-Klasse/POS/DroidRampage/target/classes/assets/levels/TileStart.tmx
11:10:38.941 [FXGL Background Thread 6 ] DEBUG TMXLevelLoader       - Creating tile layer entities
11:10:38.942 [FXGL Background Thread 6 ] DEBUG TilesetLoader        - Loading view for layer Kachelebene 1
11:10:38.953 [FXGL Background Thread 6 ] DEBUG TilesetLoader        - Created buffer with size 1920.0x1088.0
11:10:39.106 [FXGL Background Thread 6 ] DEBUG TMXLevelLoader       - Creating object layer entities
11:10:39.111 [FXGL Background Thread 6 ] DEBUG GameWorld            - Clearing removable entities
11:10:39.112 [FXGL Background Thread 6 ] DEBUG GameWorld            - Setting level: com.almasb.fxgl.entity.level.Level@19d8baff
11:10:39.354 [FXGL Background Thread 6 ] INFO  FXGLApplication      - Game initialization took: 0.418 sec
11:10:39.380 [JavaFX Application Thread] DEBUG Input                - Clearing active input actions
11:10:39.390 [JavaFX Application Thread] DEBUG GameApplicationServi - Removing overlay from FXGLLoadingScene and adding to GameScene
11:10:39.390 [JavaFX Application Thread] DEBUG PrimaryStageWindow   - FXGLLoadingScene -> GameScene
11:10:39.392 [JavaFX Application Thread] WARN  TMXLevelLoader       - TiledMap generated from 1.8.2. Supported version: 1.9.0. Some features may not be parsed fully.
11:10:39.395 [JavaFX Application Thread] DEBUG TMXLevelLoader       - Parsed TiledMap: file:/home/franz/Documents/Schule/3-Klasse/POS/DroidRampage/target/classes/assets/levels/Tile3.tmx
11:10:39.395 [JavaFX Application Thread] DEBUG TMXLevelLoader       - Creating tile layer entities
11:10:39.395 [JavaFX Application Thread] DEBUG TilesetLoader        - Loading view for layer Tile Layer 1
11:10:39.405 [JavaFX Application Thread] DEBUG TilesetLoader        - Created buffer with size 1920.0x1088.0
11:10:39.504 [JavaFX Application Thread] WARN  TilesetLoader        - Diagonally flipped tiles are not currently supported
11:10:39.505 [JavaFX Application Thread] WARN  TilesetLoader        - Diagonally flipped tiles are not currently supported
11:10:39.505 [JavaFX Application Thread] WARN  TilesetLoader        - Diagonally flipped tiles are not currently supported
11:10:39.506 [JavaFX Application Thread] WARN  TMXLevelLoader       - Parse error
java.lang.IllegalArgumentException: Tileset for gid=7460 not found
	at com.almasb.fxgl.entity.level.tiled.TilesetLoader.findTileset(TilesetLoader.kt:413)
	at com.almasb.fxgl.entity.level.tiled.TilesetLoader.loadView(TilesetLoader.kt:116)
	at com.almasb.fxgl.entity.level.tiled.TMXLevelLoader$createTileLayerEntities$1.invoke(TMXLevelLoader.kt:100)
	at com.almasb.fxgl.entity.level.tiled.TMXLevelLoader$createTileLayerEntities$1.invoke(TMXLevelLoader.kt:89)
	at com.almasb.fxgl.entity.level.tiled.TMXLevelLoader.createTileLayerEntities$lambda$3(TMXLevelLoader.kt:89)
	at java.base/java.util.stream.ReferencePipeline$3$1.accept(ReferencePipeline.java:214)
	at java.base/java.util.ArrayList$ArrayListSpliterator.forEachRemaining(ArrayList.java:1724)
	at java.base/java.util.stream.AbstractPipeline.copyInto(AbstractPipeline.java:570)
	at java.base/java.util.stream.AbstractPipeline.wrapAndCopyInto(AbstractPipeline.java:560)
	at java.base/java.util.stream.ReduceOps$ReduceOp.evaluateSequential(ReduceOps.java:921)
	at java.base/java.util.stream.AbstractPipeline.evaluate(AbstractPipeline.java:265)
	at java.base/java.util.stream.ReferencePipeline.collect(ReferencePipeline.java:723)
	at com.almasb.fxgl.entity.level.tiled.TMXLevelLoader.createTileLayerEntities(TMXLevelLoader.kt:117)
	at com.almasb.fxgl.entity.level.tiled.TMXLevelLoader.load(TMXLevelLoader.kt:58)
	at com.almasb.fxgl.app.services.FXGLAssetLoaderService.loadLevel(FXGLAssetLoaderService.kt:430)
	at at.htl.droidrampage.GameApp.spawnTiles(GameApp.java:173)
	at at.htl.droidrampage.GameApp.onUpdate(GameApp.java:380)
	at com.almasb.fxgl.app.FXGLApplication$GameApplicationService.onGameUpdate(FXGLApplication.kt:421)
	at com.almasb.fxgl.app.Engine.onGameUpdate(Engine.kt:138)
	at com.almasb.fxgl.app.FXGLApplication.postServicesInit$lambda$7(FXGLApplication.kt:182)
	at com.almasb.fxgl.scene.Scene.update(Scene.kt:113)
	at com.almasb.fxgl.app.MainWindow$update$1.invoke(MainWindow.kt:115)
	at com.almasb.fxgl.app.MainWindow$update$1.invoke(MainWindow.kt:115)
	at com.almasb.fxgl.core.fsm.StateMachine.runOnActiveStates(StateMachine.kt:69)
	at com.almasb.fxgl.app.MainWindow.update(MainWindow.kt:115)
	at com.almasb.fxgl.app.FXGLApplication$GameApplicationService.onUpdate(FXGLApplication.kt:426)
	at com.almasb.fxgl.app.Engine.loop(Engine.kt:134)
	at com.almasb.fxgl.app.Engine.access$loop(Engine.kt:24)
	at com.almasb.fxgl.app.Engine$loop$1.invoke(Engine.kt:28)
	at com.almasb.fxgl.app.Engine$loop$1.invoke(Engine.kt:28)
	at com.almasb.fxgl.app.LoopRunner.frame(LoopRunner.kt:103)
	at com.almasb.fxgl.app.LoopRunner.access$frame(LoopRunner.kt:23)
	at com.almasb.fxgl.app.LoopRunner$impl$2$1.onTick(LoopRunner.kt:57)
	at com.almasb.fxgl.app.AnimationTimerLoop$timer$1.handle(LoopRunner.kt:137)
	at javafx.animation.AnimationTimer$AnimationTimerReceiver.lambda$handle$0(AnimationTimer.java:58)
	at java.base/java.security.AccessController.doPrivileged(AccessController.java:138)
	at javafx.animation.AnimationTimer$AnimationTimerReceiver.handle(AnimationTimer.java:57)
	at com.sun.scenario.animation.AbstractPrimaryTimer.timePulseImpl(AbstractPrimaryTimer.java:356)
	at com.sun.scenario.animation.AbstractPrimaryTimer$MainLoop.run(AbstractPrimaryTimer.java:266)
	at com.sun.javafx.tk.quantum.QuantumToolkit.pulse(QuantumToolkit.java:588)
	at com.sun.javafx.tk.quantum.QuantumToolkit.pulse(QuantumToolkit.java:572)
	at com.sun.javafx.tk.quantum.QuantumToolkit.pulseFromQueue(QuantumToolkit.java:565)
	at com.sun.javafx.tk.quantum.QuantumToolkit.lambda$runToolkit$11(QuantumToolkit.java:352)
	at com.sun.glass.ui.InvokeLaterDispatcher$Future.run(InvokeLaterDispatcher.java:95)
	at com.sun.glass.ui.gtk.GtkApplication._runLoop(Native Method)
	at com.sun.glass.ui.gtk.GtkApplication.lambda$runLoop$10(GtkApplication.java:263)
	at java.base/java.lang.Thread.run(Thread.java:1516)

11:10:39.508 [JavaFX Application Thread] WARN  TMXLevelLoader       - TiledMap generated from 1.8.2. Supported version: 1.9.0. Some features may not be parsed fully.
11:10:39.510 [JavaFX Application Thread] DEBUG TMXLevelLoader       - Parsed TiledMap: file:/home/franz/Documents/Schule/3-Klasse/POS/DroidRampage/target/classes/assets/levels/Tile5.tmx
11:10:39.510 [JavaFX Application Thread] DEBUG TMXLevelLoader       - Creating tile layer entities
11:10:39.511 [JavaFX Application Thread] DEBUG TilesetLoader        - Loading view for layer Tile Layer 1
11:10:39.518 [JavaFX Application Thread] DEBUG TilesetLoader        - Created buffer with size 1920.0x1088.0
11:10:39.617 [JavaFX Application Thread] DEBUG TMXLevelLoader       - Creating object layer entities
11:11:19.342 [JavaFX Application Thread] WARN  TMXLevelLoader       - TiledMap generated from 1.8.2. Supported version: 1.9.0. Some features may not be parsed fully.
11:11:19.347 [JavaFX Application Thread] DEBUG TMXLevelLoader       - Parsed TiledMap: file:/home/franz/Documents/Schule/3-Klasse/POS/DroidRampage/target/classes/assets/levels/Tile2.tmx
11:11:19.347 [JavaFX Application Thread] DEBUG TMXLevelLoader       - Creating tile layer entities
11:11:19.348 [JavaFX Application Thread] DEBUG TilesetLoader        - Loading view for layer Tile Layer 1
11:11:19.352 [JavaFX Application Thread] DEBUG TilesetLoader        - Created buffer with size 1920.0x1088.0
11:11:19.495 [JavaFX Application Thread] DEBUG TMXLevelLoader       - Creating object layer entities
11:11:30.070 [JavaFX Application Thread] DEBUG GameApplicationServi - Starting new game
11:11:30.070 [JavaFX Application Thread] DEBUG Input                - Clearing active input actions
11:11:30.077 [JavaFX Application Thread] DEBUG GameApplicationServi - Removing overlay from GameScene and adding to FXGLLoadingScene
11:11:30.077 [JavaFX Application Thread] DEBUG PrimaryStageWindow   - GameScene -> FXGLLoadingScene
11:11:30.077 [JavaFX Application Thread] DEBUG GameApplicationServi - Clearing previous game
11:11:30.077 [JavaFX Application Thread] DEBUG GameScene            - Clearing game scene
11:11:30.077 [JavaFX Application Thread] DEBUG GameWorld            - Clearing game world
11:11:30.078 [JavaFX Application Thread] DEBUG PhysicsWorld         - Clearing physics world
11:11:30.078 [FXGL Background Thread 6 ] DEBUG FXGLApplication      - Initializing game
11:11:30.080 [FXGL Background Thread 6 ] WARN  TMXLevelLoader       - TiledMap generated from 1.8.2. Supported version: 1.9.0. Some features may not be parsed fully.
11:11:30.083 [FXGL Background Thread 6 ] DEBUG TMXLevelLoader       - Parsed TiledMap: file:/home/franz/Documents/Schule/3-Klasse/POS/DroidRampage/target/classes/assets/levels/TileStart.tmx
11:11:30.083 [FXGL Background Thread 6 ] DEBUG TMXLevelLoader       - Creating tile layer entities
11:11:30.083 [FXGL Background Thread 6 ] DEBUG TilesetLoader        - Loading view for layer Kachelebene 1
11:11:30.085 [FXGL Background Thread 6 ] DEBUG TilesetLoader        - Created buffer with size 1920.0x1088.0
11:11:30.234 [FXGL Background Thread 6 ] DEBUG TMXLevelLoader       - Creating object layer entities
11:11:30.242 [FXGL Background Thread 6 ] DEBUG GameWorld            - Clearing removable entities
11:11:30.242 [FXGL Background Thread 6 ] DEBUG GameWorld            - Setting level: com.almasb.fxgl.entity.level.Level@724f35fb
11:11:30.476 [FXGL Background Thread 6 ] INFO  FXGLApplication      - Game initialization took: 0.397 sec
11:11:30.476 [JavaFX Application Thread] DEBUG Input                - Clearing active input actions
11:11:30.484 [JavaFX Application Thread] DEBUG GameApplicationServi - Removing overlay from FXGLLoadingScene and adding to GameScene
11:11:30.485 [JavaFX Application Thread] DEBUG PrimaryStageWindow   - FXGLLoadingScene -> GameScene
11:11:30.488 [JavaFX Application Thread] WARN  TMXLevelLoader       - TiledMap generated from 1.8.2. Supported version: 1.9.0. Some features may not be parsed fully.
11:11:30.493 [JavaFX Application Thread] DEBUG TMXLevelLoader       - Parsed TiledMap: file:/home/franz/Documents/Schule/3-Klasse/POS/DroidRampage/target/classes/assets/levels/Tile6.tmx
11:11:30.493 [JavaFX Application Thread] DEBUG TMXLevelLoader       - Creating tile layer entities
11:11:30.494 [JavaFX Application Thread] DEBUG TilesetLoader        - Loading view for layer Tile Layer 1
11:11:30.498 [JavaFX Application Thread] DEBUG TilesetLoader        - Created buffer with size 1920.0x1088.0
11:11:30.590 [JavaFX Application Thread] DEBUG TMXLevelLoader       - Creating object layer entities
11:11:59.682 [JavaFX Application Thread] WARN  TMXLevelLoader       - TiledMap generated from 1.8.2. Supported version: 1.9.0. Some features may not be parsed fully.
11:11:59.684 [JavaFX Application Thread] DEBUG TMXLevelLoader       - Parsed TiledMap: file:/home/franz/Documents/Schule/3-Klasse/POS/DroidRampage/target/classes/assets/levels/Tile2.tmx
11:11:59.684 [JavaFX Application Thread] DEBUG TMXLevelLoader       - Creating tile layer entities
11:11:59.685 [JavaFX Application Thread] DEBUG TilesetLoader        - Loading view for layer Tile Layer 1
11:11:59.687 [JavaFX Application Thread] DEBUG TilesetLoader        - Created buffer with size 1920.0x1088.0
11:11:59.798 [JavaFX Application Thread] DEBUG TMXLevelLoader       - Creating object layer entities
11:12:11.097 [JavaFX Application Thread] WARN  TMXLevelLoader       - TiledMap generated from 1.8.2. Supported version: 1.9.0. Some features may not be parsed fully.
11:12:11.099 [JavaFX Application Thread] DEBUG TMXLevelLoader       - Parsed TiledMap: file:/home/franz/Documents/Schule/3-Klasse/POS/DroidRampage/target/classes/assets/levels/Tile4.tmx
11:12:11.099 [JavaFX Application Thread] DEBUG TMXLevelLoader       - Creating tile layer entities
11:12:11.100 [JavaFX Application Thread] DEBUG TilesetLoader        - Loading view for layer Tile Layer 1
11:12:11.102 [JavaFX Application Thread] DEBUG TilesetLoader        - Created buffer with size 1920.0x1088.0
11:12:11.203 [JavaFX Application Thread] DEBUG TMXLevelLoader       - Creating object layer entities
11:12:22.475 [JavaFX Application Thread] DEBUG GameApplicationServi - Starting new game
11:12:22.476 [JavaFX Application Thread] DEBUG Input                - Clearing active input actions
11:12:22.482 [JavaFX Application Thread] DEBUG GameApplicationServi - Removing overlay from GameScene and adding to FXGLLoadingScene
11:12:22.482 [JavaFX Application Thread] DEBUG PrimaryStageWindow   - GameScene -> FXGLLoadingScene
11:12:22.482 [JavaFX Application Thread] DEBUG GameApplicationServi - Clearing previous game
11:12:22.482 [JavaFX Application Thread] DEBUG GameScene            - Clearing game scene
11:12:22.482 [JavaFX Application Thread] DEBUG GameWorld            - Clearing game world
11:12:22.484 [JavaFX Application Thread] DEBUG PhysicsWorld         - Clearing physics world
11:12:22.485 [FXGL Background Thread 6 ] DEBUG FXGLApplication      - Initializing game
11:12:22.486 [FXGL Background Thread 6 ] WARN  TMXLevelLoader       - TiledMap generated from 1.8.2. Supported version: 1.9.0. Some features may not be parsed fully.
11:12:22.487 [FXGL Background Thread 6 ] DEBUG TMXLevelLoader       - Parsed TiledMap: file:/home/franz/Documents/Schule/3-Klasse/POS/DroidRampage/target/classes/assets/levels/TileStart.tmx
11:12:22.487 [FXGL Background Thread 6 ] DEBUG TMXLevelLoader       - Creating tile layer entities
11:12:22.488 [FXGL Background Thread 6 ] DEBUG TilesetLoader        - Loading view for layer Kachelebene 1
11:12:22.489 [FXGL Background Thread 6 ] DEBUG TilesetLoader        - Created buffer with size 1920.0x1088.0
11:12:22.641 [FXGL Background Thread 6 ] DEBUG TMXLevelLoader       - Creating object layer entities
11:12:22.646 [FXGL Background Thread 6 ] DEBUG GameWorld            - Clearing removable entities
11:12:22.646 [FXGL Background Thread 6 ] DEBUG GameWorld            - Setting level: com.almasb.fxgl.entity.level.Level@1dd06677
11:12:22.870 [FXGL Background Thread 6 ] INFO  FXGLApplication      - Game initialization took: 0.385 sec
11:12:22.890 [JavaFX Application Thread] DEBUG Input                - Clearing active input actions
11:12:22.901 [JavaFX Application Thread] DEBUG GameApplicationServi - Removing overlay from FXGLLoadingScene and adding to GameScene
11:12:22.901 [JavaFX Application Thread] DEBUG PrimaryStageWindow   - FXGLLoadingScene -> GameScene
11:12:22.904 [JavaFX Application Thread] WARN  TMXLevelLoader       - TiledMap generated from 1.8.2. Supported version: 1.9.0. Some features may not be parsed fully.
11:12:22.907 [JavaFX Application Thread] DEBUG TMXLevelLoader       - Parsed TiledMap: file:/home/franz/Documents/Schule/3-Klasse/POS/DroidRampage/target/classes/assets/levels/Tile1.tmx
11:12:22.907 [JavaFX Application Thread] DEBUG TMXLevelLoader       - Creating tile layer entities
11:12:22.908 [JavaFX Application Thread] DEBUG TilesetLoader        - Loading view for layer Kachelebene 1
11:12:22.920 [JavaFX Application Thread] DEBUG TilesetLoader        - Created buffer with size 1920.0x1088.0
11:12:23.021 [JavaFX Application Thread] DEBUG TMXLevelLoader       - Creating object layer entities
11:12:28.993 [JavaFX Application Thread] DEBUG FXGLApplication      - Exiting FXGL
11:12:28.994 [JavaFX Application Thread] DEBUG LoopRunner           - Stopping loop
11:12:28.994 [JavaFX Application Thread] DEBUG SystemBundleService  - Saving FXGL system data
11:12:28.997 [JavaFX Application Thread] DEBUG FileSystemAccess     - Writing to: /home/franz/Documents/Schule/3-Klasse/POS/DroidRampage/system/fxgl.bundle
11:12:28.999 [JavaFX Application Thread] DEBUG Async                - Shutting down background threads
11:12:28.999 [JavaFX Application Thread] DEBUG PrimaryStageWindow   - Closing main window
11:12:29.009 [JavaFX Application Thread] DEBUG Logger               - Closing Logger
