07:46:42.195 [main                     ] DEBUG Logger               - Configured Logger
07:46:42.214 [main                     ] DEBUG GameApplication      - Logging settings
Title: Droid Rampage
Version: 1.4
Width: 1920
Height: 1088
Fullscreen: true
Intro: false
Profiling: false
Single step:false
App Mode: DEVELOPER
Menu Key: ESCAPE
Stage Style: DECORATED
Scene Factory: class com.almasb.fxgl.app.scene.SceneFactory

07:46:43.377 [JavaFX Application Thread] DEBUG FXGLApplication      - Initializing FXGL
07:46:43.382 [JavaFX Application Thread] INFO  Engine               - FXGL-17.3 (30.03.2023 11.49) on LINUX (J:26 FX:21.0.6)
07:46:43.383 [JavaFX Application Thread] DEBUG Engine               - JRE Vendor Name: Oracle Corporation
07:46:43.383 [JavaFX Application Thread] DEBUG Engine               - Running on OS: Linux version 6.17.0-29-generic
07:46:43.384 [JavaFX Application Thread] DEBUG Engine               - Architecture: amd64
07:46:43.384 [JavaFX Application Thread] INFO  Engine               - Source code and latest versions at: https://github.com/AlmasB/FXGL
07:46:43.384 [JavaFX Application Thread] INFO  Engine               -       Ask questions and discuss at: https://github.com/AlmasB/FXGL/discussions
07:46:43.384 [JavaFX Application Thread] INFO  Engine               -              Join the FXGL chat at: https://gitter.im/AlmasB/FXGL
07:46:43.549 [JavaFX Application Thread] DEBUG PrimaryStageWindow   - Creating a JavaFX scene
07:46:43.550 [JavaFX Application Thread] DEBUG PrimaryStageWindow   - Target size > screen size
07:46:43.754 [JavaFX Application Thread] DEBUG PrimaryStageWindow   - Target settings size: 1920.0 x 1088.0
07:46:43.754 [JavaFX Application Thread] DEBUG PrimaryStageWindow   - Scaled scene size:    1880.0 x 1079.0
07:46:43.755 [JavaFX Application Thread] DEBUG PrimaryStageWindow   - Scaled ratio: (0.9791666666666666, 0.9917279411764706)
07:46:43.756 [JavaFX Application Thread] DEBUG PrimaryStageWindow   - Set initial scene to FXGLStartupScene
07:46:43.765 [JavaFX Application Thread] DEBUG PrimaryStageWindow   - Opening main window
07:46:43.842 [JavaFX Application Thread] DEBUG PrimaryStageWindow   - Window border size: (0.0, 35.0)
07:46:43.842 [JavaFX Application Thread] DEBUG PrimaryStageWindow   - Scaled size: 1880.0 x 1044.0
07:46:43.842 [JavaFX Application Thread] DEBUG PrimaryStageWindow   - Scaled ratio: (0.9791666666666666, 0.9595588235294118)
07:46:43.843 [JavaFX Application Thread] DEBUG PrimaryStageWindow   - Scene size: 1880.0 x 1079.0
07:46:43.843 [JavaFX Application Thread] DEBUG PrimaryStageWindow   - Stage size: 1880.0 x 1079.0
07:46:43.855 [FXGL Background Thread 1 ] DEBUG Engine               - Initializing environment variables
07:46:43.974 [FXGL Background Thread 1 ] DEBUG FXGLAssetLoaderServi - User app class for loading assets: class at.htl.droidrampage.GameApp
07:46:43.975 [FXGL Background Thread 1 ] DEBUG GameApplicationServi - Applying CSS: fxgl_dark.css
07:46:43.978 [FXGL Background Thread 1 ] DEBUG FXGLAssetLoaderServi - Loading from file system: jar:file:/home/franz/.m2/repository/com/github/almasb/fxgl/17.3/fxgl-17.3.jar!/fxglassets/ui/css/fxgl_dark.css
07:46:44.127 [FXGL Background Thread 1 ] DEBUG GameApplicationServi - Initializing application scenes
07:46:44.237 [FXGL Background Thread 1 ] DEBUG GameWorld            - Game world initialized
07:46:44.358 [FXGL Background Thread 1 ] DEBUG PhysicsWorld         - Physics world initialized: appHeight=1088, physics.ppm=50.0
07:46:44.359 [FXGL Background Thread 1 ] DEBUG PhysicsWorld         - Using strategy: BRUTE_FORCE
07:46:44.369 [FXGL Background Thread 1 ] DEBUG GameScene            - Game scene initialized: 1920x1088
07:46:44.390 [FXGL Background Thread 1 ] DEBUG FXGL.DefaultMenu     - createMenuBodyGameMenu()
07:46:44.410 [FXGL Background Thread 1 ] DEBUG FXGL.DefaultMenu     - createOptionsMenu()
07:46:44.433 [FXGL Background Thread 1 ] DEBUG FXGLAssetLoaderServi - Loading from file system: jar:file:/home/franz/.m2/repository/com/github/almasb/fxgl/17.3/fxgl-17.3.jar!/fxglassets/textures/particles/smoke.png
07:46:44.582 [FXGL Background Thread 1 ] DEBUG FXGLAssetLoaderServi - Loading from file system: jar:file:/home/franz/.m2/repository/com/github/almasb/fxgl/17.3/fxgl-17.3.jar!/fxglassets/textures/particles/trace_horizontal.png
07:46:44.622 [FXGL Background Thread 1 ] DEBUG GameApplicationServi - Application scenes initialized
07:46:44.636 [FXGL Background Thread 1 ] DEBUG SystemBundleService  - Loading FXGL system data
07:46:44.637 [FXGL Background Thread 1 ] DEBUG FileSystemAccess     - Reading from: /home/franz/Documents/Schule/3-Klasse/POS/DroidRampage/system/fxgl.bundle
07:46:44.640 [FXGL Background Thread 1 ] DEBUG SystemBundleService  - Bundle FXGL: {}
07:46:44.641 [FXGL Background Thread 1 ] DEBUG UpdaterService       - Checking for updates
07:46:44.647 [FXGL Background Thread 4 ] DEBUG FXGLApplication      - Loading fonts
07:46:44.648 [FXGL Background Thread 4 ] DEBUG FXGLAssetLoaderServi - Loading from file system: jar:file:/home/franz/.m2/repository/com/github/almasb/fxgl/17.3/fxgl-17.3.jar!/fxglassets/ui/fonts/VarelaRound-Regular.ttf
07:46:44.648 [FXGL Background Thread 1 ] DEBUG FXGLApplication      - Loading default localization
07:46:44.649 [FXGL Background Thread 1 ] DEBUG FXGLAssetLoaderServi - Loading from file system: jar:file:/home/franz/.m2/repository/com/github/almasb/fxgl/17.3/fxgl-17.3.jar!/fxglassets/languages/english.lang
07:46:44.659 [FXGL Background Thread 4 ] DEBUG FXGLAssetLoaderServi - Loading from file system: jar:file:/home/franz/.m2/repository/com/github/almasb/fxgl/17.3/fxgl-17.3.jar!/fxglassets/ui/fonts/Abel-Regular.ttf
07:46:44.662 [FXGL Background Thread 4 ] DEBUG FXGLAssetLoaderServi - Loading from file system: jar:file:/home/franz/.m2/repository/com/github/almasb/fxgl/17.3/fxgl-17.3.jar!/fxglassets/ui/fonts/TerminalLandMono-Regular.otf
07:46:44.666 [FXGL Background Thread 4 ] DEBUG FXGLAssetLoaderServi - Loading from file system: jar:file:/home/franz/.m2/repository/com/github/almasb/fxgl/17.3/fxgl-17.3.jar!/fxglassets/ui/fonts/Courier-Prime.ttf
07:46:44.675 [JavaFX Application Thread] DEBUG FXGLApplication      - Registering font factories with UI factory
07:46:44.679 [FXGL Background Thread 1 ] INFO  FXGLApplication      - FXGL initialization took: 0.824 sec
07:46:44.688 [JavaFX Application Thread] DEBUG FXGLAssetLoaderServi - Loading from file system: jar:file:/home/franz/.m2/repository/com/github/almasb/fxgl/17.3/fxgl-17.3.jar!/fxglassets/textures/fxgl_icon.png
07:46:44.749 [JavaFX Application Thread] DEBUG FXGLAssetLoaderServi - Loading from file system: jar:file:/home/franz/.m2/repository/com/github/almasb/fxgl/17.3/fxgl-17.3.jar!/fxglassets/textures/fxgl_default_cursor.png
07:46:44.777 [JavaFX Application Thread] DEBUG Input                - Registered new binding: Screenshot - CTRL+8
07:46:44.778 [JavaFX Application Thread] DEBUG Input                - Registered new binding: System info dump - CTRL+9
07:46:44.779 [JavaFX Application Thread] DEBUG Input                - Registered new binding: Restart - CTRL+R
07:46:44.782 [JavaFX Application Thread] DEBUG Input                - Registered new binding: Toggle Debug Camera - CTRL+7
07:46:44.790 [JavaFX Application Thread] DEBUG LoopRunner           - Starting loop
07:46:44.791 [JavaFX Application Thread] DEBUG LoopRunner           - Initializing JavaFX AnimationTimerLoop
07:46:44.794 [JavaFX Application Thread] DEBUG GameApplicationServi - Starting new game
07:46:44.795 [JavaFX Application Thread] DEBUG Input                - Clearing active input actions
07:46:44.821 [JavaFX Application Thread] DEBUG GameApplicationServi - Removing overlay from FXGLStartupScene and adding to FXGLLoadingScene
07:46:44.822 [JavaFX Application Thread] DEBUG PrimaryStageWindow   - FXGLStartupScene -> FXGLLoadingScene
07:46:44.823 [JavaFX Application Thread] DEBUG GameApplicationServi - Clearing previous game
07:46:44.823 [JavaFX Application Thread] DEBUG GameScene            - Clearing game scene
07:46:44.823 [JavaFX Application Thread] DEBUG GameWorld            - Clearing game world
07:46:44.823 [JavaFX Application Thread] DEBUG PhysicsWorld         - Clearing physics world
07:46:44.827 [FXGL Background Thread 1 ] DEBUG FXGLApplication      - Initializing game
07:46:44.914 [FXGL Background Thread 1 ] WARN  TMXLevelLoader       - TiledMap generated from 1.8.2. Supported version: 1.9.0. Some features may not be parsed fully.
07:46:44.959 [FXGL Background Thread 1 ] DEBUG TMXLevelLoader       - Parsed TiledMap: file:/home/franz/Documents/Schule/3-Klasse/POS/DroidRampage/target/classes/assets/levels/TileStart.tmx
07:46:44.961 [FXGL Background Thread 1 ] DEBUG TMXLevelLoader       - Creating tile layer entities
07:46:44.967 [FXGL Background Thread 1 ] DEBUG TilesetLoader        - Loading view for layer Kachelebene 1
07:46:44.969 [FXGL Background Thread 1 ] DEBUG TilesetLoader        - Created buffer with size 1920.0x1088.0
07:46:45.219 [FXGL Background Thread 1 ] DEBUG TMXLevelLoader       - Creating object layer entities
07:46:45.281 [FXGL Background Thread 1 ] DEBUG FXGLAssetLoaderServi - Loading from file system: file:/home/franz/Documents/Schule/3-Klasse/POS/DroidRampage/target/classes/assets/textures/credit2.png
07:46:45.440 [FXGL Background Thread 1 ] DEBUG FXGLAssetLoaderServi - Loading from file system: file:/home/franz/Documents/Schule/3-Klasse/POS/DroidRampage/target/classes/assets/textures/credit1.png
07:46:45.581 [FXGL Background Thread 1 ] DEBUG FXGLAssetLoaderServi - Loading from file system: file:/home/franz/Documents/Schule/3-Klasse/POS/DroidRampage/target/classes/assets/textures/credit3.png
07:46:45.727 [FXGL Background Thread 1 ] DEBUG GameWorld            - Clearing removable entities
07:46:45.729 [FXGL Background Thread 1 ] DEBUG GameWorld            - Setting level: com.almasb.fxgl.entity.level.Level@7802eb3e
07:46:45.782 [FXGL Background Thread 2 ] INFO  UpdaterService       - Your current version:  17.3
07:46:45.783 [FXGL Background Thread 2 ] INFO  UpdaterService       - Latest stable version: 25
07:46:46.068 [FXGL Background Thread 1 ] DEBUG FXGLAssetLoaderServi - Loading from file system: file:/home/franz/Documents/Schule/3-Klasse/POS/DroidRampage/target/classes/assets/textures/r2d2.png
07:46:46.079 [FXGL Background Thread 1 ] DEBUG Input                - Registered new binding: Move Right - D
07:46:46.079 [FXGL Background Thread 1 ] DEBUG Input                - Registered new binding: Move Left - A
07:46:46.079 [FXGL Background Thread 1 ] DEBUG Input                - Registered new binding: Jump - Space
07:46:46.079 [FXGL Background Thread 1 ] DEBUG Input                - Registered new binding: Jump (W) - W
07:46:46.080 [FXGL Background Thread 1 ] DEBUG Input                - Registered new binding: Toggle Cheat Mode - I
07:46:46.080 [FXGL Background Thread 1 ] DEBUG Input                - Registered new binding: Restart - R
07:46:46.084 [FXGL Background Thread 1 ] INFO  FXGLApplication      - Game initialization took: 1.257 sec
07:46:46.093 [JavaFX Application Thread] DEBUG Input                - Clearing active input actions
07:46:46.123 [JavaFX Application Thread] DEBUG GameApplicationServi - Removing overlay from FXGLLoadingScene and adding to GameScene
07:46:46.124 [JavaFX Application Thread] DEBUG PrimaryStageWindow   - FXGLLoadingScene -> GameScene
07:46:46.143 [JavaFX Application Thread] WARN  TMXLevelLoader       - TiledMap generated from 1.8.2. Supported version: 1.9.0. Some features may not be parsed fully.
07:46:46.170 [JavaFX Application Thread] DEBUG TMXLevelLoader       - Parsed TiledMap: file:/home/franz/Documents/Schule/3-Klasse/POS/DroidRampage/target/classes/assets/levels/Tile3.tmx
07:46:46.171 [JavaFX Application Thread] DEBUG TMXLevelLoader       - Creating tile layer entities
07:46:46.172 [JavaFX Application Thread] DEBUG TilesetLoader        - Loading view for layer Tile Layer 1
07:46:46.182 [JavaFX Application Thread] DEBUG TilesetLoader        - Created buffer with size 1920.0x1088.0
07:46:46.275 [JavaFX Application Thread] WARN  TilesetLoader        - Diagonally flipped tiles are not currently supported
07:46:46.277 [JavaFX Application Thread] WARN  TilesetLoader        - Diagonally flipped tiles are not currently supported
07:46:46.277 [JavaFX Application Thread] WARN  TilesetLoader        - Diagonally flipped tiles are not currently supported
07:46:46.280 [JavaFX Application Thread] WARN  TMXLevelLoader       - Parse error
java.lang.IllegalArgumentException: Tileset for gid=7460 not found
	at com.almasb.fxgl.entity.level.tiled.TilesetLoader.findTileset(TilesetLoader.kt:413)
	at com.almasb.fxgl.entity.level.tiled.TilesetLoader.loadView(TilesetLoader.kt:116)
	at com.almasb.fxgl.entity.level.tiled.TMXLevelLoader$createTileLayerEntities$1.invoke(TMXLevelLoader.kt:100)
	at com.almasb.fxgl.entity.level.tiled.TMXLevelLoader$createTileLayerEntities$1.invoke(TMXLevelLoader.kt:89)
	at com.almasb.fxgl.entity.level.tiled.TMXLevelLoader.createTileLayerEntities$lambda$3(TMXLevelLoader.kt:89)
	at java.base/java.util.stream.ReferencePipeline$3$1.accept(ReferencePipeline.java:214)
	at java.base/java.util.ArrayList$ArrayListSpliterator.forEachRemaining(ArrayList.java:1724)
	at java.base/java.util.stream.AbstractPipeline.copyInto(AbstractPipeline.java:570)
	at java.base/java.util.stream.AbstractPipeline.wrapAndCopyInto(AbstractPipeline.java:560)
	at java.base/java.util.stream.ReduceOps$ReduceOp.evaluateSequential(ReduceOps.java:921)
	at java.base/java.util.stream.AbstractPipeline.evaluate(AbstractPipeline.java:265)
	at java.base/java.util.stream.ReferencePipeline.collect(ReferencePipeline.java:723)
	at com.almasb.fxgl.entity.level.tiled.TMXLevelLoader.createTileLayerEntities(TMXLevelLoader.kt:117)
	at com.almasb.fxgl.entity.level.tiled.TMXLevelLoader.load(TMXLevelLoader.kt:58)
	at com.almasb.fxgl.app.services.FXGLAssetLoaderService.loadLevel(FXGLAssetLoaderService.kt:430)
	at at.htl.droidrampage.GameApp.spawnTiles(GameApp.java:173)
	at at.htl.droidrampage.GameApp.onUpdate(GameApp.java:380)
	at com.almasb.fxgl.app.FXGLApplication$GameApplicationService.onGameUpdate(FXGLApplication.kt:421)
	at com.almasb.fxgl.app.Engine.onGameUpdate(Engine.kt:138)
	at com.almasb.fxgl.app.FXGLApplication.postServicesInit$lambda$7(FXGLApplication.kt:182)
	at com.almasb.fxgl.scene.Scene.update(Scene.kt:113)
	at com.almasb.fxgl.app.MainWindow$update$1.invoke(MainWindow.kt:115)
	at com.almasb.fxgl.app.MainWindow$update$1.invoke(MainWindow.kt:115)
	at com.almasb.fxgl.core.fsm.StateMachine.runOnActiveStates(StateMachine.kt:69)
	at com.almasb.fxgl.app.MainWindow.update(MainWindow.kt:115)
	at com.almasb.fxgl.app.FXGLApplication$GameApplicationService.onUpdate(FXGLApplication.kt:426)
	at com.almasb.fxgl.app.Engine.loop(Engine.kt:134)
	at com.almasb.fxgl.app.Engine.access$loop(Engine.kt:24)
	at com.almasb.fxgl.app.Engine$loop$1.invoke(Engine.kt:28)
	at com.almasb.fxgl.app.Engine$loop$1.invoke(Engine.kt:28)
	at com.almasb.fxgl.app.LoopRunner.frame(LoopRunner.kt:103)
	at com.almasb.fxgl.app.LoopRunner.access$frame(LoopRunner.kt:23)
	at com.almasb.fxgl.app.LoopRunner$impl$2$1.onTick(LoopRunner.kt:57)
	at com.almasb.fxgl.app.AnimationTimerLoop$timer$1.handle(LoopRunner.kt:137)
	at javafx.animation.AnimationTimer$AnimationTimerReceiver.lambda$handle$0(AnimationTimer.java:58)
	at java.base/java.security.AccessController.doPrivileged(AccessController.java:138)
	at javafx.animation.AnimationTimer$AnimationTimerReceiver.handle(AnimationTimer.java:57)
	at com.sun.scenario.animation.AbstractPrimaryTimer.timePulseImpl(AbstractPrimaryTimer.java:356)
	at com.sun.scenario.animation.AbstractPrimaryTimer$MainLoop.run(AbstractPrimaryTimer.java:266)
	at com.sun.javafx.tk.quantum.QuantumToolkit.pulse(QuantumToolkit.java:588)
	at com.sun.javafx.tk.quantum.QuantumToolkit.pulse(QuantumToolkit.java:572)
	at com.sun.javafx.tk.quantum.QuantumToolkit.pulseFromQueue(QuantumToolkit.java:565)
	at com.sun.javafx.tk.quantum.QuantumToolkit.lambda$runToolkit$11(QuantumToolkit.java:352)
	at com.sun.glass.ui.InvokeLaterDispatcher$Future.run(InvokeLaterDispatcher.java:95)
	at com.sun.glass.ui.gtk.GtkApplication._runLoop(Native Method)
	at com.sun.glass.ui.gtk.GtkApplication.lambda$runLoop$10(GtkApplication.java:263)
	at java.base/java.lang.Thread.run(Thread.java:1516)

07:46:46.285 [JavaFX Application Thread] WARN  TMXLevelLoader       - TiledMap generated from 1.8.2. Supported version: 1.9.0. Some features may not be parsed fully.
07:46:46.295 [JavaFX Application Thread] DEBUG TMXLevelLoader       - Parsed TiledMap: file:/home/franz/Documents/Schule/3-Klasse/POS/DroidRampage/target/classes/assets/levels/Tile5.tmx
07:46:46.295 [JavaFX Application Thread] DEBUG TMXLevelLoader       - Creating tile layer entities
07:46:46.296 [JavaFX Application Thread] DEBUG TilesetLoader        - Loading view for layer Tile Layer 1
07:46:46.299 [JavaFX Application Thread] DEBUG TilesetLoader        - Created buffer with size 1920.0x1088.0
07:46:46.435 [JavaFX Application Thread] DEBUG TMXLevelLoader       - Creating object layer entities
07:46:47.645 [FXGL Background Thread 3 ] DEBUG Engine               - Logging environment variables
07:46:47.646 [FXGL Background Thread 3 ] DEBUG Engine               - achievements: []
07:46:47.646 [FXGL Background Thread 3 ] DEBUG Engine               - actualHeight: 1044.0
07:46:47.647 [FXGL Background Thread 3 ] DEBUG Engine               - actualHeightProperty: ReadOnlyDoubleProperty [value: 1005.0]
07:46:47.647 [FXGL Background Thread 3 ] DEBUG Engine               - actualWidth: 1880.0
07:46:47.647 [FXGL Background Thread 3 ] DEBUG Engine               - actualWidthProperty: ReadOnlyDoubleProperty [value: 1920.0]
07:46:47.647 [FXGL Background Thread 3 ] DEBUG Engine               - appIcon: fxgl_icon.png
07:46:47.647 [FXGL Background Thread 3 ] DEBUG Engine               - applicationMode: DEVELOPER
07:46:47.647 [FXGL Background Thread 3 ] DEBUG Engine               - cSSList: [fxgl_dark.css]
07:46:47.647 [FXGL Background Thread 3 ] DEBUG Engine               - collisionDetectionStrategy: BRUTE_FORCE
07:46:47.647 [FXGL Background Thread 3 ] DEBUG Engine               - configClass: Optional.empty
07:46:47.647 [FXGL Background Thread 3 ] DEBUG Engine               - credits: []
07:46:47.648 [FXGL Background Thread 3 ] DEBUG Engine               - defaultCursor: CursorInfo(imageName=fxgl_default_cursor.png, hotspotX=7.0, hotspotY=6.0)
07:46:47.648 [FXGL Background Thread 3 ] DEBUG Engine               - devBBoxColorProperty: ObjectProperty [value: 0xff0000ff]
07:46:47.648 [FXGL Background Thread 3 ] DEBUG Engine               - devEnableDebugCameraProperty: BooleanProperty [value: false]
07:46:47.649 [FXGL Background Thread 3 ] DEBUG Engine               - devSensorColorProperty: ObjectProperty [value: 0xffff00ff]
07:46:47.649 [FXGL Background Thread 3 ] DEBUG Engine               - devShowBBoxProperty: BooleanProperty [value: false]
07:46:47.649 [FXGL Background Thread 3 ] DEBUG Engine               - devShowPositionProperty: BooleanProperty [value: false]
07:46:47.649 [FXGL Background Thread 3 ] DEBUG Engine               - enabledMenuItems: []
07:46:47.649 [FXGL Background Thread 3 ] DEBUG Engine               - engineServices: [class com.almasb.fxgl.app.services.FXGLAssetLoaderService, class com.almasb.fxgl.app.FXGLApplication$GameApplicationService, class com.almasb.fxgl.app.services.FXGLDialogService, class com.almasb.fxgl.app.services.IOTaskExecutorService, class com.almasb.fxgl.io.FileSystemService, class com.almasb.fxgl.localization.LocalizationService, class com.almasb.fxgl.app.services.SystemBundleService, class com.almasb.fxgl.profile.SaveLoadService, class com.almasb.fxgl.ui.FXGLUIFactoryServiceProvider, class com.almasb.fxgl.ui.FXGLDialogFactoryServiceProvider, class com.almasb.fxgl.audio.AudioPlayer, class com.almasb.fxgl.notification.impl.NotificationServiceProvider, class com.almasb.fxgl.achievement.AchievementService, class com.almasb.fxgl.cutscene.CutsceneService, class com.almasb.fxgl.minigames.MiniGameService, class com.almasb.fxgl.net.NetService, class com.almasb.fxgl.app.services.UpdaterService, class com.almasb.fxgl.dev.DevService]
07:46:47.649 [FXGL Background Thread 3 ] DEBUG Engine               - fontGame: Abel-Regular.ttf
07:46:47.649 [FXGL Background Thread 3 ] DEBUG Engine               - fontMono: TerminalLandMono-Regular.otf
07:46:47.649 [FXGL Background Thread 3 ] DEBUG Engine               - fontSizeScaleUI: 1.0
07:46:47.649 [FXGL Background Thread 3 ] DEBUG Engine               - fontText: Courier-Prime.ttf
07:46:47.649 [FXGL Background Thread 3 ] DEBUG Engine               - fontUI: VarelaRound-Regular.ttf
07:46:47.650 [FXGL Background Thread 3 ] DEBUG Engine               - fullScreen: BooleanProperty [value: false]
07:46:47.650 [FXGL Background Thread 3 ] DEBUG Engine               - gameDifficulty: MEDIUM
07:46:47.650 [FXGL Background Thread 3 ] DEBUG Engine               - gameDifficultyProperty: ObjectProperty [value: MEDIUM]
07:46:47.650 [FXGL Background Thread 3 ] DEBUG Engine               - globalMusicVolume: 0.5
07:46:47.650 [FXGL Background Thread 3 ] DEBUG Engine               - globalMusicVolumeProperty: DoubleProperty [value: 0.5]
07:46:47.650 [FXGL Background Thread 3 ] DEBUG Engine               - globalSoundVolume: 0.5
07:46:47.650 [FXGL Background Thread 3 ] DEBUG Engine               - globalSoundVolumeProperty: DoubleProperty [value: 0.5]
07:46:47.650 [FXGL Background Thread 3 ] DEBUG Engine               - height: 1088
07:46:47.650 [FXGL Background Thread 3 ] DEBUG Engine               - is3D: false
07:46:47.650 [FXGL Background Thread 3 ] DEBUG Engine               - isAndroid: false
07:46:47.650 [FXGL Background Thread 3 ] DEBUG Engine               - isBrowser: false
07:46:47.650 [FXGL Background Thread 3 ] DEBUG Engine               - isClickFeedbackEnabled: false
07:46:47.651 [FXGL Background Thread 3 ] DEBUG Engine               - isCloseConfirmation: false
07:46:47.651 [FXGL Background Thread 3 ] DEBUG Engine               - isDesktop: true
07:46:47.651 [FXGL Background Thread 3 ] DEBUG Engine               - isDeveloperMenuEnabled: false
07:46:47.651 [FXGL Background Thread 3 ] DEBUG Engine               - isEmbedded: false
07:46:47.651 [FXGL Background Thread 3 ] DEBUG Engine               - isEntityPreloadEnabled: true
07:46:47.651 [FXGL Background Thread 3 ] DEBUG Engine               - isExperimentalTiledLargeMap: false
07:46:47.651 [FXGL Background Thread 3 ] DEBUG Engine               - isFileSystemWriteAllowed: true
07:46:47.651 [FXGL Background Thread 3 ] DEBUG Engine               - isFullScreenAllowed: true
07:46:47.651 [FXGL Background Thread 3 ] DEBUG Engine               - isFullScreenFromStart: false
07:46:47.651 [FXGL Background Thread 3 ] DEBUG Engine               - isGameMenuEnabled: true
07:46:47.651 [FXGL Background Thread 3 ] DEBUG Engine               - isIOS: false
07:46:47.651 [FXGL Background Thread 3 ] DEBUG Engine               - isIntroEnabled: false
07:46:47.651 [FXGL Background Thread 3 ] DEBUG Engine               - isLinux: true
07:46:47.651 [FXGL Background Thread 3 ] DEBUG Engine               - isMac: false
07:46:47.652 [FXGL Background Thread 3 ] DEBUG Engine               - isMainMenuEnabled: false
07:46:47.652 [FXGL Background Thread 3 ] DEBUG Engine               - isManualResizeEnabled: true
07:46:47.652 [FXGL Background Thread 3 ] DEBUG Engine               - isMobile: false
07:46:47.652 [FXGL Background Thread 3 ] DEBUG Engine               - isNative: false
07:46:47.652 [FXGL Background Thread 3 ] DEBUG Engine               - isPauseMusicWhenMinimized: true
07:46:47.652 [FXGL Background Thread 3 ] DEBUG Engine               - isPreserveResizeRatio: false
07:46:47.652 [FXGL Background Thread 3 ] DEBUG Engine               - isProfilingEnabled: false
07:46:47.652 [FXGL Background Thread 3 ] DEBUG Engine               - isScaleAffectedOnResize: true
07:46:47.652 [FXGL Background Thread 3 ] DEBUG Engine               - isSingleStep: false
07:46:47.652 [FXGL Background Thread 3 ] DEBUG Engine               - isUserProfileEnabled: false
07:46:47.652 [FXGL Background Thread 3 ] DEBUG Engine               - isWindows: false
07:46:47.652 [FXGL Background Thread 3 ] DEBUG Engine               - language: ObjectProperty [value: ENGLISH]
07:46:47.653 [FXGL Background Thread 3 ] DEBUG Engine               - menuKey: ESCAPE
07:46:47.653 [FXGL Background Thread 3 ] DEBUG Engine               - mouseSensitivity: 0.2
07:46:47.653 [FXGL Background Thread 3 ] DEBUG Engine               - notificationViewClass: class com.almasb.fxgl.notification.view.XboxNotificationView
07:46:47.653 [FXGL Background Thread 3 ] DEBUG Engine               - pixelsPerMeter: 50.0
07:46:47.653 [FXGL Background Thread 3 ] DEBUG Engine               - platform: LINUX
07:46:47.653 [FXGL Background Thread 3 ] DEBUG Engine               - prefHeightProperty: ReadOnlyDoubleProperty [value: 1088.0]
07:46:47.653 [FXGL Background Thread 3 ] DEBUG Engine               - prefWidthProperty: ReadOnlyDoubleProperty [value: 1920.0]
07:46:47.653 [FXGL Background Thread 3 ] DEBUG Engine               - profileDir: profiles/
07:46:47.653 [FXGL Background Thread 3 ] DEBUG Engine               - profileName: StringProperty [value: DEFAULT]
07:46:47.653 [FXGL Background Thread 3 ] DEBUG Engine               - randomSeed: -1
07:46:47.654 [FXGL Background Thread 3 ] DEBUG Engine               - runtimeInfo: RuntimeInfo(platform=LINUX, version=17.3, build=30.03.2023 11.49)
07:46:47.654 [FXGL Background Thread 3 ] DEBUG Engine               - saveFileExt: sav
07:46:47.654 [FXGL Background Thread 3 ] DEBUG Engine               - scaledHeightProp$fxgl: DoubleProperty [bound, value: 1005.0]
07:46:47.654 [FXGL Background Thread 3 ] DEBUG Engine               - scaledWidthProp$fxgl: DoubleProperty [bound, value: 1920.0]
07:46:47.654 [FXGL Background Thread 3 ] DEBUG Engine               - sceneFactory: com.almasb.fxgl.app.scene.SceneFactory@5038ae5f
07:46:47.654 [FXGL Background Thread 3 ] DEBUG Engine               - secondsIn24h: 60
07:46:47.654 [FXGL Background Thread 3 ] DEBUG Engine               - soundMenuBack: menu/back.wav
07:46:47.654 [FXGL Background Thread 3 ] DEBUG Engine               - soundMenuPress: menu/press.wav
07:46:47.654 [FXGL Background Thread 3 ] DEBUG Engine               - soundMenuSelect: menu/select.wav
07:46:47.654 [FXGL Background Thread 3 ] DEBUG Engine               - soundNotification: core/notification.wav
07:46:47.654 [FXGL Background Thread 3 ] DEBUG Engine               - stageStyle: DECORATED
07:46:47.654 [FXGL Background Thread 3 ] DEBUG Engine               - supportedLanguages: [ENGLISH, FRENCH, GERMAN, HUNGARIAN, RUSSIAN]
07:46:47.654 [FXGL Background Thread 3 ] DEBUG Engine               - ticksPerSecond: -1
07:46:47.655 [FXGL Background Thread 3 ] DEBUG Engine               - title: Droid Rampage
07:46:47.655 [FXGL Background Thread 3 ] DEBUG Engine               - urlGithub: https://github.com/AlmasB/FXGL
07:46:47.655 [FXGL Background Thread 3 ] DEBUG Engine               - urlLeaderboard: http://fxgl-top.herokuapp.com/
07:46:47.655 [FXGL Background Thread 3 ] DEBUG Engine               - urlPOM: https://raw.githubusercontent.com/AlmasB/FXGL/release/README.md
07:46:47.655 [FXGL Background Thread 3 ] DEBUG Engine               - userAppClass: class at.htl.droidrampage.GameApp
07:46:47.655 [FXGL Background Thread 3 ] DEBUG Engine               - version: 1.4
07:46:47.655 [FXGL Background Thread 3 ] DEBUG Engine               - versionCheckDays: 7
07:46:47.655 [FXGL Background Thread 3 ] DEBUG Engine               - width: 1920
07:46:47.655 [FXGL Background Thread 3 ] DEBUG Engine               - Logging services
07:46:47.655 [FXGL Background Thread 3 ] DEBUG Engine               - class com.almasb.fxgl.app.services.FXGLAssetLoaderService
07:46:47.655 [FXGL Background Thread 3 ] DEBUG Engine               - class com.almasb.fxgl.app.FXGLApplication$GameApplicationService
07:46:47.655 [FXGL Background Thread 3 ] DEBUG Engine               - class com.almasb.fxgl.app.services.FXGLDialogService
07:46:47.656 [FXGL Background Thread 3 ] DEBUG Engine               - class com.almasb.fxgl.app.services.IOTaskExecutorService
07:46:47.656 [FXGL Background Thread 3 ] DEBUG Engine               - class com.almasb.fxgl.io.FileSystemService
07:46:47.656 [FXGL Background Thread 3 ] DEBUG Engine               - class com.almasb.fxgl.localization.LocalizationService
07:46:47.656 [FXGL Background Thread 3 ] DEBUG Engine               - class com.almasb.fxgl.app.services.SystemBundleService
07:46:47.656 [FXGL Background Thread 3 ] DEBUG Engine               - class com.almasb.fxgl.profile.SaveLoadService
07:46:47.656 [FXGL Background Thread 3 ] DEBUG Engine               - class com.almasb.fxgl.ui.FXGLUIFactoryServiceProvider
07:46:47.656 [FXGL Background Thread 3 ] DEBUG Engine               - class com.almasb.fxgl.ui.FXGLDialogFactoryServiceProvider
07:46:47.656 [FXGL Background Thread 3 ] DEBUG Engine               - class com.almasb.fxgl.audio.AudioPlayer
07:46:47.656 [FXGL Background Thread 3 ] DEBUG Engine               - class com.almasb.fxgl.notification.impl.NotificationServiceProvider
07:46:47.656 [FXGL Background Thread 3 ] DEBUG Engine               - class com.almasb.fxgl.achievement.AchievementService
07:46:47.656 [FXGL Background Thread 3 ] DEBUG Engine               - class com.almasb.fxgl.cutscene.CutsceneService
07:46:47.656 [FXGL Background Thread 3 ] DEBUG Engine               - class com.almasb.fxgl.minigames.MiniGameService
07:46:47.656 [FXGL Background Thread 3 ] DEBUG Engine               - class com.almasb.fxgl.net.NetService
07:46:47.656 [FXGL Background Thread 3 ] DEBUG Engine               - class com.almasb.fxgl.app.services.UpdaterService
07:46:47.656 [FXGL Background Thread 3 ] DEBUG Engine               - class com.almasb.fxgl.dev.DevService
07:47:16.532 [JavaFX Application Thread] WARN  TMXLevelLoader       - TiledMap generated from 1.8.2. Supported version: 1.9.0. Some features may not be parsed fully.
07:47:16.543 [JavaFX Application Thread] DEBUG TMXLevelLoader       - Parsed TiledMap: file:/home/franz/Documents/Schule/3-Klasse/POS/DroidRampage/target/classes/assets/levels/Tile6.tmx
07:47:16.544 [JavaFX Application Thread] DEBUG TMXLevelLoader       - Creating tile layer entities
07:47:16.545 [JavaFX Application Thread] DEBUG TilesetLoader        - Loading view for layer Tile Layer 1
07:47:16.546 [JavaFX Application Thread] DEBUG TilesetLoader        - Created buffer with size 1920.0x1088.0
07:47:16.636 [JavaFX Application Thread] DEBUG TMXLevelLoader       - Creating object layer entities
07:47:28.026 [JavaFX Application Thread] WARN  TMXLevelLoader       - TiledMap generated from 1.8.2. Supported version: 1.9.0. Some features may not be parsed fully.
07:47:28.045 [JavaFX Application Thread] DEBUG TMXLevelLoader       - Parsed TiledMap: file:/home/franz/Documents/Schule/3-Klasse/POS/DroidRampage/target/classes/assets/levels/TileStart.tmx
07:47:28.046 [JavaFX Application Thread] DEBUG TMXLevelLoader       - Creating tile layer entities
07:47:28.046 [JavaFX Application Thread] DEBUG TilesetLoader        - Loading view for layer Kachelebene 1
07:47:28.048 [JavaFX Application Thread] DEBUG TilesetLoader        - Created buffer with size 1920.0x1088.0
07:47:28.134 [JavaFX Application Thread] DEBUG TMXLevelLoader       - Creating object layer entities
07:47:36.840 [JavaFX Application Thread] WARN  TMXLevelLoader       - TiledMap generated from 1.8.2. Supported version: 1.9.0. Some features may not be parsed fully.
07:47:36.853 [JavaFX Application Thread] DEBUG TMXLevelLoader       - Parsed TiledMap: file:/home/franz/Documents/Schule/3-Klasse/POS/DroidRampage/target/classes/assets/levels/Tile2.tmx
07:47:36.853 [JavaFX Application Thread] DEBUG TMXLevelLoader       - Creating tile layer entities
07:47:36.853 [JavaFX Application Thread] DEBUG TilesetLoader        - Loading view for layer Tile Layer 1
07:47:36.861 [JavaFX Application Thread] DEBUG TilesetLoader        - Created buffer with size 1920.0x1088.0
07:47:36.940 [JavaFX Application Thread] DEBUG TMXLevelLoader       - Creating object layer entities
07:47:44.270 [JavaFX Application Thread] WARN  TMXLevelLoader       - TiledMap generated from 1.8.2. Supported version: 1.9.0. Some features may not be parsed fully.
07:47:44.285 [JavaFX Application Thread] DEBUG TMXLevelLoader       - Parsed TiledMap: file:/home/franz/Documents/Schule/3-Klasse/POS/DroidRampage/target/classes/assets/levels/TileStart.tmx
07:47:44.285 [JavaFX Application Thread] DEBUG TMXLevelLoader       - Creating tile layer entities
07:47:44.285 [JavaFX Application Thread] DEBUG TilesetLoader        - Loading view for layer Kachelebene 1
07:47:44.294 [JavaFX Application Thread] DEBUG TilesetLoader        - Created buffer with size 1920.0x1088.0
07:47:44.388 [JavaFX Application Thread] DEBUG TMXLevelLoader       - Creating object layer entities
07:47:50.800 [JavaFX Application Thread] WARN  TMXLevelLoader       - TiledMap generated from 1.8.2. Supported version: 1.9.0. Some features may not be parsed fully.
07:47:50.815 [JavaFX Application Thread] DEBUG TMXLevelLoader       - Parsed TiledMap: file:/home/franz/Documents/Schule/3-Klasse/POS/DroidRampage/target/classes/assets/levels/Tile5.tmx
07:47:50.815 [JavaFX Application Thread] DEBUG TMXLevelLoader       - Creating tile layer entities
07:47:50.816 [JavaFX Application Thread] DEBUG TilesetLoader        - Loading view for layer Tile Layer 1
07:47:50.825 [JavaFX Application Thread] DEBUG TilesetLoader        - Created buffer with size 1920.0x1088.0
07:47:50.922 [JavaFX Application Thread] DEBUG TMXLevelLoader       - Creating object layer entities
07:47:56.718 [JavaFX Application Thread] WARN  TMXLevelLoader       - TiledMap generated from 1.8.2. Supported version: 1.9.0. Some features may not be parsed fully.
07:47:56.727 [JavaFX Application Thread] DEBUG TMXLevelLoader       - Parsed TiledMap: file:/home/franz/Documents/Schule/3-Klasse/POS/DroidRampage/target/classes/assets/levels/Tile6.tmx
07:47:56.727 [JavaFX Application Thread] DEBUG TMXLevelLoader       - Creating tile layer entities
07:47:56.728 [JavaFX Application Thread] DEBUG TilesetLoader        - Loading view for layer Tile Layer 1
07:47:56.737 [JavaFX Application Thread] DEBUG TilesetLoader        - Created buffer with size 1920.0x1088.0
07:47:56.829 [JavaFX Application Thread] DEBUG TMXLevelLoader       - Creating object layer entities
07:47:58.608 [JavaFX Application Thread] DEBUG GameApplicationServi - Starting new game
07:47:58.609 [JavaFX Application Thread] DEBUG Input                - Clearing active input actions
07:47:58.619 [JavaFX Application Thread] DEBUG GameApplicationServi - Removing overlay from GameScene and adding to FXGLLoadingScene
07:47:58.619 [JavaFX Application Thread] DEBUG PrimaryStageWindow   - GameScene -> FXGLLoadingScene
07:47:58.619 [JavaFX Application Thread] DEBUG GameApplicationServi - Clearing previous game
07:47:58.620 [JavaFX Application Thread] DEBUG GameScene            - Clearing game scene
07:47:58.620 [JavaFX Application Thread] DEBUG GameWorld            - Clearing game world
07:47:58.625 [JavaFX Application Thread] DEBUG PhysicsWorld         - Clearing physics world
07:47:58.626 [FXGL Background Thread 5 ] DEBUG FXGLApplication      - Initializing game
07:47:58.629 [FXGL Background Thread 5 ] WARN  TMXLevelLoader       - TiledMap generated from 1.8.2. Supported version: 1.9.0. Some features may not be parsed fully.
07:47:58.637 [FXGL Background Thread 5 ] DEBUG TMXLevelLoader       - Parsed TiledMap: file:/home/franz/Documents/Schule/3-Klasse/POS/DroidRampage/target/classes/assets/levels/TileStart.tmx
07:47:58.637 [FXGL Background Thread 5 ] DEBUG TMXLevelLoader       - Creating tile layer entities
07:47:58.638 [FXGL Background Thread 5 ] DEBUG TilesetLoader        - Loading view for layer Kachelebene 1
07:47:58.653 [FXGL Background Thread 5 ] DEBUG TilesetLoader        - Created buffer with size 1920.0x1088.0
07:47:58.811 [FXGL Background Thread 5 ] DEBUG TMXLevelLoader       - Creating object layer entities
07:47:58.822 [FXGL Background Thread 5 ] DEBUG GameWorld            - Clearing removable entities
07:47:58.823 [FXGL Background Thread 5 ] DEBUG GameWorld            - Setting level: com.almasb.fxgl.entity.level.Level@1bc7f07f
07:47:59.029 [FXGL Background Thread 5 ] INFO  FXGLApplication      - Game initialization took: 0.402 sec
07:47:59.032 [JavaFX Application Thread] DEBUG Input                - Clearing active input actions
07:47:59.050 [JavaFX Application Thread] DEBUG GameApplicationServi - Removing overlay from FXGLLoadingScene and adding to GameScene
07:47:59.050 [JavaFX Application Thread] DEBUG PrimaryStageWindow   - FXGLLoadingScene -> GameScene
07:47:59.060 [JavaFX Application Thread] WARN  TMXLevelLoader       - TiledMap generated from 1.8.2. Supported version: 1.9.0. Some features may not be parsed fully.
07:47:59.065 [JavaFX Application Thread] DEBUG TMXLevelLoader       - Parsed TiledMap: file:/home/franz/Documents/Schule/3-Klasse/POS/DroidRampage/target/classes/assets/levels/Tile4.tmx
07:47:59.066 [JavaFX Application Thread] DEBUG TMXLevelLoader       - Creating tile layer entities
07:47:59.066 [JavaFX Application Thread] DEBUG TilesetLoader        - Loading view for layer Tile Layer 1
07:47:59.073 [JavaFX Application Thread] DEBUG TilesetLoader        - Created buffer with size 1920.0x1088.0
07:47:59.157 [JavaFX Application Thread] DEBUG TMXLevelLoader       - Creating object layer entities
07:48:01.823 [JavaFX Application Thread] DEBUG FXGLApplication      - Exiting FXGL
07:48:01.824 [JavaFX Application Thread] DEBUG LoopRunner           - Stopping loop
07:48:01.824 [JavaFX Application Thread] DEBUG SystemBundleService  - Saving FXGL system data
07:48:01.827 [JavaFX Application Thread] DEBUG FileSystemAccess     - Writing to: /home/franz/Documents/Schule/3-Klasse/POS/DroidRampage/system/fxgl.bundle
07:48:01.829 [JavaFX Application Thread] DEBUG Async                - Shutting down background threads
07:48:01.829 [JavaFX Application Thread] DEBUG PrimaryStageWindow   - Closing main window
07:48:01.832 [JavaFX Application Thread] DEBUG Logger               - Closing Logger
