13:11:03.577 [main                     ] DEBUG Logger               - Configured Logger
13:11:03.600 [main                     ] DEBUG GameApplication      - Logging settings
Title: Droid Rampage
Version: 1.4
Width: 1920
Height: 1088
Fullscreen: true
Intro: false
Profiling: false
Single step:false
App Mode: DEVELOPER
Menu Key: ESCAPE
Stage Style: DECORATED
Scene Factory: class com.almasb.fxgl.app.scene.SceneFactory

13:11:04.761 [JavaFX Application Thread] DEBUG FXGLApplication      - Initializing FXGL
13:11:04.768 [JavaFX Application Thread] INFO  Engine               - FXGL-17.3 (30.03.2023 11.49) on LINUX (J:26 FX:21.0.6)
13:11:04.769 [JavaFX Application Thread] DEBUG Engine               - JRE Vendor Name: Oracle Corporation
13:11:04.769 [JavaFX Application Thread] DEBUG Engine               - Running on OS: Linux version 6.17.0-29-generic
13:11:04.770 [JavaFX Application Thread] DEBUG Engine               - Architecture: amd64
13:11:04.770 [JavaFX Application Thread] INFO  Engine               - Source code and latest versions at: https://github.com/AlmasB/FXGL
13:11:04.770 [JavaFX Application Thread] INFO  Engine               -       Ask questions and discuss at: https://github.com/AlmasB/FXGL/discussions
13:11:04.771 [JavaFX Application Thread] INFO  Engine               -              Join the FXGL chat at: https://gitter.im/AlmasB/FXGL
13:11:05.033 [JavaFX Application Thread] DEBUG PrimaryStageWindow   - Creating a JavaFX scene
13:11:05.033 [JavaFX Application Thread] DEBUG PrimaryStageWindow   - Target size > screen size
13:11:05.221 [JavaFX Application Thread] DEBUG PrimaryStageWindow   - Target settings size: 1920.0 x 1088.0
13:11:05.221 [JavaFX Application Thread] DEBUG PrimaryStageWindow   - Scaled scene size:    1880.0 x 1079.0
13:11:05.222 [JavaFX Application Thread] DEBUG PrimaryStageWindow   - Scaled ratio: (0.9791666666666666, 0.9917279411764706)
13:11:05.224 [JavaFX Application Thread] DEBUG PrimaryStageWindow   - Set initial scene to FXGLStartupScene
13:11:05.235 [JavaFX Application Thread] DEBUG PrimaryStageWindow   - Opening main window
13:11:05.310 [JavaFX Application Thread] DEBUG PrimaryStageWindow   - Window border size: (0.0, 35.0)
13:11:05.311 [JavaFX Application Thread] DEBUG PrimaryStageWindow   - Scaled size: 1880.0 x 1044.0
13:11:05.311 [JavaFX Application Thread] DEBUG PrimaryStageWindow   - Scaled ratio: (0.9791666666666666, 0.9595588235294118)
13:11:05.311 [JavaFX Application Thread] DEBUG PrimaryStageWindow   - Scene size: 1880.0 x 1079.0
13:11:05.312 [JavaFX Application Thread] DEBUG PrimaryStageWindow   - Stage size: 1880.0 x 1079.0
13:11:05.327 [FXGL Background Thread 1 ] DEBUG Engine               - Initializing environment variables
13:11:05.450 [FXGL Background Thread 1 ] DEBUG FXGLAssetLoaderServi - User app class for loading assets: class at.htl.droidrampage.GameApp
13:11:05.451 [FXGL Background Thread 1 ] DEBUG GameApplicationServi - Applying CSS: fxgl_dark.css
13:11:05.454 [FXGL Background Thread 1 ] DEBUG FXGLAssetLoaderServi - Loading from file system: jar:file:/home/franz/.m2/repository/com/github/almasb/fxgl/17.3/fxgl-17.3.jar!/fxglassets/ui/css/fxgl_dark.css
13:11:05.598 [FXGL Background Thread 1 ] DEBUG GameApplicationServi - Initializing application scenes
13:11:05.673 [FXGL Background Thread 1 ] DEBUG GameWorld            - Game world initialized
13:11:05.747 [FXGL Background Thread 1 ] DEBUG PhysicsWorld         - Physics world initialized: appHeight=1088, physics.ppm=50.0
13:11:05.748 [FXGL Background Thread 1 ] DEBUG PhysicsWorld         - Using strategy: BRUTE_FORCE
13:11:05.764 [FXGL Background Thread 1 ] DEBUG GameScene            - Game scene initialized: 1920x1088
13:11:05.800 [FXGL Background Thread 1 ] DEBUG FXGL.DefaultMenu     - createMenuBodyGameMenu()
13:11:05.830 [FXGL Background Thread 1 ] DEBUG FXGL.DefaultMenu     - createOptionsMenu()
13:11:05.851 [FXGL Background Thread 1 ] DEBUG FXGLAssetLoaderServi - Loading from file system: jar:file:/home/franz/.m2/repository/com/github/almasb/fxgl/17.3/fxgl-17.3.jar!/fxglassets/textures/particles/smoke.png
13:11:06.029 [FXGL Background Thread 1 ] DEBUG FXGLAssetLoaderServi - Loading from file system: jar:file:/home/franz/.m2/repository/com/github/almasb/fxgl/17.3/fxgl-17.3.jar!/fxglassets/textures/particles/trace_horizontal.png
13:11:06.083 [FXGL Background Thread 1 ] DEBUG GameApplicationServi - Application scenes initialized
13:11:06.104 [FXGL Background Thread 1 ] DEBUG SystemBundleService  - Loading FXGL system data
13:11:06.107 [FXGL Background Thread 1 ] DEBUG FileSystemAccess     - Reading from: /home/franz/Documents/Schule/3-Klasse/POS/DroidRampage/system/fxgl.bundle
13:11:06.111 [FXGL Background Thread 1 ] DEBUG SystemBundleService  - Bundle FXGL: {}
13:11:06.111 [FXGL Background Thread 1 ] DEBUG UpdaterService       - Checking for updates
13:11:06.119 [FXGL Background Thread 4 ] DEBUG FXGLApplication      - Loading fonts
13:11:06.120 [FXGL Background Thread 4 ] DEBUG FXGLAssetLoaderServi - Loading from file system: jar:file:/home/franz/.m2/repository/com/github/almasb/fxgl/17.3/fxgl-17.3.jar!/fxglassets/ui/fonts/VarelaRound-Regular.ttf
13:11:06.121 [FXGL Background Thread 1 ] DEBUG FXGLApplication      - Loading default localization
13:11:06.122 [FXGL Background Thread 1 ] DEBUG FXGLAssetLoaderServi - Loading from file system: jar:file:/home/franz/.m2/repository/com/github/almasb/fxgl/17.3/fxgl-17.3.jar!/fxglassets/languages/english.lang
13:11:06.132 [FXGL Background Thread 4 ] DEBUG FXGLAssetLoaderServi - Loading from file system: jar:file:/home/franz/.m2/repository/com/github/almasb/fxgl/17.3/fxgl-17.3.jar!/fxglassets/ui/fonts/Abel-Regular.ttf
13:11:06.136 [FXGL Background Thread 4 ] DEBUG FXGLAssetLoaderServi - Loading from file system: jar:file:/home/franz/.m2/repository/com/github/almasb/fxgl/17.3/fxgl-17.3.jar!/fxglassets/ui/fonts/TerminalLandMono-Regular.otf
13:11:06.140 [FXGL Background Thread 4 ] DEBUG FXGLAssetLoaderServi - Loading from file system: jar:file:/home/franz/.m2/repository/com/github/almasb/fxgl/17.3/fxgl-17.3.jar!/fxglassets/ui/fonts/Courier-Prime.ttf
13:11:06.154 [JavaFX Application Thread] DEBUG FXGLApplication      - Registering font factories with UI factory
13:11:06.162 [FXGL Background Thread 1 ] INFO  FXGLApplication      - FXGL initialization took: 0.835 sec
13:11:06.164 [JavaFX Application Thread] DEBUG FXGLAssetLoaderServi - Loading from file system: jar:file:/home/franz/.m2/repository/com/github/almasb/fxgl/17.3/fxgl-17.3.jar!/fxglassets/textures/fxgl_icon.png
13:11:06.229 [JavaFX Application Thread] DEBUG FXGLAssetLoaderServi - Loading from file system: jar:file:/home/franz/.m2/repository/com/github/almasb/fxgl/17.3/fxgl-17.3.jar!/fxglassets/textures/fxgl_default_cursor.png
13:11:06.252 [JavaFX Application Thread] DEBUG Input                - Registered new binding: Screenshot - CTRL+8
13:11:06.254 [JavaFX Application Thread] DEBUG Input                - Registered new binding: System info dump - CTRL+9
13:11:06.255 [JavaFX Application Thread] DEBUG Input                - Registered new binding: Restart - CTRL+R
13:11:06.257 [JavaFX Application Thread] DEBUG Input                - Registered new binding: Toggle Debug Camera - CTRL+7
13:11:06.265 [JavaFX Application Thread] DEBUG LoopRunner           - Starting loop
13:11:06.266 [JavaFX Application Thread] DEBUG LoopRunner           - Initializing JavaFX AnimationTimerLoop
13:11:06.269 [JavaFX Application Thread] DEBUG GameApplicationServi - Starting new game
13:11:06.270 [JavaFX Application Thread] DEBUG Input                - Clearing active input actions
13:11:06.296 [JavaFX Application Thread] DEBUG GameApplicationServi - Removing overlay from FXGLStartupScene and adding to FXGLLoadingScene
13:11:06.297 [JavaFX Application Thread] DEBUG PrimaryStageWindow   - FXGLStartupScene -> FXGLLoadingScene
13:11:06.297 [JavaFX Application Thread] DEBUG GameApplicationServi - Clearing previous game
13:11:06.298 [JavaFX Application Thread] DEBUG GameScene            - Clearing game scene
13:11:06.298 [JavaFX Application Thread] DEBUG GameWorld            - Clearing game world
13:11:06.298 [JavaFX Application Thread] DEBUG PhysicsWorld         - Clearing physics world
13:11:06.302 [FXGL Background Thread 1 ] DEBUG FXGLApplication      - Initializing game
13:11:06.387 [FXGL Background Thread 1 ] WARN  TMXLevelLoader       - TiledMap generated from 1.8.2. Supported version: 1.9.0. Some features may not be parsed fully.
13:11:06.427 [FXGL Background Thread 1 ] DEBUG TMXLevelLoader       - Parsed TiledMap: file:/home/franz/Documents/Schule/3-Klasse/POS/DroidRampage/target/classes/assets/levels/TileStart.tmx
13:11:06.429 [FXGL Background Thread 1 ] DEBUG TMXLevelLoader       - Creating tile layer entities
13:11:06.433 [FXGL Background Thread 1 ] DEBUG TilesetLoader        - Loading view for layer Kachelebene 1
13:11:06.440 [FXGL Background Thread 1 ] DEBUG TilesetLoader        - Created buffer with size 1920.0x1088.0
13:11:06.661 [FXGL Background Thread 1 ] DEBUG TMXLevelLoader       - Creating object layer entities
13:11:06.717 [FXGL Background Thread 1 ] DEBUG FXGLAssetLoaderServi - Loading from file system: file:/home/franz/Documents/Schule/3-Klasse/POS/DroidRampage/target/classes/assets/textures/credit2.png
13:11:06.875 [FXGL Background Thread 1 ] DEBUG FXGLAssetLoaderServi - Loading from file system: file:/home/franz/Documents/Schule/3-Klasse/POS/DroidRampage/target/classes/assets/textures/credit1.png
13:11:07.009 [FXGL Background Thread 1 ] DEBUG FXGLAssetLoaderServi - Loading from file system: file:/home/franz/Documents/Schule/3-Klasse/POS/DroidRampage/target/classes/assets/textures/credit3.png
13:11:07.148 [FXGL Background Thread 1 ] DEBUG GameWorld            - Clearing removable entities
13:11:07.149 [FXGL Background Thread 1 ] DEBUG GameWorld            - Setting level: com.almasb.fxgl.entity.level.Level@54e55b89
13:11:07.601 [FXGL Background Thread 1 ] DEBUG FXGLAssetLoaderServi - Loading from file system: file:/home/franz/Documents/Schule/3-Klasse/POS/DroidRampage/target/classes/assets/textures/r2d2.png
13:11:07.613 [FXGL Background Thread 1 ] DEBUG Input                - Registered new binding: Move Right - D
13:11:07.614 [FXGL Background Thread 1 ] DEBUG Input                - Registered new binding: Move Left - A
13:11:07.614 [FXGL Background Thread 1 ] DEBUG Input                - Registered new binding: Jump - Space
13:11:07.614 [FXGL Background Thread 1 ] DEBUG Input                - Registered new binding: Jump (W) - W
13:11:07.615 [FXGL Background Thread 1 ] DEBUG Input                - Registered new binding: Toggle Cheat Mode - I
13:11:07.615 [FXGL Background Thread 1 ] DEBUG Input                - Registered new binding: Restart - R
13:11:07.619 [FXGL Background Thread 1 ] INFO  FXGLApplication      - Game initialization took: 1.317 sec
13:11:07.626 [JavaFX Application Thread] DEBUG Input                - Clearing active input actions
13:11:07.648 [JavaFX Application Thread] DEBUG GameApplicationServi - Removing overlay from FXGLLoadingScene and adding to GameScene
13:11:07.649 [JavaFX Application Thread] DEBUG PrimaryStageWindow   - FXGLLoadingScene -> GameScene
13:11:07.664 [JavaFX Application Thread] WARN  TMXLevelLoader       - TiledMap generated from 1.8.2. Supported version: 1.9.0. Some features may not be parsed fully.
13:11:07.680 [JavaFX Application Thread] DEBUG TMXLevelLoader       - Parsed TiledMap: file:/home/franz/Documents/Schule/3-Klasse/POS/DroidRampage/target/classes/assets/levels/Tile4.tmx
13:11:07.681 [JavaFX Application Thread] DEBUG TMXLevelLoader       - Creating tile layer entities
13:11:07.681 [JavaFX Application Thread] DEBUG TilesetLoader        - Loading view for layer Tile Layer 1
13:11:07.694 [JavaFX Application Thread] DEBUG TilesetLoader        - Created buffer with size 1920.0x1088.0
13:11:07.728 [FXGL Background Thread 2 ] INFO  UpdaterService       - Your current version:  17.3
13:11:07.728 [FXGL Background Thread 2 ] INFO  UpdaterService       - Latest stable version: 25
13:11:07.786 [JavaFX Application Thread] DEBUG TMXLevelLoader       - Creating object layer entities
13:11:09.116 [FXGL Background Thread 3 ] DEBUG Engine               - Logging environment variables
13:11:09.118 [FXGL Background Thread 3 ] DEBUG Engine               - achievements: []
13:11:09.118 [FXGL Background Thread 3 ] DEBUG Engine               - actualHeight: 1044.0
13:11:09.119 [FXGL Background Thread 3 ] DEBUG Engine               - actualHeightProperty: ReadOnlyDoubleProperty [value: 1005.0]
13:11:09.119 [FXGL Background Thread 3 ] DEBUG Engine               - actualWidth: 1880.0
13:11:09.119 [FXGL Background Thread 3 ] DEBUG Engine               - actualWidthProperty: ReadOnlyDoubleProperty [value: 1920.0]
13:11:09.119 [FXGL Background Thread 3 ] DEBUG Engine               - appIcon: fxgl_icon.png
13:11:09.120 [FXGL Background Thread 3 ] DEBUG Engine               - applicationMode: DEVELOPER
13:11:09.120 [FXGL Background Thread 3 ] DEBUG Engine               - cSSList: [fxgl_dark.css]
13:11:09.120 [FXGL Background Thread 3 ] DEBUG Engine               - collisionDetectionStrategy: BRUTE_FORCE
13:11:09.120 [FXGL Background Thread 3 ] DEBUG Engine               - configClass: Optional.empty
13:11:09.121 [FXGL Background Thread 3 ] DEBUG Engine               - credits: []
13:11:09.122 [FXGL Background Thread 3 ] DEBUG Engine               - defaultCursor: CursorInfo(imageName=fxgl_default_cursor.png, hotspotX=7.0, hotspotY=6.0)
13:11:09.122 [FXGL Background Thread 3 ] DEBUG Engine               - devBBoxColorProperty: ObjectProperty [value: 0xff0000ff]
13:11:09.123 [FXGL Background Thread 3 ] DEBUG Engine               - devEnableDebugCameraProperty: BooleanProperty [value: false]
13:11:09.123 [FXGL Background Thread 3 ] DEBUG Engine               - devSensorColorProperty: ObjectProperty [value: 0xffff00ff]
13:11:09.123 [FXGL Background Thread 3 ] DEBUG Engine               - devShowBBoxProperty: BooleanProperty [value: false]
13:11:09.124 [FXGL Background Thread 3 ] DEBUG Engine               - devShowPositionProperty: BooleanProperty [value: false]
13:11:09.124 [FXGL Background Thread 3 ] DEBUG Engine               - enabledMenuItems: []
13:11:09.124 [FXGL Background Thread 3 ] DEBUG Engine               - engineServices: [class com.almasb.fxgl.app.services.FXGLAssetLoaderService, class com.almasb.fxgl.app.FXGLApplication$GameApplicationService, class com.almasb.fxgl.app.services.FXGLDialogService, class com.almasb.fxgl.app.services.IOTaskExecutorService, class com.almasb.fxgl.io.FileSystemService, class com.almasb.fxgl.localization.LocalizationService, class com.almasb.fxgl.app.services.SystemBundleService, class com.almasb.fxgl.profile.SaveLoadService, class com.almasb.fxgl.ui.FXGLUIFactoryServiceProvider, class com.almasb.fxgl.ui.FXGLDialogFactoryServiceProvider, class com.almasb.fxgl.audio.AudioPlayer, class com.almasb.fxgl.notification.impl.NotificationServiceProvider, class com.almasb.fxgl.achievement.AchievementService, class com.almasb.fxgl.cutscene.CutsceneService, class com.almasb.fxgl.minigames.MiniGameService, class com.almasb.fxgl.net.NetService, class com.almasb.fxgl.app.services.UpdaterService, class com.almasb.fxgl.dev.DevService]
13:11:09.124 [FXGL Background Thread 3 ] DEBUG Engine               - fontGame: Abel-Regular.ttf
13:11:09.125 [FXGL Background Thread 3 ] DEBUG Engine               - fontMono: TerminalLandMono-Regular.otf
13:11:09.125 [FXGL Background Thread 3 ] DEBUG Engine               - fontSizeScaleUI: 1.0
13:11:09.125 [FXGL Background Thread 3 ] DEBUG Engine               - fontText: Courier-Prime.ttf
13:11:09.125 [FXGL Background Thread 3 ] DEBUG Engine               - fontUI: VarelaRound-Regular.ttf
13:11:09.126 [FXGL Background Thread 3 ] DEBUG Engine               - fullScreen: BooleanProperty [value: false]
13:11:09.126 [FXGL Background Thread 3 ] DEBUG Engine               - gameDifficulty: MEDIUM
13:11:09.126 [FXGL Background Thread 3 ] DEBUG Engine               - gameDifficultyProperty: ObjectProperty [value: MEDIUM]
13:11:09.126 [FXGL Background Thread 3 ] DEBUG Engine               - globalMusicVolume: 0.5
13:11:09.127 [FXGL Background Thread 3 ] DEBUG Engine               - globalMusicVolumeProperty: DoubleProperty [value: 0.5]
13:11:09.127 [FXGL Background Thread 3 ] DEBUG Engine               - globalSoundVolume: 0.5
13:11:09.127 [FXGL Background Thread 3 ] DEBUG Engine               - globalSoundVolumeProperty: DoubleProperty [value: 0.5]
13:11:09.128 [FXGL Background Thread 3 ] DEBUG Engine               - height: 1088
13:11:09.128 [FXGL Background Thread 3 ] DEBUG Engine               - is3D: false
13:11:09.128 [FXGL Background Thread 3 ] DEBUG Engine               - isAndroid: false
13:11:09.128 [FXGL Background Thread 3 ] DEBUG Engine               - isBrowser: false
13:11:09.129 [FXGL Background Thread 3 ] DEBUG Engine               - isClickFeedbackEnabled: false
13:11:09.129 [FXGL Background Thread 3 ] DEBUG Engine               - isCloseConfirmation: false
13:11:09.129 [FXGL Background Thread 3 ] DEBUG Engine               - isDesktop: true
13:11:09.129 [FXGL Background Thread 3 ] DEBUG Engine               - isDeveloperMenuEnabled: false
13:11:09.129 [FXGL Background Thread 3 ] DEBUG Engine               - isEmbedded: false
13:11:09.130 [FXGL Background Thread 3 ] DEBUG Engine               - isEntityPreloadEnabled: true
13:11:09.130 [FXGL Background Thread 3 ] DEBUG Engine               - isExperimentalTiledLargeMap: false
13:11:09.130 [FXGL Background Thread 3 ] DEBUG Engine               - isFileSystemWriteAllowed: true
13:11:09.130 [FXGL Background Thread 3 ] DEBUG Engine               - isFullScreenAllowed: true
13:11:09.130 [FXGL Background Thread 3 ] DEBUG Engine               - isFullScreenFromStart: false
13:11:09.131 [FXGL Background Thread 3 ] DEBUG Engine               - isGameMenuEnabled: true
13:11:09.131 [FXGL Background Thread 3 ] DEBUG Engine               - isIOS: false
13:11:09.131 [FXGL Background Thread 3 ] DEBUG Engine               - isIntroEnabled: false
13:11:09.131 [FXGL Background Thread 3 ] DEBUG Engine               - isLinux: true
13:11:09.131 [FXGL Background Thread 3 ] DEBUG Engine               - isMac: false
13:11:09.131 [FXGL Background Thread 3 ] DEBUG Engine               - isMainMenuEnabled: false
13:11:09.132 [FXGL Background Thread 3 ] DEBUG Engine               - isManualResizeEnabled: true
13:11:09.132 [FXGL Background Thread 3 ] DEBUG Engine               - isMobile: false
13:11:09.132 [FXGL Background Thread 3 ] DEBUG Engine               - isNative: false
13:11:09.132 [FXGL Background Thread 3 ] DEBUG Engine               - isPauseMusicWhenMinimized: true
13:11:09.132 [FXGL Background Thread 3 ] DEBUG Engine               - isPreserveResizeRatio: false
13:11:09.133 [FXGL Background Thread 3 ] DEBUG Engine               - isProfilingEnabled: false
13:11:09.133 [FXGL Background Thread 3 ] DEBUG Engine               - isScaleAffectedOnResize: true
13:11:09.133 [FXGL Background Thread 3 ] DEBUG Engine               - isSingleStep: false
13:11:09.133 [FXGL Background Thread 3 ] DEBUG Engine               - isUserProfileEnabled: false
13:11:09.133 [FXGL Background Thread 3 ] DEBUG Engine               - isWindows: false
13:11:09.134 [FXGL Background Thread 3 ] DEBUG Engine               - language: ObjectProperty [value: ENGLISH]
13:11:09.134 [FXGL Background Thread 3 ] DEBUG Engine               - menuKey: ESCAPE
13:11:09.134 [FXGL Background Thread 3 ] DEBUG Engine               - mouseSensitivity: 0.2
13:11:09.134 [FXGL Background Thread 3 ] DEBUG Engine               - notificationViewClass: class com.almasb.fxgl.notification.view.XboxNotificationView
13:11:09.134 [FXGL Background Thread 3 ] DEBUG Engine               - pixelsPerMeter: 50.0
13:11:09.135 [FXGL Background Thread 3 ] DEBUG Engine               - platform: LINUX
13:11:09.135 [FXGL Background Thread 3 ] DEBUG Engine               - prefHeightProperty: ReadOnlyDoubleProperty [value: 1088.0]
13:11:09.135 [FXGL Background Thread 3 ] DEBUG Engine               - prefWidthProperty: ReadOnlyDoubleProperty [value: 1920.0]
13:11:09.136 [FXGL Background Thread 3 ] DEBUG Engine               - profileDir: profiles/
13:11:09.136 [FXGL Background Thread 3 ] DEBUG Engine               - profileName: StringProperty [value: DEFAULT]
13:11:09.136 [FXGL Background Thread 3 ] DEBUG Engine               - randomSeed: -1
13:11:09.137 [FXGL Background Thread 3 ] DEBUG Engine               - runtimeInfo: RuntimeInfo(platform=LINUX, version=17.3, build=30.03.2023 11.49)
13:11:09.137 [FXGL Background Thread 3 ] DEBUG Engine               - saveFileExt: sav
13:11:09.138 [FXGL Background Thread 3 ] DEBUG Engine               - scaledHeightProp$fxgl: DoubleProperty [bound, value: 1005.0]
13:11:09.138 [FXGL Background Thread 3 ] DEBUG Engine               - scaledWidthProp$fxgl: DoubleProperty [bound, value: 1920.0]
13:11:09.138 [FXGL Background Thread 3 ] DEBUG Engine               - sceneFactory: com.almasb.fxgl.app.scene.SceneFactory@2ddd201d
13:11:09.138 [FXGL Background Thread 3 ] DEBUG Engine               - secondsIn24h: 60
13:11:09.138 [FXGL Background Thread 3 ] DEBUG Engine               - soundMenuBack: menu/back.wav
13:11:09.138 [FXGL Background Thread 3 ] DEBUG Engine               - soundMenuPress: menu/press.wav
13:11:09.139 [FXGL Background Thread 3 ] DEBUG Engine               - soundMenuSelect: menu/select.wav
13:11:09.139 [FXGL Background Thread 3 ] DEBUG Engine               - soundNotification: core/notification.wav
13:11:09.139 [FXGL Background Thread 3 ] DEBUG Engine               - stageStyle: DECORATED
13:11:09.139 [FXGL Background Thread 3 ] DEBUG Engine               - supportedLanguages: [ENGLISH, FRENCH, GERMAN, HUNGARIAN, RUSSIAN]
13:11:09.139 [FXGL Background Thread 3 ] DEBUG Engine               - ticksPerSecond: -1
13:11:09.139 [FXGL Background Thread 3 ] DEBUG Engine               - title: Droid Rampage
13:11:09.140 [FXGL Background Thread 3 ] DEBUG Engine               - urlGithub: https://github.com/AlmasB/FXGL
13:11:09.140 [FXGL Background Thread 3 ] DEBUG Engine               - urlLeaderboard: http://fxgl-top.herokuapp.com/
13:11:09.140 [FXGL Background Thread 3 ] DEBUG Engine               - urlPOM: https://raw.githubusercontent.com/AlmasB/FXGL/release/README.md
13:11:09.140 [FXGL Background Thread 3 ] DEBUG Engine               - userAppClass: class at.htl.droidrampage.GameApp
13:11:09.140 [FXGL Background Thread 3 ] DEBUG Engine               - version: 1.4
13:11:09.140 [FXGL Background Thread 3 ] DEBUG Engine               - versionCheckDays: 7
13:11:09.141 [FXGL Background Thread 3 ] DEBUG Engine               - width: 1920
13:11:09.141 [FXGL Background Thread 3 ] DEBUG Engine               - Logging services
13:11:09.141 [FXGL Background Thread 3 ] DEBUG Engine               - class com.almasb.fxgl.app.services.FXGLAssetLoaderService
13:11:09.141 [FXGL Background Thread 3 ] DEBUG Engine               - class com.almasb.fxgl.app.FXGLApplication$GameApplicationService
13:11:09.141 [FXGL Background Thread 3 ] DEBUG Engine               - class com.almasb.fxgl.app.services.FXGLDialogService
13:11:09.141 [FXGL Background Thread 3 ] DEBUG Engine               - class com.almasb.fxgl.app.services.IOTaskExecutorService
13:11:09.142 [FXGL Background Thread 3 ] DEBUG Engine               - class com.almasb.fxgl.io.FileSystemService
13:11:09.142 [FXGL Background Thread 3 ] DEBUG Engine               - class com.almasb.fxgl.localization.LocalizationService
13:11:09.142 [FXGL Background Thread 3 ] DEBUG Engine               - class com.almasb.fxgl.app.services.SystemBundleService
13:11:09.142 [FXGL Background Thread 3 ] DEBUG Engine               - class com.almasb.fxgl.profile.SaveLoadService
13:11:09.142 [FXGL Background Thread 3 ] DEBUG Engine               - class com.almasb.fxgl.ui.FXGLUIFactoryServiceProvider
13:11:09.142 [FXGL Background Thread 3 ] DEBUG Engine               - class com.almasb.fxgl.ui.FXGLDialogFactoryServiceProvider
13:11:09.142 [FXGL Background Thread 3 ] DEBUG Engine               - class com.almasb.fxgl.audio.AudioPlayer
13:11:09.143 [FXGL Background Thread 3 ] DEBUG Engine               - class com.almasb.fxgl.notification.impl.NotificationServiceProvider
13:11:09.143 [FXGL Background Thread 3 ] DEBUG Engine               - class com.almasb.fxgl.achievement.AchievementService
13:11:09.143 [FXGL Background Thread 3 ] DEBUG Engine               - class com.almasb.fxgl.cutscene.CutsceneService
13:11:09.143 [FXGL Background Thread 3 ] DEBUG Engine               - class com.almasb.fxgl.minigames.MiniGameService
13:11:09.143 [FXGL Background Thread 3 ] DEBUG Engine               - class com.almasb.fxgl.net.NetService
13:11:09.143 [FXGL Background Thread 3 ] DEBUG Engine               - class com.almasb.fxgl.app.services.UpdaterService
13:11:09.144 [FXGL Background Thread 3 ] DEBUG Engine               - class com.almasb.fxgl.dev.DevService
13:11:31.978 [JavaFX Application Thread] DEBUG GameApplicationServi - Starting new game
13:11:31.979 [JavaFX Application Thread] DEBUG Input                - Clearing active input actions
13:11:31.988 [JavaFX Application Thread] DEBUG GameApplicationServi - Removing overlay from GameScene and adding to FXGLLoadingScene
13:11:31.988 [JavaFX Application Thread] DEBUG PrimaryStageWindow   - GameScene -> FXGLLoadingScene
13:11:31.989 [JavaFX Application Thread] DEBUG GameApplicationServi - Clearing previous game
13:11:31.989 [JavaFX Application Thread] DEBUG GameScene            - Clearing game scene
13:11:31.989 [JavaFX Application Thread] DEBUG GameWorld            - Clearing game world
13:11:31.991 [JavaFX Application Thread] DEBUG PhysicsWorld         - Clearing physics world
13:11:31.991 [FXGL Background Thread 2 ] DEBUG FXGLApplication      - Initializing game
13:11:31.995 [FXGL Background Thread 2 ] WARN  TMXLevelLoader       - TiledMap generated from 1.8.2. Supported version: 1.9.0. Some features may not be parsed fully.
13:11:32.021 [FXGL Background Thread 2 ] DEBUG TMXLevelLoader       - Parsed TiledMap: file:/home/franz/Documents/Schule/3-Klasse/POS/DroidRampage/target/classes/assets/levels/TileStart.tmx
13:11:32.022 [FXGL Background Thread 2 ] DEBUG TMXLevelLoader       - Creating tile layer entities
13:11:32.022 [FXGL Background Thread 2 ] DEBUG TilesetLoader        - Loading view for layer Kachelebene 1
13:11:32.031 [FXGL Background Thread 2 ] DEBUG TilesetLoader        - Created buffer with size 1920.0x1088.0
13:11:32.168 [FXGL Background Thread 2 ] DEBUG TMXLevelLoader       - Creating object layer entities
13:11:32.182 [FXGL Background Thread 2 ] DEBUG GameWorld            - Clearing removable entities
13:11:32.182 [FXGL Background Thread 2 ] DEBUG GameWorld            - Setting level: com.almasb.fxgl.entity.level.Level@336e76e6
13:11:32.386 [FXGL Background Thread 2 ] INFO  FXGLApplication      - Game initialization took: 0.394 sec
13:11:32.395 [JavaFX Application Thread] DEBUG Input                - Clearing active input actions
13:11:32.408 [JavaFX Application Thread] DEBUG GameApplicationServi - Removing overlay from FXGLLoadingScene and adding to GameScene
13:11:32.409 [JavaFX Application Thread] DEBUG PrimaryStageWindow   - FXGLLoadingScene -> GameScene
13:11:32.412 [JavaFX Application Thread] WARN  TMXLevelLoader       - TiledMap generated from 1.8.2. Supported version: 1.9.0. Some features may not be parsed fully.
13:11:32.424 [JavaFX Application Thread] DEBUG TMXLevelLoader       - Parsed TiledMap: file:/home/franz/Documents/Schule/3-Klasse/POS/DroidRampage/target/classes/assets/levels/Tile2.tmx
13:11:32.424 [JavaFX Application Thread] DEBUG TMXLevelLoader       - Creating tile layer entities
13:11:32.425 [JavaFX Application Thread] DEBUG TilesetLoader        - Loading view for layer Tile Layer 1
13:11:32.431 [JavaFX Application Thread] DEBUG TilesetLoader        - Created buffer with size 1920.0x1088.0
13:11:32.518 [JavaFX Application Thread] DEBUG TMXLevelLoader       - Creating object layer entities
13:12:01.356 [JavaFX Application Thread] WARN  TMXLevelLoader       - TiledMap generated from 1.8.2. Supported version: 1.9.0. Some features may not be parsed fully.
13:12:01.369 [JavaFX Application Thread] DEBUG TMXLevelLoader       - Parsed TiledMap: file:/home/franz/Documents/Schule/3-Klasse/POS/DroidRampage/target/classes/assets/levels/Tile1.tmx
13:12:01.369 [JavaFX Application Thread] DEBUG TMXLevelLoader       - Creating tile layer entities
13:12:01.370 [JavaFX Application Thread] DEBUG TilesetLoader        - Loading view for layer Kachelebene 1
13:12:01.377 [JavaFX Application Thread] DEBUG TilesetLoader        - Created buffer with size 1920.0x1088.0
13:12:01.478 [JavaFX Application Thread] DEBUG TMXLevelLoader       - Creating object layer entities
13:12:12.849 [JavaFX Application Thread] WARN  TMXLevelLoader       - TiledMap generated from 1.8.2. Supported version: 1.9.0. Some features may not be parsed fully.
13:12:12.860 [JavaFX Application Thread] DEBUG TMXLevelLoader       - Parsed TiledMap: file:/home/franz/Documents/Schule/3-Klasse/POS/DroidRampage/target/classes/assets/levels/Tile2.tmx
13:12:12.860 [JavaFX Application Thread] DEBUG TMXLevelLoader       - Creating tile layer entities
13:12:12.861 [JavaFX Application Thread] DEBUG TilesetLoader        - Loading view for layer Tile Layer 1
13:12:12.864 [JavaFX Application Thread] DEBUG TilesetLoader        - Created buffer with size 1920.0x1088.0
13:12:12.951 [JavaFX Application Thread] DEBUG TMXLevelLoader       - Creating object layer entities
13:12:21.663 [JavaFX Application Thread] WARN  TMXLevelLoader       - TiledMap generated from 1.8.2. Supported version: 1.9.0. Some features may not be parsed fully.
13:12:21.675 [JavaFX Application Thread] DEBUG TMXLevelLoader       - Parsed TiledMap: file:/home/franz/Documents/Schule/3-Klasse/POS/DroidRampage/target/classes/assets/levels/TileStart.tmx
13:12:21.675 [JavaFX Application Thread] DEBUG TMXLevelLoader       - Creating tile layer entities
13:12:21.676 [JavaFX Application Thread] DEBUG TilesetLoader        - Loading view for layer Kachelebene 1
13:12:21.687 [JavaFX Application Thread] DEBUG TilesetLoader        - Created buffer with size 1920.0x1088.0
13:12:21.764 [JavaFX Application Thread] DEBUG TMXLevelLoader       - Creating object layer entities
13:12:29.090 [JavaFX Application Thread] WARN  TMXLevelLoader       - TiledMap generated from 1.8.2. Supported version: 1.9.0. Some features may not be parsed fully.
13:12:29.102 [JavaFX Application Thread] DEBUG TMXLevelLoader       - Parsed TiledMap: file:/home/franz/Documents/Schule/3-Klasse/POS/DroidRampage/target/classes/assets/levels/Tile1.tmx
13:12:29.102 [JavaFX Application Thread] DEBUG TMXLevelLoader       - Creating tile layer entities
13:12:29.103 [JavaFX Application Thread] DEBUG TilesetLoader        - Loading view for layer Kachelebene 1
13:12:29.119 [JavaFX Application Thread] DEBUG TilesetLoader        - Created buffer with size 1920.0x1088.0
13:12:29.217 [JavaFX Application Thread] DEBUG TMXLevelLoader       - Creating object layer entities
13:12:35.629 [JavaFX Application Thread] WARN  TMXLevelLoader       - TiledMap generated from 1.8.2. Supported version: 1.9.0. Some features may not be parsed fully.
13:12:35.635 [JavaFX Application Thread] DEBUG TMXLevelLoader       - Parsed TiledMap: file:/home/franz/Documents/Schule/3-Klasse/POS/DroidRampage/target/classes/assets/levels/Tile4.tmx
13:12:35.635 [JavaFX Application Thread] DEBUG TMXLevelLoader       - Creating tile layer entities
13:12:35.636 [JavaFX Application Thread] DEBUG TilesetLoader        - Loading view for layer Tile Layer 1
13:12:35.646 [JavaFX Application Thread] DEBUG TilesetLoader        - Created buffer with size 1920.0x1088.0
13:12:35.744 [JavaFX Application Thread] DEBUG TMXLevelLoader       - Creating object layer entities
13:12:41.958 [JavaFX Application Thread] DEBUG GameApplicationServi - Starting new game
13:12:41.958 [JavaFX Application Thread] DEBUG Input                - Clearing active input actions
13:12:41.966 [JavaFX Application Thread] DEBUG GameApplicationServi - Removing overlay from GameScene and adding to FXGLLoadingScene
13:12:41.966 [JavaFX Application Thread] DEBUG PrimaryStageWindow   - GameScene -> FXGLLoadingScene
13:12:41.966 [JavaFX Application Thread] DEBUG GameApplicationServi - Clearing previous game
13:12:41.966 [JavaFX Application Thread] DEBUG GameScene            - Clearing game scene
13:12:41.967 [JavaFX Application Thread] DEBUG GameWorld            - Clearing game world
13:12:41.970 [JavaFX Application Thread] DEBUG PhysicsWorld         - Clearing physics world
13:12:41.971 [FXGL Background Thread 5 ] DEBUG FXGLApplication      - Initializing game
13:12:41.973 [FXGL Background Thread 5 ] WARN  TMXLevelLoader       - TiledMap generated from 1.8.2. Supported version: 1.9.0. Some features may not be parsed fully.
13:12:41.979 [FXGL Background Thread 5 ] DEBUG TMXLevelLoader       - Parsed TiledMap: file:/home/franz/Documents/Schule/3-Klasse/POS/DroidRampage/target/classes/assets/levels/TileStart.tmx
13:12:41.979 [FXGL Background Thread 5 ] DEBUG TMXLevelLoader       - Creating tile layer entities
13:12:41.979 [FXGL Background Thread 5 ] DEBUG TilesetLoader        - Loading view for layer Kachelebene 1
13:12:41.989 [FXGL Background Thread 5 ] DEBUG TilesetLoader        - Created buffer with size 1920.0x1088.0
13:12:42.133 [FXGL Background Thread 5 ] DEBUG TMXLevelLoader       - Creating object layer entities
13:12:42.141 [FXGL Background Thread 5 ] DEBUG GameWorld            - Clearing removable entities
13:12:42.141 [FXGL Background Thread 5 ] DEBUG GameWorld            - Setting level: com.almasb.fxgl.entity.level.Level@5959d2d1
13:12:42.321 [FXGL Background Thread 5 ] INFO  FXGLApplication      - Game initialization took: 0.350 sec
13:12:42.322 [JavaFX Application Thread] DEBUG Input                - Clearing active input actions
13:12:42.333 [JavaFX Application Thread] DEBUG GameApplicationServi - Removing overlay from FXGLLoadingScene and adding to GameScene
13:12:42.334 [JavaFX Application Thread] DEBUG PrimaryStageWindow   - FXGLLoadingScene -> GameScene
13:12:42.337 [JavaFX Application Thread] WARN  TMXLevelLoader       - TiledMap generated from 1.8.2. Supported version: 1.9.0. Some features may not be parsed fully.
13:12:42.342 [JavaFX Application Thread] DEBUG TMXLevelLoader       - Parsed TiledMap: file:/home/franz/Documents/Schule/3-Klasse/POS/DroidRampage/target/classes/assets/levels/Tile5.tmx
13:12:42.342 [JavaFX Application Thread] DEBUG TMXLevelLoader       - Creating tile layer entities
13:12:42.343 [JavaFX Application Thread] DEBUG TilesetLoader        - Loading view for layer Tile Layer 1
13:12:42.352 [JavaFX Application Thread] DEBUG TilesetLoader        - Created buffer with size 1920.0x1088.0
13:12:42.438 [JavaFX Application Thread] DEBUG TMXLevelLoader       - Creating object layer entities
13:12:43.645 [JavaFX Application Thread] DEBUG PrimaryStageWindow   - Push state: FXGLDefaultMenu
13:12:43.655 [JavaFX Application Thread] DEBUG Input                - Clearing active input actions
13:12:43.662 [JavaFX Application Thread] DEBUG GameApplicationServi - Removing overlay from GameScene and adding to FXGLDefaultMenu
13:12:43.662 [JavaFX Application Thread] DEBUG PrimaryStageWindow   - GameScene -> FXGLDefaultMenu
13:12:45.433 [JavaFX Application Thread] DEBUG FXGLApplication      - Exiting FXGL
13:12:45.433 [JavaFX Application Thread] DEBUG LoopRunner           - Stopping loop
13:12:45.434 [JavaFX Application Thread] DEBUG SystemBundleService  - Saving FXGL system data
13:12:45.441 [JavaFX Application Thread] DEBUG FileSystemAccess     - Writing to: /home/franz/Documents/Schule/3-Klasse/POS/DroidRampage/system/fxgl.bundle
13:12:45.443 [JavaFX Application Thread] DEBUG Async                - Shutting down background threads
13:12:45.443 [JavaFX Application Thread] DEBUG PrimaryStageWindow   - Closing main window
13:12:45.455 [JavaFX Application Thread] DEBUG Logger               - Closing Logger
