11:38:47.173 [main                     ] DEBUG Logger               - Configured Logger
11:38:47.190 [main                     ] DEBUG GameApplication      - Logging settings
Title: Droid Rampage
Version: 1.0
Width: 1920
Height: 1088
Fullscreen: true
Intro: false
Profiling: false
Single step:false
App Mode: DEVELOPER
Menu Key: ESCAPE
Stage Style: DECORATED
Scene Factory: class com.almasb.fxgl.app.scene.SceneFactory

11:38:48.009 [JavaFX Application Thread] DEBUG FXGLApplication      - Initializing FXGL
11:38:48.018 [JavaFX Application Thread] INFO  Engine               - FXGL-17.3 (30.03.2023 11.49) on LINUX (J:26 FX:21.0.6)
11:38:48.019 [JavaFX Application Thread] DEBUG Engine               - JRE Vendor Name: Oracle Corporation
11:38:48.019 [JavaFX Application Thread] DEBUG Engine               - Running on OS: Linux version 6.17.0-29-generic
11:38:48.020 [JavaFX Application Thread] DEBUG Engine               - Architecture: amd64
11:38:48.020 [JavaFX Application Thread] INFO  Engine               - Source code and latest versions at: https://github.com/AlmasB/FXGL
11:38:48.020 [JavaFX Application Thread] INFO  Engine               -       Ask questions and discuss at: https://github.com/AlmasB/FXGL/discussions
11:38:48.021 [JavaFX Application Thread] INFO  Engine               -              Join the FXGL chat at: https://gitter.im/AlmasB/FXGL
11:38:48.268 [JavaFX Application Thread] DEBUG PrimaryStageWindow   - Creating a JavaFX scene
11:38:48.268 [JavaFX Application Thread] DEBUG PrimaryStageWindow   - Target size > screen size
11:38:48.434 [JavaFX Application Thread] DEBUG PrimaryStageWindow   - Target settings size: 1920.0 x 1088.0
11:38:48.435 [JavaFX Application Thread] DEBUG PrimaryStageWindow   - Scaled scene size:    1880.0 x 1079.0
11:38:48.435 [JavaFX Application Thread] DEBUG PrimaryStageWindow   - Scaled ratio: (0.9791666666666666, 0.9917279411764706)
11:38:48.437 [JavaFX Application Thread] DEBUG PrimaryStageWindow   - Set initial scene to FXGLStartupScene
11:38:48.445 [JavaFX Application Thread] DEBUG PrimaryStageWindow   - Opening main window
11:38:48.526 [JavaFX Application Thread] DEBUG PrimaryStageWindow   - Window border size: (0.0, 35.0)
11:38:48.526 [JavaFX Application Thread] DEBUG PrimaryStageWindow   - Scaled size: 1880.0 x 1044.0
11:38:48.527 [JavaFX Application Thread] DEBUG PrimaryStageWindow   - Scaled ratio: (0.9791666666666666, 0.9595588235294118)
11:38:48.527 [JavaFX Application Thread] DEBUG PrimaryStageWindow   - Scene size: 1880.0 x 1079.0
11:38:48.527 [JavaFX Application Thread] DEBUG PrimaryStageWindow   - Stage size: 1880.0 x 1079.0
11:38:48.543 [FXGL Background Thread 1 ] DEBUG Engine               - Initializing environment variables
11:38:48.640 [FXGL Background Thread 1 ] DEBUG FXGLAssetLoaderServi - User app class for loading assets: class at.htl.droidrampage.GameApp
11:38:48.641 [FXGL Background Thread 1 ] DEBUG GameApplicationServi - Applying CSS: fxgl_dark.css
11:38:48.645 [FXGL Background Thread 1 ] DEBUG FXGLAssetLoaderServi - Loading from file system: jar:file:/home/franz/.m2/repository/com/github/almasb/fxgl/17.3/fxgl-17.3.jar!/fxglassets/ui/css/fxgl_dark.css
11:38:48.808 [FXGL Background Thread 1 ] DEBUG GameApplicationServi - Initializing application scenes
11:38:48.903 [FXGL Background Thread 1 ] DEBUG GameWorld            - Game world initialized
11:38:49.004 [FXGL Background Thread 1 ] DEBUG PhysicsWorld         - Physics world initialized: appHeight=1088, physics.ppm=50.0
11:38:49.005 [FXGL Background Thread 1 ] DEBUG PhysicsWorld         - Using strategy: BRUTE_FORCE
11:38:49.015 [FXGL Background Thread 1 ] DEBUG GameScene            - Game scene initialized: 1920x1088
11:38:49.045 [FXGL Background Thread 1 ] DEBUG FXGL.DefaultMenu     - createMenuBodyGameMenu()
11:38:49.078 [FXGL Background Thread 1 ] DEBUG FXGL.DefaultMenu     - createOptionsMenu()
11:38:49.101 [FXGL Background Thread 1 ] DEBUG FXGLAssetLoaderServi - Loading from file system: jar:file:/home/franz/.m2/repository/com/github/almasb/fxgl/17.3/fxgl-17.3.jar!/fxglassets/textures/particles/smoke.png
11:38:49.252 [FXGL Background Thread 1 ] DEBUG FXGLAssetLoaderServi - Loading from file system: jar:file:/home/franz/.m2/repository/com/github/almasb/fxgl/17.3/fxgl-17.3.jar!/fxglassets/textures/particles/trace_horizontal.png
11:38:49.298 [FXGL Background Thread 1 ] DEBUG GameApplicationServi - Application scenes initialized
11:38:49.312 [FXGL Background Thread 1 ] DEBUG SystemBundleService  - Loading FXGL system data
11:38:49.314 [FXGL Background Thread 1 ] DEBUG FileSystemAccess     - Reading from: /home/franz/Documents/Schule/3-Klasse/POS/DroidRampage/system/fxgl.bundle
11:38:49.317 [FXGL Background Thread 1 ] DEBUG SystemBundleService  - Bundle FXGL: {}
11:38:49.317 [FXGL Background Thread 1 ] DEBUG UpdaterService       - Checking for updates
11:38:49.322 [FXGL Background Thread 4 ] DEBUG FXGLApplication      - Loading fonts
11:38:49.323 [FXGL Background Thread 4 ] DEBUG FXGLAssetLoaderServi - Loading from file system: jar:file:/home/franz/.m2/repository/com/github/almasb/fxgl/17.3/fxgl-17.3.jar!/fxglassets/ui/fonts/VarelaRound-Regular.ttf
11:38:49.323 [FXGL Background Thread 1 ] DEBUG FXGLApplication      - Loading default localization
11:38:49.324 [FXGL Background Thread 1 ] DEBUG FXGLAssetLoaderServi - Loading from file system: jar:file:/home/franz/.m2/repository/com/github/almasb/fxgl/17.3/fxgl-17.3.jar!/fxglassets/languages/english.lang
11:38:49.335 [FXGL Background Thread 4 ] DEBUG FXGLAssetLoaderServi - Loading from file system: jar:file:/home/franz/.m2/repository/com/github/almasb/fxgl/17.3/fxgl-17.3.jar!/fxglassets/ui/fonts/Abel-Regular.ttf
11:38:49.339 [FXGL Background Thread 4 ] DEBUG FXGLAssetLoaderServi - Loading from file system: jar:file:/home/franz/.m2/repository/com/github/almasb/fxgl/17.3/fxgl-17.3.jar!/fxglassets/ui/fonts/TerminalLandMono-Regular.otf
11:38:49.343 [FXGL Background Thread 4 ] DEBUG FXGLAssetLoaderServi - Loading from file system: jar:file:/home/franz/.m2/repository/com/github/almasb/fxgl/17.3/fxgl-17.3.jar!/fxglassets/ui/fonts/Courier-Prime.ttf
11:38:49.353 [JavaFX Application Thread] DEBUG FXGLApplication      - Registering font factories with UI factory
11:38:49.358 [FXGL Background Thread 1 ] INFO  FXGLApplication      - FXGL initialization took: 0.815 sec
11:38:49.361 [JavaFX Application Thread] DEBUG FXGLAssetLoaderServi - Loading from file system: jar:file:/home/franz/.m2/repository/com/github/almasb/fxgl/17.3/fxgl-17.3.jar!/fxglassets/textures/fxgl_icon.png
11:38:49.414 [JavaFX Application Thread] DEBUG FXGLAssetLoaderServi - Loading from file system: jar:file:/home/franz/.m2/repository/com/github/almasb/fxgl/17.3/fxgl-17.3.jar!/fxglassets/textures/fxgl_default_cursor.png
11:38:49.444 [JavaFX Application Thread] DEBUG Input                - Registered new binding: Screenshot - CTRL+8
11:38:49.446 [JavaFX Application Thread] DEBUG Input                - Registered new binding: System info dump - CTRL+9
11:38:49.447 [JavaFX Application Thread] DEBUG Input                - Registered new binding: Restart - CTRL+R
11:38:49.449 [JavaFX Application Thread] DEBUG Input                - Registered new binding: Toggle Debug Camera - CTRL+7
11:38:49.457 [JavaFX Application Thread] DEBUG LoopRunner           - Starting loop
11:38:49.457 [JavaFX Application Thread] DEBUG LoopRunner           - Initializing JavaFX AnimationTimerLoop
11:38:49.461 [JavaFX Application Thread] DEBUG GameApplicationServi - Starting new game
11:38:49.463 [JavaFX Application Thread] DEBUG Input                - Clearing active input actions
11:38:49.493 [JavaFX Application Thread] DEBUG GameApplicationServi - Removing overlay from FXGLStartupScene and adding to FXGLLoadingScene
11:38:49.495 [JavaFX Application Thread] DEBUG PrimaryStageWindow   - FXGLStartupScene -> FXGLLoadingScene
11:38:49.495 [JavaFX Application Thread] DEBUG GameApplicationServi - Clearing previous game
11:38:49.495 [JavaFX Application Thread] DEBUG GameScene            - Clearing game scene
11:38:49.495 [JavaFX Application Thread] DEBUG GameWorld            - Clearing game world
11:38:49.496 [JavaFX Application Thread] DEBUG PhysicsWorld         - Clearing physics world
11:38:49.499 [FXGL Background Thread 1 ] DEBUG FXGLApplication      - Initializing game
11:38:49.582 [FXGL Background Thread 1 ] WARN  TMXLevelLoader       - TiledMap generated from 1.8.2. Supported version: 1.9.0. Some features may not be parsed fully.
11:38:49.624 [FXGL Background Thread 1 ] DEBUG TMXLevelLoader       - Parsed TiledMap: file:/home/franz/Documents/Schule/3-Klasse/POS/DroidRampage/target/classes/assets/levels/TileStart.tmx
11:38:49.626 [FXGL Background Thread 1 ] DEBUG TMXLevelLoader       - Creating tile layer entities
11:38:49.631 [FXGL Background Thread 1 ] DEBUG TilesetLoader        - Loading view for layer Kachelebene 1
11:38:49.636 [FXGL Background Thread 1 ] DEBUG TilesetLoader        - Created buffer with size 1920.0x1088.0
11:38:49.876 [FXGL Background Thread 1 ] DEBUG TMXLevelLoader       - Creating object layer entities
11:38:49.940 [FXGL Background Thread 1 ] DEBUG FXGLAssetLoaderServi - Loading from file system: file:/home/franz/Documents/Schule/3-Klasse/POS/DroidRampage/target/classes/assets/textures/credit2.png
11:38:50.088 [FXGL Background Thread 1 ] DEBUG FXGLAssetLoaderServi - Loading from file system: file:/home/franz/Documents/Schule/3-Klasse/POS/DroidRampage/target/classes/assets/textures/credit1.png
11:38:50.214 [FXGL Background Thread 1 ] DEBUG FXGLAssetLoaderServi - Loading from file system: file:/home/franz/Documents/Schule/3-Klasse/POS/DroidRampage/target/classes/assets/textures/credit3.png
11:38:50.356 [FXGL Background Thread 1 ] DEBUG GameWorld            - Clearing removable entities
11:38:50.358 [FXGL Background Thread 1 ] DEBUG GameWorld            - Setting level: com.almasb.fxgl.entity.level.Level@1b51d5b2
11:38:50.601 [FXGL Background Thread 1 ] DEBUG FXGLAssetLoaderServi - Loading from file system: file:/home/franz/Documents/Schule/3-Klasse/POS/DroidRampage/target/classes/assets/textures/r2d2.png
11:38:50.612 [FXGL Background Thread 1 ] DEBUG Input                - Registered new binding: Move Right - D
11:38:50.612 [FXGL Background Thread 1 ] DEBUG Input                - Registered new binding: Move Left - A
11:38:50.613 [FXGL Background Thread 1 ] DEBUG Input                - Registered new binding: Jump - Space
11:38:50.613 [FXGL Background Thread 1 ] DEBUG Input                - Registered new binding: Toggle Cheat Mode - I
11:38:50.613 [FXGL Background Thread 1 ] DEBUG Input                - Registered new binding: Restart - R
11:38:50.629 [FXGL Background Thread 1 ] INFO  FXGLApplication      - Game initialization took: 1.130 sec
11:38:50.641 [JavaFX Application Thread] DEBUG Input                - Clearing active input actions
11:38:50.661 [JavaFX Application Thread] DEBUG GameApplicationServi - Removing overlay from FXGLLoadingScene and adding to GameScene
11:38:50.662 [JavaFX Application Thread] DEBUG PrimaryStageWindow   - FXGLLoadingScene -> GameScene
11:38:50.678 [JavaFX Application Thread] WARN  TMXLevelLoader       - TiledMap generated from 1.8.2. Supported version: 1.9.0. Some features may not be parsed fully.
11:38:50.692 [JavaFX Application Thread] DEBUG TMXLevelLoader       - Parsed TiledMap: file:/home/franz/Documents/Schule/3-Klasse/POS/DroidRampage/target/classes/assets/levels/Tile3.tmx
11:38:50.693 [JavaFX Application Thread] DEBUG TMXLevelLoader       - Creating tile layer entities
11:38:50.693 [JavaFX Application Thread] DEBUG TilesetLoader        - Loading view for layer Tile Layer 1
11:38:50.695 [JavaFX Application Thread] DEBUG TilesetLoader        - Created buffer with size 1920.0x1088.0
11:38:50.788 [JavaFX Application Thread] WARN  TilesetLoader        - Diagonally flipped tiles are not currently supported
11:38:50.789 [JavaFX Application Thread] WARN  TilesetLoader        - Diagonally flipped tiles are not currently supported
11:38:50.789 [JavaFX Application Thread] WARN  TilesetLoader        - Diagonally flipped tiles are not currently supported
11:38:50.793 [JavaFX Application Thread] WARN  TMXLevelLoader       - Parse error
java.lang.IllegalArgumentException: Tileset for gid=7460 not found
	at com.almasb.fxgl.entity.level.tiled.TilesetLoader.findTileset(TilesetLoader.kt:413)
	at com.almasb.fxgl.entity.level.tiled.TilesetLoader.loadView(TilesetLoader.kt:116)
	at com.almasb.fxgl.entity.level.tiled.TMXLevelLoader$createTileLayerEntities$1.invoke(TMXLevelLoader.kt:100)
	at com.almasb.fxgl.entity.level.tiled.TMXLevelLoader$createTileLayerEntities$1.invoke(TMXLevelLoader.kt:89)
	at com.almasb.fxgl.entity.level.tiled.TMXLevelLoader.createTileLayerEntities$lambda$3(TMXLevelLoader.kt:89)
	at java.base/java.util.stream.ReferencePipeline$3$1.accept(ReferencePipeline.java:214)
	at java.base/java.util.ArrayList$ArrayListSpliterator.forEachRemaining(ArrayList.java:1724)
	at java.base/java.util.stream.AbstractPipeline.copyInto(AbstractPipeline.java:570)
	at java.base/java.util.stream.AbstractPipeline.wrapAndCopyInto(AbstractPipeline.java:560)
	at java.base/java.util.stream.ReduceOps$ReduceOp.evaluateSequential(ReduceOps.java:921)
	at java.base/java.util.stream.AbstractPipeline.evaluate(AbstractPipeline.java:265)
	at java.base/java.util.stream.ReferencePipeline.collect(ReferencePipeline.java:723)
	at com.almasb.fxgl.entity.level.tiled.TMXLevelLoader.createTileLayerEntities(TMXLevelLoader.kt:117)
	at com.almasb.fxgl.entity.level.tiled.TMXLevelLoader.load(TMXLevelLoader.kt:58)
	at com.almasb.fxgl.app.services.FXGLAssetLoaderService.loadLevel(FXGLAssetLoaderService.kt:430)
	at at.htl.droidrampage.GameApp.spawnTiles(GameApp.java:144)
	at at.htl.droidrampage.GameApp.onUpdate(GameApp.java:322)
	at com.almasb.fxgl.app.FXGLApplication$GameApplicationService.onGameUpdate(FXGLApplication.kt:421)
	at com.almasb.fxgl.app.Engine.onGameUpdate(Engine.kt:138)
	at com.almasb.fxgl.app.FXGLApplication.postServicesInit$lambda$7(FXGLApplication.kt:182)
	at com.almasb.fxgl.scene.Scene.update(Scene.kt:113)
	at com.almasb.fxgl.app.MainWindow$update$1.invoke(MainWindow.kt:115)
	at com.almasb.fxgl.app.MainWindow$update$1.invoke(MainWindow.kt:115)
	at com.almasb.fxgl.core.fsm.StateMachine.runOnActiveStates(StateMachine.kt:69)
	at com.almasb.fxgl.app.MainWindow.update(MainWindow.kt:115)
	at com.almasb.fxgl.app.FXGLApplication$GameApplicationService.onUpdate(FXGLApplication.kt:426)
	at com.almasb.fxgl.app.Engine.loop(Engine.kt:134)
	at com.almasb.fxgl.app.Engine.access$loop(Engine.kt:24)
	at com.almasb.fxgl.app.Engine$loop$1.invoke(Engine.kt:28)
	at com.almasb.fxgl.app.Engine$loop$1.invoke(Engine.kt:28)
	at com.almasb.fxgl.app.LoopRunner.frame(LoopRunner.kt:103)
	at com.almasb.fxgl.app.LoopRunner.access$frame(LoopRunner.kt:23)
	at com.almasb.fxgl.app.LoopRunner$impl$2$1.onTick(LoopRunner.kt:57)
	at com.almasb.fxgl.app.AnimationTimerLoop$timer$1.handle(LoopRunner.kt:137)
	at javafx.animation.AnimationTimer$AnimationTimerReceiver.lambda$handle$0(AnimationTimer.java:58)
	at java.base/java.security.AccessController.doPrivileged(AccessController.java:138)
	at javafx.animation.AnimationTimer$AnimationTimerReceiver.handle(AnimationTimer.java:57)
	at com.sun.scenario.animation.AbstractPrimaryTimer.timePulseImpl(AbstractPrimaryTimer.java:356)
	at com.sun.scenario.animation.AbstractPrimaryTimer$MainLoop.run(AbstractPrimaryTimer.java:266)
	at com.sun.javafx.tk.quantum.QuantumToolkit.pulse(QuantumToolkit.java:588)
	at com.sun.javafx.tk.quantum.QuantumToolkit.pulse(QuantumToolkit.java:572)
	at com.sun.javafx.tk.quantum.QuantumToolkit.pulseFromQueue(QuantumToolkit.java:565)
	at com.sun.javafx.tk.quantum.QuantumToolkit.lambda$runToolkit$11(QuantumToolkit.java:352)
	at com.sun.glass.ui.InvokeLaterDispatcher$Future.run(InvokeLaterDispatcher.java:95)
	at com.sun.glass.ui.gtk.GtkApplication._runLoop(Native Method)
	at com.sun.glass.ui.gtk.GtkApplication.lambda$runLoop$10(GtkApplication.java:263)
	at java.base/java.lang.Thread.run(Thread.java:1516)

11:38:50.796 [JavaFX Application Thread] WARN  TMXLevelLoader       - TiledMap generated from 1.8.2. Supported version: 1.9.0. Some features may not be parsed fully.
11:38:50.808 [JavaFX Application Thread] DEBUG TMXLevelLoader       - Parsed TiledMap: file:/home/franz/Documents/Schule/3-Klasse/POS/DroidRampage/target/classes/assets/levels/Tile1.tmx
11:38:50.808 [JavaFX Application Thread] DEBUG TMXLevelLoader       - Creating tile layer entities
11:38:50.809 [JavaFX Application Thread] DEBUG TilesetLoader        - Loading view for layer Kachelebene 1
11:38:50.811 [JavaFX Application Thread] DEBUG TilesetLoader        - Created buffer with size 1920.0x1088.0
11:38:50.882 [FXGL Background Thread 2 ] INFO  UpdaterService       - Your current version:  17.3
11:38:50.883 [FXGL Background Thread 2 ] INFO  UpdaterService       - Latest stable version: 25
11:38:50.949 [JavaFX Application Thread] DEBUG TMXLevelLoader       - Creating object layer entities
11:38:52.320 [FXGL Background Thread 3 ] DEBUG Engine               - Logging environment variables
11:38:52.322 [FXGL Background Thread 3 ] DEBUG Engine               - achievements: []
11:38:52.322 [FXGL Background Thread 3 ] DEBUG Engine               - actualHeight: 1044.0
11:38:52.323 [FXGL Background Thread 3 ] DEBUG Engine               - actualHeightProperty: ReadOnlyDoubleProperty [value: 1005.0]
11:38:52.323 [FXGL Background Thread 3 ] DEBUG Engine               - actualWidth: 1880.0
11:38:52.323 [FXGL Background Thread 3 ] DEBUG Engine               - actualWidthProperty: ReadOnlyDoubleProperty [value: 1920.0]
11:38:52.323 [FXGL Background Thread 3 ] DEBUG Engine               - appIcon: fxgl_icon.png
11:38:52.323 [FXGL Background Thread 3 ] DEBUG Engine               - applicationMode: DEVELOPER
11:38:52.323 [FXGL Background Thread 3 ] DEBUG Engine               - cSSList: [fxgl_dark.css]
11:38:52.323 [FXGL Background Thread 3 ] DEBUG Engine               - collisionDetectionStrategy: BRUTE_FORCE
11:38:52.324 [FXGL Background Thread 3 ] DEBUG Engine               - configClass: Optional.empty
11:38:52.324 [FXGL Background Thread 3 ] DEBUG Engine               - credits: []
11:38:52.324 [FXGL Background Thread 3 ] DEBUG Engine               - defaultCursor: CursorInfo(imageName=fxgl_default_cursor.png, hotspotX=7.0, hotspotY=6.0)
11:38:52.325 [FXGL Background Thread 3 ] DEBUG Engine               - devBBoxColorProperty: ObjectProperty [value: 0xff0000ff]
11:38:52.325 [FXGL Background Thread 3 ] DEBUG Engine               - devEnableDebugCameraProperty: BooleanProperty [value: false]
11:38:52.325 [FXGL Background Thread 3 ] DEBUG Engine               - devSensorColorProperty: ObjectProperty [value: 0xffff00ff]
11:38:52.325 [FXGL Background Thread 3 ] DEBUG Engine               - devShowBBoxProperty: BooleanProperty [value: false]
11:38:52.325 [FXGL Background Thread 3 ] DEBUG Engine               - devShowPositionProperty: BooleanProperty [value: false]
11:38:52.326 [FXGL Background Thread 3 ] DEBUG Engine               - enabledMenuItems: []
11:38:52.326 [FXGL Background Thread 3 ] DEBUG Engine               - engineServices: [class com.almasb.fxgl.app.services.FXGLAssetLoaderService, class com.almasb.fxgl.app.FXGLApplication$GameApplicationService, class com.almasb.fxgl.app.services.FXGLDialogService, class com.almasb.fxgl.app.services.IOTaskExecutorService, class com.almasb.fxgl.io.FileSystemService, class com.almasb.fxgl.localization.LocalizationService, class com.almasb.fxgl.app.services.SystemBundleService, class com.almasb.fxgl.profile.SaveLoadService, class com.almasb.fxgl.ui.FXGLUIFactoryServiceProvider, class com.almasb.fxgl.ui.FXGLDialogFactoryServiceProvider, class com.almasb.fxgl.audio.AudioPlayer, class com.almasb.fxgl.notification.impl.NotificationServiceProvider, class com.almasb.fxgl.achievement.AchievementService, class com.almasb.fxgl.cutscene.CutsceneService, class com.almasb.fxgl.minigames.MiniGameService, class com.almasb.fxgl.net.NetService, class com.almasb.fxgl.app.services.UpdaterService, class com.almasb.fxgl.dev.DevService]
11:38:52.326 [FXGL Background Thread 3 ] DEBUG Engine               - fontGame: Abel-Regular.ttf
11:38:52.326 [FXGL Background Thread 3 ] DEBUG Engine               - fontMono: TerminalLandMono-Regular.otf
11:38:52.326 [FXGL Background Thread 3 ] DEBUG Engine               - fontSizeScaleUI: 1.0
11:38:52.326 [FXGL Background Thread 3 ] DEBUG Engine               - fontText: Courier-Prime.ttf
11:38:52.327 [FXGL Background Thread 3 ] DEBUG Engine               - fontUI: VarelaRound-Regular.ttf
11:38:52.327 [FXGL Background Thread 3 ] DEBUG Engine               - fullScreen: BooleanProperty [value: false]
11:38:52.327 [FXGL Background Thread 3 ] DEBUG Engine               - gameDifficulty: MEDIUM
11:38:52.327 [FXGL Background Thread 3 ] DEBUG Engine               - gameDifficultyProperty: ObjectProperty [value: MEDIUM]
11:38:52.327 [FXGL Background Thread 3 ] DEBUG Engine               - globalMusicVolume: 0.5
11:38:52.327 [FXGL Background Thread 3 ] DEBUG Engine               - globalMusicVolumeProperty: DoubleProperty [value: 0.5]
11:38:52.327 [FXGL Background Thread 3 ] DEBUG Engine               - globalSoundVolume: 0.5
11:38:52.327 [FXGL Background Thread 3 ] DEBUG Engine               - globalSoundVolumeProperty: DoubleProperty [value: 0.5]
11:38:52.328 [FXGL Background Thread 3 ] DEBUG Engine               - height: 1088
11:38:52.328 [FXGL Background Thread 3 ] DEBUG Engine               - is3D: false
11:38:52.328 [FXGL Background Thread 3 ] DEBUG Engine               - isAndroid: false
11:38:52.328 [FXGL Background Thread 3 ] DEBUG Engine               - isBrowser: false
11:38:52.328 [FXGL Background Thread 3 ] DEBUG Engine               - isClickFeedbackEnabled: false
11:38:52.328 [FXGL Background Thread 3 ] DEBUG Engine               - isCloseConfirmation: false
11:38:52.328 [FXGL Background Thread 3 ] DEBUG Engine               - isDesktop: true
11:38:52.328 [FXGL Background Thread 3 ] DEBUG Engine               - isDeveloperMenuEnabled: false
11:38:52.329 [FXGL Background Thread 3 ] DEBUG Engine               - isEmbedded: false
11:38:52.329 [FXGL Background Thread 3 ] DEBUG Engine               - isEntityPreloadEnabled: true
11:38:52.329 [FXGL Background Thread 3 ] DEBUG Engine               - isExperimentalTiledLargeMap: false
11:38:52.329 [FXGL Background Thread 3 ] DEBUG Engine               - isFileSystemWriteAllowed: true
11:38:52.329 [FXGL Background Thread 3 ] DEBUG Engine               - isFullScreenAllowed: true
11:38:52.329 [FXGL Background Thread 3 ] DEBUG Engine               - isFullScreenFromStart: false
11:38:52.329 [FXGL Background Thread 3 ] DEBUG Engine               - isGameMenuEnabled: true
11:38:52.330 [FXGL Background Thread 3 ] DEBUG Engine               - isIOS: false
11:38:52.330 [FXGL Background Thread 3 ] DEBUG Engine               - isIntroEnabled: false
11:38:52.330 [FXGL Background Thread 3 ] DEBUG Engine               - isLinux: true
11:38:52.330 [FXGL Background Thread 3 ] DEBUG Engine               - isMac: false
11:38:52.330 [FXGL Background Thread 3 ] DEBUG Engine               - isMainMenuEnabled: false
11:38:52.330 [FXGL Background Thread 3 ] DEBUG Engine               - isManualResizeEnabled: true
11:38:52.330 [FXGL Background Thread 3 ] DEBUG Engine               - isMobile: false
11:38:52.330 [FXGL Background Thread 3 ] DEBUG Engine               - isNative: false
11:38:52.330 [FXGL Background Thread 3 ] DEBUG Engine               - isPauseMusicWhenMinimized: true
11:38:52.331 [FXGL Background Thread 3 ] DEBUG Engine               - isPreserveResizeRatio: false
11:38:52.331 [FXGL Background Thread 3 ] DEBUG Engine               - isProfilingEnabled: false
11:38:52.331 [FXGL Background Thread 3 ] DEBUG Engine               - isScaleAffectedOnResize: true
11:38:52.331 [FXGL Background Thread 3 ] DEBUG Engine               - isSingleStep: false
11:38:52.331 [FXGL Background Thread 3 ] DEBUG Engine               - isUserProfileEnabled: false
11:38:52.331 [FXGL Background Thread 3 ] DEBUG Engine               - isWindows: false
11:38:52.331 [FXGL Background Thread 3 ] DEBUG Engine               - language: ObjectProperty [value: ENGLISH]
11:38:52.331 [FXGL Background Thread 3 ] DEBUG Engine               - menuKey: ESCAPE
11:38:52.332 [FXGL Background Thread 3 ] DEBUG Engine               - mouseSensitivity: 0.2
11:38:52.332 [FXGL Background Thread 3 ] DEBUG Engine               - notificationViewClass: class com.almasb.fxgl.notification.view.XboxNotificationView
11:38:52.332 [FXGL Background Thread 3 ] DEBUG Engine               - pixelsPerMeter: 50.0
11:38:52.332 [FXGL Background Thread 3 ] DEBUG Engine               - platform: LINUX
11:38:52.332 [FXGL Background Thread 3 ] DEBUG Engine               - prefHeightProperty: ReadOnlyDoubleProperty [value: 1088.0]
11:38:52.332 [FXGL Background Thread 3 ] DEBUG Engine               - prefWidthProperty: ReadOnlyDoubleProperty [value: 1920.0]
11:38:52.332 [FXGL Background Thread 3 ] DEBUG Engine               - profileDir: profiles/
11:38:52.333 [FXGL Background Thread 3 ] DEBUG Engine               - profileName: StringProperty [value: DEFAULT]
11:38:52.333 [FXGL Background Thread 3 ] DEBUG Engine               - randomSeed: -1
11:38:52.333 [FXGL Background Thread 3 ] DEBUG Engine               - runtimeInfo: RuntimeInfo(platform=LINUX, version=17.3, build=30.03.2023 11.49)
11:38:52.333 [FXGL Background Thread 3 ] DEBUG Engine               - saveFileExt: sav
11:38:52.333 [FXGL Background Thread 3 ] DEBUG Engine               - scaledHeightProp$fxgl: DoubleProperty [bound, value: 1005.0]
11:38:52.334 [FXGL Background Thread 3 ] DEBUG Engine               - scaledWidthProp$fxgl: DoubleProperty [bound, value: 1920.0]
11:38:52.334 [FXGL Background Thread 3 ] DEBUG Engine               - sceneFactory: com.almasb.fxgl.app.scene.SceneFactory@6f20d382
11:38:52.334 [FXGL Background Thread 3 ] DEBUG Engine               - secondsIn24h: 60
11:38:52.334 [FXGL Background Thread 3 ] DEBUG Engine               - soundMenuBack: menu/back.wav
11:38:52.334 [FXGL Background Thread 3 ] DEBUG Engine               - soundMenuPress: menu/press.wav
11:38:52.334 [FXGL Background Thread 3 ] DEBUG Engine               - soundMenuSelect: menu/select.wav
11:38:52.334 [FXGL Background Thread 3 ] DEBUG Engine               - soundNotification: core/notification.wav
11:38:52.334 [FXGL Background Thread 3 ] DEBUG Engine               - stageStyle: DECORATED
11:38:52.334 [FXGL Background Thread 3 ] DEBUG Engine               - supportedLanguages: [ENGLISH, FRENCH, GERMAN, HUNGARIAN, RUSSIAN]
11:38:52.334 [FXGL Background Thread 3 ] DEBUG Engine               - ticksPerSecond: -1
11:38:52.335 [FXGL Background Thread 3 ] DEBUG Engine               - title: Droid Rampage
11:38:52.335 [FXGL Background Thread 3 ] DEBUG Engine               - urlGithub: https://github.com/AlmasB/FXGL
11:38:52.335 [FXGL Background Thread 3 ] DEBUG Engine               - urlLeaderboard: http://fxgl-top.herokuapp.com/
11:38:52.335 [FXGL Background Thread 3 ] DEBUG Engine               - urlPOM: https://raw.githubusercontent.com/AlmasB/FXGL/release/README.md
11:38:52.335 [FXGL Background Thread 3 ] DEBUG Engine               - userAppClass: class at.htl.droidrampage.GameApp
11:38:52.335 [FXGL Background Thread 3 ] DEBUG Engine               - version: 1.0
11:38:52.335 [FXGL Background Thread 3 ] DEBUG Engine               - versionCheckDays: 7
11:38:52.335 [FXGL Background Thread 3 ] DEBUG Engine               - width: 1920
11:38:52.335 [FXGL Background Thread 3 ] DEBUG Engine               - Logging services
11:38:52.335 [FXGL Background Thread 3 ] DEBUG Engine               - class com.almasb.fxgl.app.services.FXGLAssetLoaderService
11:38:52.335 [FXGL Background Thread 3 ] DEBUG Engine               - class com.almasb.fxgl.app.FXGLApplication$GameApplicationService
11:38:52.335 [FXGL Background Thread 3 ] DEBUG Engine               - class com.almasb.fxgl.app.services.FXGLDialogService
11:38:52.336 [FXGL Background Thread 3 ] DEBUG Engine               - class com.almasb.fxgl.app.services.IOTaskExecutorService
11:38:52.336 [FXGL Background Thread 3 ] DEBUG Engine               - class com.almasb.fxgl.io.FileSystemService
11:38:52.336 [FXGL Background Thread 3 ] DEBUG Engine               - class com.almasb.fxgl.localization.LocalizationService
11:38:52.336 [FXGL Background Thread 3 ] DEBUG Engine               - class com.almasb.fxgl.app.services.SystemBundleService
11:38:52.336 [FXGL Background Thread 3 ] DEBUG Engine               - class com.almasb.fxgl.profile.SaveLoadService
11:38:52.336 [FXGL Background Thread 3 ] DEBUG Engine               - class com.almasb.fxgl.ui.FXGLUIFactoryServiceProvider
11:38:52.336 [FXGL Background Thread 3 ] DEBUG Engine               - class com.almasb.fxgl.ui.FXGLDialogFactoryServiceProvider
11:38:52.336 [FXGL Background Thread 3 ] DEBUG Engine               - class com.almasb.fxgl.audio.AudioPlayer
11:38:52.336 [FXGL Background Thread 3 ] DEBUG Engine               - class com.almasb.fxgl.notification.impl.NotificationServiceProvider
11:38:52.336 [FXGL Background Thread 3 ] DEBUG Engine               - class com.almasb.fxgl.achievement.AchievementService
11:38:52.336 [FXGL Background Thread 3 ] DEBUG Engine               - class com.almasb.fxgl.cutscene.CutsceneService
11:38:52.336 [FXGL Background Thread 3 ] DEBUG Engine               - class com.almasb.fxgl.minigames.MiniGameService
11:38:52.337 [FXGL Background Thread 3 ] DEBUG Engine               - class com.almasb.fxgl.net.NetService
11:38:52.337 [FXGL Background Thread 3 ] DEBUG Engine               - class com.almasb.fxgl.app.services.UpdaterService
11:38:52.337 [FXGL Background Thread 3 ] DEBUG Engine               - class com.almasb.fxgl.dev.DevService
11:39:19.125 [JavaFX Application Thread] WARN  TMXLevelLoader       - TiledMap generated from 1.8.2. Supported version: 1.9.0. Some features may not be parsed fully.
11:39:19.144 [JavaFX Application Thread] DEBUG TMXLevelLoader       - Parsed TiledMap: file:/home/franz/Documents/Schule/3-Klasse/POS/DroidRampage/target/classes/assets/levels/Tile5.tmx
11:39:19.144 [JavaFX Application Thread] DEBUG TMXLevelLoader       - Creating tile layer entities
11:39:19.145 [JavaFX Application Thread] DEBUG TilesetLoader        - Loading view for layer Tile Layer 1
11:39:19.150 [JavaFX Application Thread] DEBUG TilesetLoader        - Created buffer with size 1920.0x1088.0
11:39:19.248 [JavaFX Application Thread] DEBUG TMXLevelLoader       - Creating object layer entities
11:39:30.578 [JavaFX Application Thread] WARN  TMXLevelLoader       - TiledMap generated from 1.8.2. Supported version: 1.9.0. Some features may not be parsed fully.
11:39:30.589 [JavaFX Application Thread] DEBUG TMXLevelLoader       - Parsed TiledMap: file:/home/franz/Documents/Schule/3-Klasse/POS/DroidRampage/target/classes/assets/levels/Tile2.tmx
11:39:30.589 [JavaFX Application Thread] DEBUG TMXLevelLoader       - Creating tile layer entities
11:39:30.590 [JavaFX Application Thread] DEBUG TilesetLoader        - Loading view for layer Tile Layer 1
11:39:30.591 [JavaFX Application Thread] DEBUG TilesetLoader        - Created buffer with size 1920.0x1088.0
11:39:30.668 [JavaFX Application Thread] DEBUG TMXLevelLoader       - Creating object layer entities
11:39:39.376 [JavaFX Application Thread] WARN  TMXLevelLoader       - TiledMap generated from 1.8.2. Supported version: 1.9.0. Some features may not be parsed fully.
11:39:39.386 [JavaFX Application Thread] DEBUG TMXLevelLoader       - Parsed TiledMap: file:/home/franz/Documents/Schule/3-Klasse/POS/DroidRampage/target/classes/assets/levels/Tile3.tmx
11:39:39.387 [JavaFX Application Thread] DEBUG TMXLevelLoader       - Creating tile layer entities
11:39:39.387 [JavaFX Application Thread] DEBUG TilesetLoader        - Loading view for layer Tile Layer 1
11:39:39.395 [JavaFX Application Thread] DEBUG TilesetLoader        - Created buffer with size 1920.0x1088.0
11:39:39.477 [JavaFX Application Thread] WARN  TilesetLoader        - Diagonally flipped tiles are not currently supported
11:39:39.478 [JavaFX Application Thread] WARN  TilesetLoader        - Diagonally flipped tiles are not currently supported
11:39:39.478 [JavaFX Application Thread] WARN  TilesetLoader        - Diagonally flipped tiles are not currently supported
11:39:39.479 [JavaFX Application Thread] WARN  TMXLevelLoader       - Parse error
java.lang.IllegalArgumentException: Tileset for gid=7460 not found
	at com.almasb.fxgl.entity.level.tiled.TilesetLoader.findTileset(TilesetLoader.kt:413)
	at com.almasb.fxgl.entity.level.tiled.TilesetLoader.loadView(TilesetLoader.kt:116)
	at com.almasb.fxgl.entity.level.tiled.TMXLevelLoader$createTileLayerEntities$1.invoke(TMXLevelLoader.kt:100)
	at com.almasb.fxgl.entity.level.tiled.TMXLevelLoader$createTileLayerEntities$1.invoke(TMXLevelLoader.kt:89)
	at com.almasb.fxgl.entity.level.tiled.TMXLevelLoader.createTileLayerEntities$lambda$3(TMXLevelLoader.kt:89)
	at java.base/java.util.stream.ReferencePipeline$3$1.accept(ReferencePipeline.java:214)
	at java.base/java.util.ArrayList$ArrayListSpliterator.forEachRemaining(ArrayList.java:1724)
	at java.base/java.util.stream.AbstractPipeline.copyInto(AbstractPipeline.java:570)
	at java.base/java.util.stream.AbstractPipeline.wrapAndCopyInto(AbstractPipeline.java:560)
	at java.base/java.util.stream.ReduceOps$ReduceOp.evaluateSequential(ReduceOps.java:921)
	at java.base/java.util.stream.AbstractPipeline.evaluate(AbstractPipeline.java:265)
	at java.base/java.util.stream.ReferencePipeline.collect(ReferencePipeline.java:723)
	at com.almasb.fxgl.entity.level.tiled.TMXLevelLoader.createTileLayerEntities(TMXLevelLoader.kt:117)
	at com.almasb.fxgl.entity.level.tiled.TMXLevelLoader.load(TMXLevelLoader.kt:58)
	at com.almasb.fxgl.app.services.FXGLAssetLoaderService.loadLevel(FXGLAssetLoaderService.kt:430)
	at at.htl.droidrampage.GameApp.spawnTiles(GameApp.java:144)
	at at.htl.droidrampage.GameApp.onUpdate(GameApp.java:322)
	at com.almasb.fxgl.app.FXGLApplication$GameApplicationService.onGameUpdate(FXGLApplication.kt:421)
	at com.almasb.fxgl.app.Engine.onGameUpdate(Engine.kt:138)
	at com.almasb.fxgl.app.FXGLApplication.postServicesInit$lambda$7(FXGLApplication.kt:182)
	at com.almasb.fxgl.scene.Scene.update(Scene.kt:113)
	at com.almasb.fxgl.app.MainWindow$update$1.invoke(MainWindow.kt:115)
	at com.almasb.fxgl.app.MainWindow$update$1.invoke(MainWindow.kt:115)
	at com.almasb.fxgl.core.fsm.StateMachine.runOnActiveStates(StateMachine.kt:69)
	at com.almasb.fxgl.app.MainWindow.update(MainWindow.kt:115)
	at com.almasb.fxgl.app.FXGLApplication$GameApplicationService.onUpdate(FXGLApplication.kt:426)
	at com.almasb.fxgl.app.Engine.loop(Engine.kt:134)
	at com.almasb.fxgl.app.Engine.access$loop(Engine.kt:24)
	at com.almasb.fxgl.app.Engine$loop$1.invoke(Engine.kt:28)
	at com.almasb.fxgl.app.Engine$loop$1.invoke(Engine.kt:28)
	at com.almasb.fxgl.app.LoopRunner.frame(LoopRunner.kt:103)
	at com.almasb.fxgl.app.LoopRunner.access$frame(LoopRunner.kt:23)
	at com.almasb.fxgl.app.LoopRunner$impl$2$1.onTick(LoopRunner.kt:57)
	at com.almasb.fxgl.app.AnimationTimerLoop$timer$1.handle(LoopRunner.kt:137)
	at javafx.animation.AnimationTimer$AnimationTimerReceiver.lambda$handle$0(AnimationTimer.java:58)
	at java.base/java.security.AccessController.doPrivileged(AccessController.java:138)
	at javafx.animation.AnimationTimer$AnimationTimerReceiver.handle(AnimationTimer.java:57)
	at com.sun.scenario.animation.AbstractPrimaryTimer.timePulseImpl(AbstractPrimaryTimer.java:356)
	at com.sun.scenario.animation.AbstractPrimaryTimer$MainLoop.run(AbstractPrimaryTimer.java:266)
	at com.sun.javafx.tk.quantum.QuantumToolkit.pulse(QuantumToolkit.java:588)
	at com.sun.javafx.tk.quantum.QuantumToolkit.pulse(QuantumToolkit.java:572)
	at com.sun.javafx.tk.quantum.QuantumToolkit.pulseFromQueue(QuantumToolkit.java:565)
	at com.sun.javafx.tk.quantum.QuantumToolkit.lambda$runToolkit$11(QuantumToolkit.java:352)
	at com.sun.glass.ui.InvokeLaterDispatcher$Future.run(InvokeLaterDispatcher.java:95)
	at com.sun.glass.ui.gtk.GtkApplication._runLoop(Native Method)
	at com.sun.glass.ui.gtk.GtkApplication.lambda$runLoop$10(GtkApplication.java:263)
	at java.base/java.lang.Thread.run(Thread.java:1516)

11:39:39.481 [JavaFX Application Thread] WARN  TMXLevelLoader       - TiledMap generated from 1.8.2. Supported version: 1.9.0. Some features may not be parsed fully.
11:39:39.488 [JavaFX Application Thread] DEBUG TMXLevelLoader       - Parsed TiledMap: file:/home/franz/Documents/Schule/3-Klasse/POS/DroidRampage/target/classes/assets/levels/Tile3.tmx
11:39:39.488 [JavaFX Application Thread] DEBUG TMXLevelLoader       - Creating tile layer entities
11:39:39.488 [JavaFX Application Thread] DEBUG TilesetLoader        - Loading view for layer Tile Layer 1
11:39:39.495 [JavaFX Application Thread] DEBUG TilesetLoader        - Created buffer with size 1920.0x1088.0
11:39:39.581 [JavaFX Application Thread] WARN  TilesetLoader        - Diagonally flipped tiles are not currently supported
11:39:39.581 [JavaFX Application Thread] WARN  TilesetLoader        - Diagonally flipped tiles are not currently supported
11:39:39.582 [JavaFX Application Thread] WARN  TilesetLoader        - Diagonally flipped tiles are not currently supported
11:39:39.583 [JavaFX Application Thread] WARN  TMXLevelLoader       - Parse error
java.lang.IllegalArgumentException: Tileset for gid=7460 not found
	at com.almasb.fxgl.entity.level.tiled.TilesetLoader.findTileset(TilesetLoader.kt:413)
	at com.almasb.fxgl.entity.level.tiled.TilesetLoader.loadView(TilesetLoader.kt:116)
	at com.almasb.fxgl.entity.level.tiled.TMXLevelLoader$createTileLayerEntities$1.invoke(TMXLevelLoader.kt:100)
	at com.almasb.fxgl.entity.level.tiled.TMXLevelLoader$createTileLayerEntities$1.invoke(TMXLevelLoader.kt:89)
	at com.almasb.fxgl.entity.level.tiled.TMXLevelLoader.createTileLayerEntities$lambda$3(TMXLevelLoader.kt:89)
	at java.base/java.util.stream.ReferencePipeline$3$1.accept(ReferencePipeline.java:214)
	at java.base/java.util.ArrayList$ArrayListSpliterator.forEachRemaining(ArrayList.java:1724)
	at java.base/java.util.stream.AbstractPipeline.copyInto(AbstractPipeline.java:570)
	at java.base/java.util.stream.AbstractPipeline.wrapAndCopyInto(AbstractPipeline.java:560)
	at java.base/java.util.stream.ReduceOps$ReduceOp.evaluateSequential(ReduceOps.java:921)
	at java.base/java.util.stream.AbstractPipeline.evaluate(AbstractPipeline.java:265)
	at java.base/java.util.stream.ReferencePipeline.collect(ReferencePipeline.java:723)
	at com.almasb.fxgl.entity.level.tiled.TMXLevelLoader.createTileLayerEntities(TMXLevelLoader.kt:117)
	at com.almasb.fxgl.entity.level.tiled.TMXLevelLoader.load(TMXLevelLoader.kt:58)
	at com.almasb.fxgl.app.services.FXGLAssetLoaderService.loadLevel(FXGLAssetLoaderService.kt:430)
	at at.htl.droidrampage.GameApp.spawnTiles(GameApp.java:144)
	at at.htl.droidrampage.GameApp.onUpdate(GameApp.java:322)
	at com.almasb.fxgl.app.FXGLApplication$GameApplicationService.onGameUpdate(FXGLApplication.kt:421)
	at com.almasb.fxgl.app.Engine.onGameUpdate(Engine.kt:138)
	at com.almasb.fxgl.app.FXGLApplication.postServicesInit$lambda$7(FXGLApplication.kt:182)
	at com.almasb.fxgl.scene.Scene.update(Scene.kt:113)
	at com.almasb.fxgl.app.MainWindow$update$1.invoke(MainWindow.kt:115)
	at com.almasb.fxgl.app.MainWindow$update$1.invoke(MainWindow.kt:115)
	at com.almasb.fxgl.core.fsm.StateMachine.runOnActiveStates(StateMachine.kt:69)
	at com.almasb.fxgl.app.MainWindow.update(MainWindow.kt:115)
	at com.almasb.fxgl.app.FXGLApplication$GameApplicationService.onUpdate(FXGLApplication.kt:426)
	at com.almasb.fxgl.app.Engine.loop(Engine.kt:134)
	at com.almasb.fxgl.app.Engine.access$loop(Engine.kt:24)
	at com.almasb.fxgl.app.Engine$loop$1.invoke(Engine.kt:28)
	at com.almasb.fxgl.app.Engine$loop$1.invoke(Engine.kt:28)
	at com.almasb.fxgl.app.LoopRunner.frame(LoopRunner.kt:103)
	at com.almasb.fxgl.app.LoopRunner.access$frame(LoopRunner.kt:23)
	at com.almasb.fxgl.app.LoopRunner$impl$2$1.onTick(LoopRunner.kt:57)
	at com.almasb.fxgl.app.AnimationTimerLoop$timer$1.handle(LoopRunner.kt:137)
	at javafx.animation.AnimationTimer$AnimationTimerReceiver.lambda$handle$0(AnimationTimer.java:58)
	at java.base/java.security.AccessController.doPrivileged(AccessController.java:138)
	at javafx.animation.AnimationTimer$AnimationTimerReceiver.handle(AnimationTimer.java:57)
	at com.sun.scenario.animation.AbstractPrimaryTimer.timePulseImpl(AbstractPrimaryTimer.java:356)
	at com.sun.scenario.animation.AbstractPrimaryTimer$MainLoop.run(AbstractPrimaryTimer.java:266)
	at com.sun.javafx.tk.quantum.QuantumToolkit.pulse(QuantumToolkit.java:588)
	at com.sun.javafx.tk.quantum.QuantumToolkit.pulse(QuantumToolkit.java:572)
	at com.sun.javafx.tk.quantum.QuantumToolkit.pulseFromQueue(QuantumToolkit.java:565)
	at com.sun.javafx.tk.quantum.QuantumToolkit.lambda$runToolkit$11(QuantumToolkit.java:352)
	at com.sun.glass.ui.InvokeLaterDispatcher$Future.run(InvokeLaterDispatcher.java:95)
	at com.sun.glass.ui.gtk.GtkApplication._runLoop(Native Method)
	at com.sun.glass.ui.gtk.GtkApplication.lambda$runLoop$10(GtkApplication.java:263)
	at java.base/java.lang.Thread.run(Thread.java:1516)

11:39:39.584 [JavaFX Application Thread] WARN  TMXLevelLoader       - TiledMap generated from 1.8.2. Supported version: 1.9.0. Some features may not be parsed fully.
11:39:39.593 [JavaFX Application Thread] DEBUG TMXLevelLoader       - Parsed TiledMap: file:/home/franz/Documents/Schule/3-Klasse/POS/DroidRampage/target/classes/assets/levels/Tile3.tmx
11:39:39.593 [JavaFX Application Thread] DEBUG TMXLevelLoader       - Creating tile layer entities
11:39:39.594 [JavaFX Application Thread] DEBUG TilesetLoader        - Loading view for layer Tile Layer 1
11:39:39.604 [JavaFX Application Thread] DEBUG TilesetLoader        - Created buffer with size 1920.0x1088.0
11:39:39.734 [JavaFX Application Thread] WARN  TilesetLoader        - Diagonally flipped tiles are not currently supported
11:39:39.734 [JavaFX Application Thread] WARN  TilesetLoader        - Diagonally flipped tiles are not currently supported
11:39:39.735 [JavaFX Application Thread] WARN  TilesetLoader        - Diagonally flipped tiles are not currently supported
11:39:39.736 [JavaFX Application Thread] WARN  TMXLevelLoader       - Parse error
java.lang.IllegalArgumentException: Tileset for gid=7460 not found
	at com.almasb.fxgl.entity.level.tiled.TilesetLoader.findTileset(TilesetLoader.kt:413)
	at com.almasb.fxgl.entity.level.tiled.TilesetLoader.loadView(TilesetLoader.kt:116)
	at com.almasb.fxgl.entity.level.tiled.TMXLevelLoader$createTileLayerEntities$1.invoke(TMXLevelLoader.kt:100)
	at com.almasb.fxgl.entity.level.tiled.TMXLevelLoader$createTileLayerEntities$1.invoke(TMXLevelLoader.kt:89)
	at com.almasb.fxgl.entity.level.tiled.TMXLevelLoader.createTileLayerEntities$lambda$3(TMXLevelLoader.kt:89)
	at java.base/java.util.stream.ReferencePipeline$3$1.accept(ReferencePipeline.java:214)
	at java.base/java.util.ArrayList$ArrayListSpliterator.forEachRemaining(ArrayList.java:1724)
	at java.base/java.util.stream.AbstractPipeline.copyInto(AbstractPipeline.java:570)
	at java.base/java.util.stream.AbstractPipeline.wrapAndCopyInto(AbstractPipeline.java:560)
	at java.base/java.util.stream.ReduceOps$ReduceOp.evaluateSequential(ReduceOps.java:921)
	at java.base/java.util.stream.AbstractPipeline.evaluate(AbstractPipeline.java:265)
	at java.base/java.util.stream.ReferencePipeline.collect(ReferencePipeline.java:723)
	at com.almasb.fxgl.entity.level.tiled.TMXLevelLoader.createTileLayerEntities(TMXLevelLoader.kt:117)
	at com.almasb.fxgl.entity.level.tiled.TMXLevelLoader.load(TMXLevelLoader.kt:58)
	at com.almasb.fxgl.app.services.FXGLAssetLoaderService.loadLevel(FXGLAssetLoaderService.kt:430)
	at at.htl.droidrampage.GameApp.spawnTiles(GameApp.java:144)
	at at.htl.droidrampage.GameApp.onUpdate(GameApp.java:322)
	at com.almasb.fxgl.app.FXGLApplication$GameApplicationService.onGameUpdate(FXGLApplication.kt:421)
	at com.almasb.fxgl.app.Engine.onGameUpdate(Engine.kt:138)
	at com.almasb.fxgl.app.FXGLApplication.postServicesInit$lambda$7(FXGLApplication.kt:182)
	at com.almasb.fxgl.scene.Scene.update(Scene.kt:113)
	at com.almasb.fxgl.app.MainWindow$update$1.invoke(MainWindow.kt:115)
	at com.almasb.fxgl.app.MainWindow$update$1.invoke(MainWindow.kt:115)
	at com.almasb.fxgl.core.fsm.StateMachine.runOnActiveStates(StateMachine.kt:69)
	at com.almasb.fxgl.app.MainWindow.update(MainWindow.kt:115)
	at com.almasb.fxgl.app.FXGLApplication$GameApplicationService.onUpdate(FXGLApplication.kt:426)
	at com.almasb.fxgl.app.Engine.loop(Engine.kt:134)
	at com.almasb.fxgl.app.Engine.access$loop(Engine.kt:24)
	at com.almasb.fxgl.app.Engine$loop$1.invoke(Engine.kt:28)
	at com.almasb.fxgl.app.Engine$loop$1.invoke(Engine.kt:28)
	at com.almasb.fxgl.app.LoopRunner.frame(LoopRunner.kt:103)
	at com.almasb.fxgl.app.LoopRunner.access$frame(LoopRunner.kt:23)
	at com.almasb.fxgl.app.LoopRunner$impl$2$1.onTick(LoopRunner.kt:57)
	at com.almasb.fxgl.app.AnimationTimerLoop$timer$1.handle(LoopRunner.kt:137)
	at javafx.animation.AnimationTimer$AnimationTimerReceiver.lambda$handle$0(AnimationTimer.java:58)
	at java.base/java.security.AccessController.doPrivileged(AccessController.java:138)
	at javafx.animation.AnimationTimer$AnimationTimerReceiver.handle(AnimationTimer.java:57)
	at com.sun.scenario.animation.AbstractPrimaryTimer.timePulseImpl(AbstractPrimaryTimer.java:356)
	at com.sun.scenario.animation.AbstractPrimaryTimer$MainLoop.run(AbstractPrimaryTimer.java:266)
	at com.sun.javafx.tk.quantum.QuantumToolkit.pulse(QuantumToolkit.java:588)
	at com.sun.javafx.tk.quantum.QuantumToolkit.pulse(QuantumToolkit.java:572)
	at com.sun.javafx.tk.quantum.QuantumToolkit.pulseFromQueue(QuantumToolkit.java:565)
	at com.sun.javafx.tk.quantum.QuantumToolkit.lambda$runToolkit$11(QuantumToolkit.java:352)
	at com.sun.glass.ui.InvokeLaterDispatcher$Future.run(InvokeLaterDispatcher.java:95)
	at com.sun.glass.ui.gtk.GtkApplication._runLoop(Native Method)
	at com.sun.glass.ui.gtk.GtkApplication.lambda$runLoop$10(GtkApplication.java:263)
	at java.base/java.lang.Thread.run(Thread.java:1516)

11:39:39.738 [JavaFX Application Thread] WARN  TMXLevelLoader       - TiledMap generated from 1.8.2. Supported version: 1.9.0. Some features may not be parsed fully.
11:39:39.742 [JavaFX Application Thread] DEBUG TMXLevelLoader       - Parsed TiledMap: file:/home/franz/Documents/Schule/3-Klasse/POS/DroidRampage/target/classes/assets/levels/Tile3.tmx
11:39:39.742 [JavaFX Application Thread] DEBUG TMXLevelLoader       - Creating tile layer entities
11:39:39.743 [JavaFX Application Thread] DEBUG TilesetLoader        - Loading view for layer Tile Layer 1
11:39:39.750 [JavaFX Application Thread] DEBUG TilesetLoader        - Created buffer with size 1920.0x1088.0
11:39:39.864 [JavaFX Application Thread] WARN  TilesetLoader        - Diagonally flipped tiles are not currently supported
11:39:39.865 [JavaFX Application Thread] WARN  TilesetLoader        - Diagonally flipped tiles are not currently supported
11:39:39.865 [JavaFX Application Thread] WARN  TilesetLoader        - Diagonally flipped tiles are not currently supported
11:39:39.867 [JavaFX Application Thread] WARN  TMXLevelLoader       - Parse error
java.lang.IllegalArgumentException: Tileset for gid=7460 not found
	at com.almasb.fxgl.entity.level.tiled.TilesetLoader.findTileset(TilesetLoader.kt:413)
	at com.almasb.fxgl.entity.level.tiled.TilesetLoader.loadView(TilesetLoader.kt:116)
	at com.almasb.fxgl.entity.level.tiled.TMXLevelLoader$createTileLayerEntities$1.invoke(TMXLevelLoader.kt:100)
	at com.almasb.fxgl.entity.level.tiled.TMXLevelLoader$createTileLayerEntities$1.invoke(TMXLevelLoader.kt:89)
	at com.almasb.fxgl.entity.level.tiled.TMXLevelLoader.createTileLayerEntities$lambda$3(TMXLevelLoader.kt:89)
	at java.base/java.util.stream.ReferencePipeline$3$1.accept(ReferencePipeline.java:214)
	at java.base/java.util.ArrayList$ArrayListSpliterator.forEachRemaining(ArrayList.java:1724)
	at java.base/java.util.stream.AbstractPipeline.copyInto(AbstractPipeline.java:570)
	at java.base/java.util.stream.AbstractPipeline.wrapAndCopyInto(AbstractPipeline.java:560)
	at java.base/java.util.stream.ReduceOps$ReduceOp.evaluateSequential(ReduceOps.java:921)
	at java.base/java.util.stream.AbstractPipeline.evaluate(AbstractPipeline.java:265)
	at java.base/java.util.stream.ReferencePipeline.collect(ReferencePipeline.java:723)
	at com.almasb.fxgl.entity.level.tiled.TMXLevelLoader.createTileLayerEntities(TMXLevelLoader.kt:117)
	at com.almasb.fxgl.entity.level.tiled.TMXLevelLoader.load(TMXLevelLoader.kt:58)
	at com.almasb.fxgl.app.services.FXGLAssetLoaderService.loadLevel(FXGLAssetLoaderService.kt:430)
	at at.htl.droidrampage.GameApp.spawnTiles(GameApp.java:144)
	at at.htl.droidrampage.GameApp.onUpdate(GameApp.java:322)
	at com.almasb.fxgl.app.FXGLApplication$GameApplicationService.onGameUpdate(FXGLApplication.kt:421)
	at com.almasb.fxgl.app.Engine.onGameUpdate(Engine.kt:138)
	at com.almasb.fxgl.app.FXGLApplication.postServicesInit$lambda$7(FXGLApplication.kt:182)
	at com.almasb.fxgl.scene.Scene.update(Scene.kt:113)
	at com.almasb.fxgl.app.MainWindow$update$1.invoke(MainWindow.kt:115)
	at com.almasb.fxgl.app.MainWindow$update$1.invoke(MainWindow.kt:115)
	at com.almasb.fxgl.core.fsm.StateMachine.runOnActiveStates(StateMachine.kt:69)
	at com.almasb.fxgl.app.MainWindow.update(MainWindow.kt:115)
	at com.almasb.fxgl.app.FXGLApplication$GameApplicationService.onUpdate(FXGLApplication.kt:426)
	at com.almasb.fxgl.app.Engine.loop(Engine.kt:134)
	at com.almasb.fxgl.app.Engine.access$loop(Engine.kt:24)
	at com.almasb.fxgl.app.Engine$loop$1.invoke(Engine.kt:28)
	at com.almasb.fxgl.app.Engine$loop$1.invoke(Engine.kt:28)
	at com.almasb.fxgl.app.LoopRunner.frame(LoopRunner.kt:103)
	at com.almasb.fxgl.app.LoopRunner.access$frame(LoopRunner.kt:23)
	at com.almasb.fxgl.app.LoopRunner$impl$2$1.onTick(LoopRunner.kt:57)
	at com.almasb.fxgl.app.AnimationTimerLoop$timer$1.handle(LoopRunner.kt:137)
	at javafx.animation.AnimationTimer$AnimationTimerReceiver.lambda$handle$0(AnimationTimer.java:58)
	at java.base/java.security.AccessController.doPrivileged(AccessController.java:138)
	at javafx.animation.AnimationTimer$AnimationTimerReceiver.handle(AnimationTimer.java:57)
	at com.sun.scenario.animation.AbstractPrimaryTimer.timePulseImpl(AbstractPrimaryTimer.java:356)
	at com.sun.scenario.animation.AbstractPrimaryTimer$MainLoop.run(AbstractPrimaryTimer.java:266)
	at com.sun.javafx.tk.quantum.QuantumToolkit.pulse(QuantumToolkit.java:588)
	at com.sun.javafx.tk.quantum.QuantumToolkit.pulse(QuantumToolkit.java:572)
	at com.sun.javafx.tk.quantum.QuantumToolkit.pulseFromQueue(QuantumToolkit.java:565)
	at com.sun.javafx.tk.quantum.QuantumToolkit.lambda$runToolkit$11(QuantumToolkit.java:352)
	at com.sun.glass.ui.InvokeLaterDispatcher$Future.run(InvokeLaterDispatcher.java:95)
	at com.sun.glass.ui.gtk.GtkApplication._runLoop(Native Method)
	at com.sun.glass.ui.gtk.GtkApplication.lambda$runLoop$10(GtkApplication.java:263)
	at java.base/java.lang.Thread.run(Thread.java:1516)

11:39:39.870 [JavaFX Application Thread] WARN  TMXLevelLoader       - TiledMap generated from 1.8.2. Supported version: 1.9.0. Some features may not be parsed fully.
11:39:39.878 [JavaFX Application Thread] DEBUG TMXLevelLoader       - Parsed TiledMap: file:/home/franz/Documents/Schule/3-Klasse/POS/DroidRampage/target/classes/assets/levels/Tile5.tmx
11:39:39.878 [JavaFX Application Thread] DEBUG TMXLevelLoader       - Creating tile layer entities
11:39:39.878 [JavaFX Application Thread] DEBUG TilesetLoader        - Loading view for layer Tile Layer 1
11:39:39.889 [JavaFX Application Thread] DEBUG TilesetLoader        - Created buffer with size 1920.0x1088.0
11:39:39.981 [JavaFX Application Thread] DEBUG TMXLevelLoader       - Creating object layer entities
11:39:46.969 [JavaFX Application Thread] WARN  TMXLevelLoader       - TiledMap generated from 1.8.2. Supported version: 1.9.0. Some features may not be parsed fully.
11:39:46.978 [JavaFX Application Thread] DEBUG TMXLevelLoader       - Parsed TiledMap: file:/home/franz/Documents/Schule/3-Klasse/POS/DroidRampage/target/classes/assets/levels/Tile6.tmx
11:39:46.978 [JavaFX Application Thread] DEBUG TMXLevelLoader       - Creating tile layer entities
11:39:46.979 [JavaFX Application Thread] DEBUG TilesetLoader        - Loading view for layer Tile Layer 1
11:39:46.981 [JavaFX Application Thread] DEBUG TilesetLoader        - Created buffer with size 1920.0x1088.0
11:39:47.074 [JavaFX Application Thread] DEBUG TMXLevelLoader       - Creating object layer entities
11:39:53.502 [JavaFX Application Thread] WARN  TMXLevelLoader       - TiledMap generated from 1.8.2. Supported version: 1.9.0. Some features may not be parsed fully.
11:39:53.509 [JavaFX Application Thread] DEBUG TMXLevelLoader       - Parsed TiledMap: file:/home/franz/Documents/Schule/3-Klasse/POS/DroidRampage/target/classes/assets/levels/Tile3.tmx
11:39:53.509 [JavaFX Application Thread] DEBUG TMXLevelLoader       - Creating tile layer entities
11:39:53.510 [JavaFX Application Thread] DEBUG TilesetLoader        - Loading view for layer Tile Layer 1
11:39:53.513 [JavaFX Application Thread] DEBUG TilesetLoader        - Created buffer with size 1920.0x1088.0
11:39:53.591 [JavaFX Application Thread] WARN  TilesetLoader        - Diagonally flipped tiles are not currently supported
11:39:53.592 [JavaFX Application Thread] WARN  TilesetLoader        - Diagonally flipped tiles are not currently supported
11:39:53.592 [JavaFX Application Thread] WARN  TilesetLoader        - Diagonally flipped tiles are not currently supported
11:39:53.593 [JavaFX Application Thread] WARN  TMXLevelLoader       - Parse error
java.lang.IllegalArgumentException: Tileset for gid=7460 not found
	at com.almasb.fxgl.entity.level.tiled.TilesetLoader.findTileset(TilesetLoader.kt:413)
	at com.almasb.fxgl.entity.level.tiled.TilesetLoader.loadView(TilesetLoader.kt:116)
	at com.almasb.fxgl.entity.level.tiled.TMXLevelLoader$createTileLayerEntities$1.invoke(TMXLevelLoader.kt:100)
	at com.almasb.fxgl.entity.level.tiled.TMXLevelLoader$createTileLayerEntities$1.invoke(TMXLevelLoader.kt:89)
	at com.almasb.fxgl.entity.level.tiled.TMXLevelLoader.createTileLayerEntities$lambda$3(TMXLevelLoader.kt:89)
	at java.base/java.util.stream.ReferencePipeline$3$1.accept(ReferencePipeline.java:214)
	at java.base/java.util.ArrayList$ArrayListSpliterator.forEachRemaining(ArrayList.java:1724)
	at java.base/java.util.stream.AbstractPipeline.copyInto(AbstractPipeline.java:570)
	at java.base/java.util.stream.AbstractPipeline.wrapAndCopyInto(AbstractPipeline.java:560)
	at java.base/java.util.stream.ReduceOps$ReduceOp.evaluateSequential(ReduceOps.java:921)
	at java.base/java.util.stream.AbstractPipeline.evaluate(AbstractPipeline.java:265)
	at java.base/java.util.stream.ReferencePipeline.collect(ReferencePipeline.java:723)
	at com.almasb.fxgl.entity.level.tiled.TMXLevelLoader.createTileLayerEntities(TMXLevelLoader.kt:117)
	at com.almasb.fxgl.entity.level.tiled.TMXLevelLoader.load(TMXLevelLoader.kt:58)
	at com.almasb.fxgl.app.services.FXGLAssetLoaderService.loadLevel(FXGLAssetLoaderService.kt:430)
	at at.htl.droidrampage.GameApp.spawnTiles(GameApp.java:144)
	at at.htl.droidrampage.GameApp.onUpdate(GameApp.java:322)
	at com.almasb.fxgl.app.FXGLApplication$GameApplicationService.onGameUpdate(FXGLApplication.kt:421)
	at com.almasb.fxgl.app.Engine.onGameUpdate(Engine.kt:138)
	at com.almasb.fxgl.app.FXGLApplication.postServicesInit$lambda$7(FXGLApplication.kt:182)
	at com.almasb.fxgl.scene.Scene.update(Scene.kt:113)
	at com.almasb.fxgl.app.MainWindow$update$1.invoke(MainWindow.kt:115)
	at com.almasb.fxgl.app.MainWindow$update$1.invoke(MainWindow.kt:115)
	at com.almasb.fxgl.core.fsm.StateMachine.runOnActiveStates(StateMachine.kt:69)
	at com.almasb.fxgl.app.MainWindow.update(MainWindow.kt:115)
	at com.almasb.fxgl.app.FXGLApplication$GameApplicationService.onUpdate(FXGLApplication.kt:426)
	at com.almasb.fxgl.app.Engine.loop(Engine.kt:134)
	at com.almasb.fxgl.app.Engine.access$loop(Engine.kt:24)
	at com.almasb.fxgl.app.Engine$loop$1.invoke(Engine.kt:28)
	at com.almasb.fxgl.app.Engine$loop$1.invoke(Engine.kt:28)
	at com.almasb.fxgl.app.LoopRunner.frame(LoopRunner.kt:103)
	at com.almasb.fxgl.app.LoopRunner.access$frame(LoopRunner.kt:23)
	at com.almasb.fxgl.app.LoopRunner$impl$2$1.onTick(LoopRunner.kt:57)
	at com.almasb.fxgl.app.AnimationTimerLoop$timer$1.handle(LoopRunner.kt:137)
	at javafx.animation.AnimationTimer$AnimationTimerReceiver.lambda$handle$0(AnimationTimer.java:58)
	at java.base/java.security.AccessController.doPrivileged(AccessController.java:138)
	at javafx.animation.AnimationTimer$AnimationTimerReceiver.handle(AnimationTimer.java:57)
	at com.sun.scenario.animation.AbstractPrimaryTimer.timePulseImpl(AbstractPrimaryTimer.java:356)
	at com.sun.scenario.animation.AbstractPrimaryTimer$MainLoop.run(AbstractPrimaryTimer.java:266)
	at com.sun.javafx.tk.quantum.QuantumToolkit.pulse(QuantumToolkit.java:588)
	at com.sun.javafx.tk.quantum.QuantumToolkit.pulse(QuantumToolkit.java:572)
	at com.sun.javafx.tk.quantum.QuantumToolkit.pulseFromQueue(QuantumToolkit.java:565)
	at com.sun.javafx.tk.quantum.QuantumToolkit.lambda$runToolkit$11(QuantumToolkit.java:352)
	at com.sun.glass.ui.InvokeLaterDispatcher$Future.run(InvokeLaterDispatcher.java:95)
	at com.sun.glass.ui.gtk.GtkApplication._runLoop(Native Method)
	at com.sun.glass.ui.gtk.GtkApplication.lambda$runLoop$10(GtkApplication.java:263)
	at java.base/java.lang.Thread.run(Thread.java:1516)

11:39:53.595 [JavaFX Application Thread] WARN  TMXLevelLoader       - TiledMap generated from 1.8.2. Supported version: 1.9.0. Some features may not be parsed fully.
11:39:53.597 [JavaFX Application Thread] DEBUG TMXLevelLoader       - Parsed TiledMap: file:/home/franz/Documents/Schule/3-Klasse/POS/DroidRampage/target/classes/assets/levels/Tile2.tmx
11:39:53.597 [JavaFX Application Thread] DEBUG TMXLevelLoader       - Creating tile layer entities
11:39:53.597 [JavaFX Application Thread] DEBUG TilesetLoader        - Loading view for layer Tile Layer 1
11:39:53.598 [JavaFX Application Thread] DEBUG TilesetLoader        - Created buffer with size 1920.0x1088.0
11:39:53.667 [JavaFX Application Thread] DEBUG TMXLevelLoader       - Creating object layer entities
11:39:59.397 [JavaFX Application Thread] WARN  TMXLevelLoader       - TiledMap generated from 1.8.2. Supported version: 1.9.0. Some features may not be parsed fully.
11:39:59.401 [JavaFX Application Thread] DEBUG TMXLevelLoader       - Parsed TiledMap: file:/home/franz/Documents/Schule/3-Klasse/POS/DroidRampage/target/classes/assets/levels/Tile4.tmx
11:39:59.401 [JavaFX Application Thread] DEBUG TMXLevelLoader       - Creating tile layer entities
11:39:59.401 [JavaFX Application Thread] DEBUG TilesetLoader        - Loading view for layer Tile Layer 1
11:39:59.403 [JavaFX Application Thread] DEBUG TilesetLoader        - Created buffer with size 1920.0x1088.0
11:39:59.496 [JavaFX Application Thread] DEBUG TMXLevelLoader       - Creating object layer entities
11:40:04.828 [JavaFX Application Thread] WARN  TMXLevelLoader       - TiledMap generated from 1.8.2. Supported version: 1.9.0. Some features may not be parsed fully.
11:40:04.836 [JavaFX Application Thread] DEBUG TMXLevelLoader       - Parsed TiledMap: file:/home/franz/Documents/Schule/3-Klasse/POS/DroidRampage/target/classes/assets/levels/Tile2.tmx
11:40:04.836 [JavaFX Application Thread] DEBUG TMXLevelLoader       - Creating tile layer entities
11:40:04.838 [JavaFX Application Thread] DEBUG TilesetLoader        - Loading view for layer Tile Layer 1
11:40:04.842 [JavaFX Application Thread] DEBUG TilesetLoader        - Created buffer with size 1920.0x1088.0
11:40:04.933 [JavaFX Application Thread] DEBUG TMXLevelLoader       - Creating object layer entities
11:40:09.897 [JavaFX Application Thread] WARN  TMXLevelLoader       - TiledMap generated from 1.8.2. Supported version: 1.9.0. Some features may not be parsed fully.
11:40:09.900 [JavaFX Application Thread] DEBUG TMXLevelLoader       - Parsed TiledMap: file:/home/franz/Documents/Schule/3-Klasse/POS/DroidRampage/target/classes/assets/levels/Tile3.tmx
11:40:09.900 [JavaFX Application Thread] DEBUG TMXLevelLoader       - Creating tile layer entities
11:40:09.901 [JavaFX Application Thread] DEBUG TilesetLoader        - Loading view for layer Tile Layer 1
11:40:09.911 [JavaFX Application Thread] DEBUG TilesetLoader        - Created buffer with size 1920.0x1088.0
11:40:09.996 [JavaFX Application Thread] WARN  TilesetLoader        - Diagonally flipped tiles are not currently supported
11:40:09.996 [JavaFX Application Thread] WARN  TilesetLoader        - Diagonally flipped tiles are not currently supported
11:40:09.996 [JavaFX Application Thread] WARN  TilesetLoader        - Diagonally flipped tiles are not currently supported
11:40:09.997 [JavaFX Application Thread] WARN  TMXLevelLoader       - Parse error
java.lang.IllegalArgumentException: Tileset for gid=7460 not found
	at com.almasb.fxgl.entity.level.tiled.TilesetLoader.findTileset(TilesetLoader.kt:413)
	at com.almasb.fxgl.entity.level.tiled.TilesetLoader.loadView(TilesetLoader.kt:116)
	at com.almasb.fxgl.entity.level.tiled.TMXLevelLoader$createTileLayerEntities$1.invoke(TMXLevelLoader.kt:100)
	at com.almasb.fxgl.entity.level.tiled.TMXLevelLoader$createTileLayerEntities$1.invoke(TMXLevelLoader.kt:89)
	at com.almasb.fxgl.entity.level.tiled.TMXLevelLoader.createTileLayerEntities$lambda$3(TMXLevelLoader.kt:89)
	at java.base/java.util.stream.ReferencePipeline$3$1.accept(ReferencePipeline.java:214)
	at java.base/java.util.ArrayList$ArrayListSpliterator.forEachRemaining(ArrayList.java:1724)
	at java.base/java.util.stream.AbstractPipeline.copyInto(AbstractPipeline.java:570)
	at java.base/java.util.stream.AbstractPipeline.wrapAndCopyInto(AbstractPipeline.java:560)
	at java.base/java.util.stream.ReduceOps$ReduceOp.evaluateSequential(ReduceOps.java:921)
	at java.base/java.util.stream.AbstractPipeline.evaluate(AbstractPipeline.java:265)
	at java.base/java.util.stream.ReferencePipeline.collect(ReferencePipeline.java:723)
	at com.almasb.fxgl.entity.level.tiled.TMXLevelLoader.createTileLayerEntities(TMXLevelLoader.kt:117)
	at com.almasb.fxgl.entity.level.tiled.TMXLevelLoader.load(TMXLevelLoader.kt:58)
	at com.almasb.fxgl.app.services.FXGLAssetLoaderService.loadLevel(FXGLAssetLoaderService.kt:430)
	at at.htl.droidrampage.GameApp.spawnTiles(GameApp.java:144)
	at at.htl.droidrampage.GameApp.onUpdate(GameApp.java:322)
	at com.almasb.fxgl.app.FXGLApplication$GameApplicationService.onGameUpdate(FXGLApplication.kt:421)
	at com.almasb.fxgl.app.Engine.onGameUpdate(Engine.kt:138)
	at com.almasb.fxgl.app.FXGLApplication.postServicesInit$lambda$7(FXGLApplication.kt:182)
	at com.almasb.fxgl.scene.Scene.update(Scene.kt:113)
	at com.almasb.fxgl.app.MainWindow$update$1.invoke(MainWindow.kt:115)
	at com.almasb.fxgl.app.MainWindow$update$1.invoke(MainWindow.kt:115)
	at com.almasb.fxgl.core.fsm.StateMachine.runOnActiveStates(StateMachine.kt:69)
	at com.almasb.fxgl.app.MainWindow.update(MainWindow.kt:115)
	at com.almasb.fxgl.app.FXGLApplication$GameApplicationService.onUpdate(FXGLApplication.kt:426)
	at com.almasb.fxgl.app.Engine.loop(Engine.kt:134)
	at com.almasb.fxgl.app.Engine.access$loop(Engine.kt:24)
	at com.almasb.fxgl.app.Engine$loop$1.invoke(Engine.kt:28)
	at com.almasb.fxgl.app.Engine$loop$1.invoke(Engine.kt:28)
	at com.almasb.fxgl.app.LoopRunner.frame(LoopRunner.kt:103)
	at com.almasb.fxgl.app.LoopRunner.access$frame(LoopRunner.kt:23)
	at com.almasb.fxgl.app.LoopRunner$impl$2$1.onTick(LoopRunner.kt:57)
	at com.almasb.fxgl.app.AnimationTimerLoop$timer$1.handle(LoopRunner.kt:137)
	at javafx.animation.AnimationTimer$AnimationTimerReceiver.lambda$handle$0(AnimationTimer.java:58)
	at java.base/java.security.AccessController.doPrivileged(AccessController.java:138)
	at javafx.animation.AnimationTimer$AnimationTimerReceiver.handle(AnimationTimer.java:57)
	at com.sun.scenario.animation.AbstractPrimaryTimer.timePulseImpl(AbstractPrimaryTimer.java:356)
	at com.sun.scenario.animation.AbstractPrimaryTimer$MainLoop.run(AbstractPrimaryTimer.java:266)
	at com.sun.javafx.tk.quantum.QuantumToolkit.pulse(QuantumToolkit.java:588)
	at com.sun.javafx.tk.quantum.QuantumToolkit.pulse(QuantumToolkit.java:572)
	at com.sun.javafx.tk.quantum.QuantumToolkit.pulseFromQueue(QuantumToolkit.java:565)
	at com.sun.javafx.tk.quantum.QuantumToolkit.lambda$runToolkit$11(QuantumToolkit.java:352)
	at com.sun.glass.ui.InvokeLaterDispatcher$Future.run(InvokeLaterDispatcher.java:95)
	at com.sun.glass.ui.gtk.GtkApplication._runLoop(Native Method)
	at com.sun.glass.ui.gtk.GtkApplication.lambda$runLoop$10(GtkApplication.java:263)
	at java.base/java.lang.Thread.run(Thread.java:1516)

11:40:09.999 [JavaFX Application Thread] WARN  TMXLevelLoader       - TiledMap generated from 1.8.2. Supported version: 1.9.0. Some features may not be parsed fully.
11:40:10.000 [JavaFX Application Thread] DEBUG TMXLevelLoader       - Parsed TiledMap: file:/home/franz/Documents/Schule/3-Klasse/POS/DroidRampage/target/classes/assets/levels/Tile5.tmx
11:40:10.000 [JavaFX Application Thread] DEBUG TMXLevelLoader       - Creating tile layer entities
11:40:10.000 [JavaFX Application Thread] DEBUG TilesetLoader        - Loading view for layer Tile Layer 1
11:40:10.006 [JavaFX Application Thread] DEBUG TilesetLoader        - Created buffer with size 1920.0x1088.0
11:40:10.093 [JavaFX Application Thread] DEBUG TMXLevelLoader       - Creating object layer entities
11:40:14.711 [JavaFX Application Thread] WARN  TMXLevelLoader       - TiledMap generated from 1.8.2. Supported version: 1.9.0. Some features may not be parsed fully.
11:40:14.716 [JavaFX Application Thread] DEBUG TMXLevelLoader       - Parsed TiledMap: file:/home/franz/Documents/Schule/3-Klasse/POS/DroidRampage/target/classes/assets/levels/Tile6.tmx
11:40:14.716 [JavaFX Application Thread] DEBUG TMXLevelLoader       - Creating tile layer entities
11:40:14.717 [JavaFX Application Thread] DEBUG TilesetLoader        - Loading view for layer Tile Layer 1
11:40:14.728 [JavaFX Application Thread] DEBUG TilesetLoader        - Created buffer with size 1920.0x1088.0
11:40:14.824 [JavaFX Application Thread] DEBUG TMXLevelLoader       - Creating object layer entities
11:40:19.498 [JavaFX Application Thread] WARN  TMXLevelLoader       - TiledMap generated from 1.8.2. Supported version: 1.9.0. Some features may not be parsed fully.
11:40:19.502 [JavaFX Application Thread] DEBUG TMXLevelLoader       - Parsed TiledMap: file:/home/franz/Documents/Schule/3-Klasse/POS/DroidRampage/target/classes/assets/levels/Tile4.tmx
11:40:19.502 [JavaFX Application Thread] DEBUG TMXLevelLoader       - Creating tile layer entities
11:40:19.503 [JavaFX Application Thread] DEBUG TilesetLoader        - Loading view for layer Tile Layer 1
11:40:19.514 [JavaFX Application Thread] DEBUG TilesetLoader        - Created buffer with size 1920.0x1088.0
11:40:19.614 [JavaFX Application Thread] DEBUG TMXLevelLoader       - Creating object layer entities
11:40:24.260 [JavaFX Application Thread] WARN  TMXLevelLoader       - TiledMap generated from 1.8.2. Supported version: 1.9.0. Some features may not be parsed fully.
11:40:24.263 [JavaFX Application Thread] DEBUG TMXLevelLoader       - Parsed TiledMap: file:/home/franz/Documents/Schule/3-Klasse/POS/DroidRampage/target/classes/assets/levels/Tile2.tmx
11:40:24.263 [JavaFX Application Thread] DEBUG TMXLevelLoader       - Creating tile layer entities
11:40:24.264 [JavaFX Application Thread] DEBUG TilesetLoader        - Loading view for layer Tile Layer 1
11:40:24.274 [JavaFX Application Thread] DEBUG TilesetLoader        - Created buffer with size 1920.0x1088.0
11:40:24.375 [JavaFX Application Thread] DEBUG TMXLevelLoader       - Creating object layer entities
11:40:29.032 [JavaFX Application Thread] WARN  TMXLevelLoader       - TiledMap generated from 1.8.2. Supported version: 1.9.0. Some features may not be parsed fully.
11:40:29.036 [JavaFX Application Thread] DEBUG TMXLevelLoader       - Parsed TiledMap: file:/home/franz/Documents/Schule/3-Klasse/POS/DroidRampage/target/classes/assets/levels/Tile6.tmx
11:40:29.036 [JavaFX Application Thread] DEBUG TMXLevelLoader       - Creating tile layer entities
11:40:29.037 [JavaFX Application Thread] DEBUG TilesetLoader        - Loading view for layer Tile Layer 1
11:40:29.050 [JavaFX Application Thread] DEBUG TilesetLoader        - Created buffer with size 1920.0x1088.0
11:40:29.142 [JavaFX Application Thread] DEBUG TMXLevelLoader       - Creating object layer entities
11:40:33.839 [JavaFX Application Thread] WARN  TMXLevelLoader       - TiledMap generated from 1.8.2. Supported version: 1.9.0. Some features may not be parsed fully.
11:40:33.842 [JavaFX Application Thread] DEBUG TMXLevelLoader       - Parsed TiledMap: file:/home/franz/Documents/Schule/3-Klasse/POS/DroidRampage/target/classes/assets/levels/Tile5.tmx
11:40:33.842 [JavaFX Application Thread] DEBUG TMXLevelLoader       - Creating tile layer entities
11:40:33.842 [JavaFX Application Thread] DEBUG TilesetLoader        - Loading view for layer Tile Layer 1
11:40:33.857 [JavaFX Application Thread] DEBUG TilesetLoader        - Created buffer with size 1920.0x1088.0
11:40:33.947 [JavaFX Application Thread] DEBUG TMXLevelLoader       - Creating object layer entities
11:40:45.276 [JavaFX Application Thread] DEBUG GameApplicationServi - Starting new game
11:40:45.276 [JavaFX Application Thread] DEBUG Input                - Clearing active input actions
11:40:45.284 [JavaFX Application Thread] DEBUG GameApplicationServi - Removing overlay from GameScene and adding to FXGLLoadingScene
11:40:45.285 [JavaFX Application Thread] DEBUG PrimaryStageWindow   - GameScene -> FXGLLoadingScene
11:40:45.285 [JavaFX Application Thread] DEBUG GameApplicationServi - Clearing previous game
11:40:45.285 [JavaFX Application Thread] DEBUG GameScene            - Clearing game scene
11:40:45.285 [JavaFX Application Thread] DEBUG GameWorld            - Clearing game world
11:40:45.291 [JavaFX Application Thread] DEBUG PhysicsWorld         - Clearing physics world
11:40:45.293 [FXGL Background Thread 5 ] DEBUG FXGLApplication      - Initializing game
11:40:45.295 [FXGL Background Thread 5 ] WARN  TMXLevelLoader       - TiledMap generated from 1.8.2. Supported version: 1.9.0. Some features may not be parsed fully.
11:40:45.297 [FXGL Background Thread 5 ] DEBUG TMXLevelLoader       - Parsed TiledMap: file:/home/franz/Documents/Schule/3-Klasse/POS/DroidRampage/target/classes/assets/levels/TileStart.tmx
11:40:45.297 [FXGL Background Thread 5 ] DEBUG TMXLevelLoader       - Creating tile layer entities
11:40:45.297 [FXGL Background Thread 5 ] DEBUG TilesetLoader        - Loading view for layer Kachelebene 1
11:40:45.305 [FXGL Background Thread 5 ] DEBUG TilesetLoader        - Created buffer with size 1920.0x1088.0
11:40:45.441 [FXGL Background Thread 5 ] DEBUG TMXLevelLoader       - Creating object layer entities
11:40:45.449 [FXGL Background Thread 5 ] DEBUG GameWorld            - Clearing removable entities
11:40:45.449 [FXGL Background Thread 5 ] DEBUG GameWorld            - Setting level: com.almasb.fxgl.entity.level.Level@4df09b05
11:40:45.638 [FXGL Background Thread 5 ] INFO  FXGLApplication      - Game initialization took: 0.345 sec
11:40:45.639 [JavaFX Application Thread] DEBUG Input                - Clearing active input actions
11:40:45.651 [JavaFX Application Thread] DEBUG GameApplicationServi - Removing overlay from FXGLLoadingScene and adding to GameScene
11:40:45.651 [JavaFX Application Thread] DEBUG PrimaryStageWindow   - FXGLLoadingScene -> GameScene
11:40:45.654 [JavaFX Application Thread] WARN  TMXLevelLoader       - TiledMap generated from 1.8.2. Supported version: 1.9.0. Some features may not be parsed fully.
11:40:45.657 [JavaFX Application Thread] DEBUG TMXLevelLoader       - Parsed TiledMap: file:/home/franz/Documents/Schule/3-Klasse/POS/DroidRampage/target/classes/assets/levels/Tile6.tmx
11:40:45.657 [JavaFX Application Thread] DEBUG TMXLevelLoader       - Creating tile layer entities
11:40:45.658 [JavaFX Application Thread] DEBUG TilesetLoader        - Loading view for layer Tile Layer 1
11:40:45.667 [JavaFX Application Thread] DEBUG TilesetLoader        - Created buffer with size 1920.0x1088.0
11:40:45.748 [JavaFX Application Thread] DEBUG TMXLevelLoader       - Creating object layer entities
11:41:14.754 [JavaFX Application Thread] WARN  TMXLevelLoader       - TiledMap generated from 1.8.2. Supported version: 1.9.0. Some features may not be parsed fully.
11:41:14.759 [JavaFX Application Thread] DEBUG TMXLevelLoader       - Parsed TiledMap: file:/home/franz/Documents/Schule/3-Klasse/POS/DroidRampage/target/classes/assets/levels/Tile4.tmx
11:41:14.759 [JavaFX Application Thread] DEBUG TMXLevelLoader       - Creating tile layer entities
11:41:14.759 [JavaFX Application Thread] DEBUG TilesetLoader        - Loading view for layer Tile Layer 1
11:41:14.761 [JavaFX Application Thread] DEBUG TilesetLoader        - Created buffer with size 1920.0x1088.0
11:41:14.845 [JavaFX Application Thread] DEBUG TMXLevelLoader       - Creating object layer entities
11:41:26.213 [JavaFX Application Thread] WARN  TMXLevelLoader       - TiledMap generated from 1.8.2. Supported version: 1.9.0. Some features may not be parsed fully.
11:41:26.215 [JavaFX Application Thread] DEBUG TMXLevelLoader       - Parsed TiledMap: file:/home/franz/Documents/Schule/3-Klasse/POS/DroidRampage/target/classes/assets/levels/Tile6.tmx
11:41:26.215 [JavaFX Application Thread] DEBUG TMXLevelLoader       - Creating tile layer entities
11:41:26.216 [JavaFX Application Thread] DEBUG TilesetLoader        - Loading view for layer Tile Layer 1
11:41:26.218 [JavaFX Application Thread] DEBUG TilesetLoader        - Created buffer with size 1920.0x1088.0
11:41:26.303 [JavaFX Application Thread] DEBUG TMXLevelLoader       - Creating object layer entities
11:41:35.007 [JavaFX Application Thread] WARN  TMXLevelLoader       - TiledMap generated from 1.8.2. Supported version: 1.9.0. Some features may not be parsed fully.
11:41:35.010 [JavaFX Application Thread] DEBUG TMXLevelLoader       - Parsed TiledMap: file:/home/franz/Documents/Schule/3-Klasse/POS/DroidRampage/target/classes/assets/levels/Tile5.tmx
11:41:35.010 [JavaFX Application Thread] DEBUG TMXLevelLoader       - Creating tile layer entities
11:41:35.011 [JavaFX Application Thread] DEBUG TilesetLoader        - Loading view for layer Tile Layer 1
11:41:35.013 [JavaFX Application Thread] DEBUG TilesetLoader        - Created buffer with size 1920.0x1088.0
11:41:35.100 [JavaFX Application Thread] DEBUG TMXLevelLoader       - Creating object layer entities
11:41:42.429 [JavaFX Application Thread] WARN  TMXLevelLoader       - TiledMap generated from 1.8.2. Supported version: 1.9.0. Some features may not be parsed fully.
11:41:42.432 [JavaFX Application Thread] DEBUG TMXLevelLoader       - Parsed TiledMap: file:/home/franz/Documents/Schule/3-Klasse/POS/DroidRampage/target/classes/assets/levels/Tile3.tmx
11:41:42.433 [JavaFX Application Thread] DEBUG TMXLevelLoader       - Creating tile layer entities
11:41:42.433 [JavaFX Application Thread] DEBUG TilesetLoader        - Loading view for layer Tile Layer 1
11:41:42.436 [JavaFX Application Thread] DEBUG TilesetLoader        - Created buffer with size 1920.0x1088.0
11:41:42.513 [JavaFX Application Thread] WARN  TilesetLoader        - Diagonally flipped tiles are not currently supported
11:41:42.514 [JavaFX Application Thread] WARN  TilesetLoader        - Diagonally flipped tiles are not currently supported
11:41:42.514 [JavaFX Application Thread] WARN  TilesetLoader        - Diagonally flipped tiles are not currently supported
11:41:42.515 [JavaFX Application Thread] WARN  TMXLevelLoader       - Parse error
java.lang.IllegalArgumentException: Tileset for gid=7460 not found
	at com.almasb.fxgl.entity.level.tiled.TilesetLoader.findTileset(TilesetLoader.kt:413)
	at com.almasb.fxgl.entity.level.tiled.TilesetLoader.loadView(TilesetLoader.kt:116)
	at com.almasb.fxgl.entity.level.tiled.TMXLevelLoader$createTileLayerEntities$1.invoke(TMXLevelLoader.kt:100)
	at com.almasb.fxgl.entity.level.tiled.TMXLevelLoader$createTileLayerEntities$1.invoke(TMXLevelLoader.kt:89)
	at com.almasb.fxgl.entity.level.tiled.TMXLevelLoader.createTileLayerEntities$lambda$3(TMXLevelLoader.kt:89)
	at java.base/java.util.stream.ReferencePipeline$3$1.accept(ReferencePipeline.java:214)
	at java.base/java.util.ArrayList$ArrayListSpliterator.forEachRemaining(ArrayList.java:1724)
	at java.base/java.util.stream.AbstractPipeline.copyInto(AbstractPipeline.java:570)
	at java.base/java.util.stream.AbstractPipeline.wrapAndCopyInto(AbstractPipeline.java:560)
	at java.base/java.util.stream.ReduceOps$ReduceOp.evaluateSequential(ReduceOps.java:921)
	at java.base/java.util.stream.AbstractPipeline.evaluate(AbstractPipeline.java:265)
	at java.base/java.util.stream.ReferencePipeline.collect(ReferencePipeline.java:723)
	at com.almasb.fxgl.entity.level.tiled.TMXLevelLoader.createTileLayerEntities(TMXLevelLoader.kt:117)
	at com.almasb.fxgl.entity.level.tiled.TMXLevelLoader.load(TMXLevelLoader.kt:58)
	at com.almasb.fxgl.app.services.FXGLAssetLoaderService.loadLevel(FXGLAssetLoaderService.kt:430)
	at at.htl.droidrampage.GameApp.spawnTiles(GameApp.java:144)
	at at.htl.droidrampage.GameApp.onUpdate(GameApp.java:322)
	at com.almasb.fxgl.app.FXGLApplication$GameApplicationService.onGameUpdate(FXGLApplication.kt:421)
	at com.almasb.fxgl.app.Engine.onGameUpdate(Engine.kt:138)
	at com.almasb.fxgl.app.FXGLApplication.postServicesInit$lambda$7(FXGLApplication.kt:182)
	at com.almasb.fxgl.scene.Scene.update(Scene.kt:113)
	at com.almasb.fxgl.app.MainWindow$update$1.invoke(MainWindow.kt:115)
	at com.almasb.fxgl.app.MainWindow$update$1.invoke(MainWindow.kt:115)
	at com.almasb.fxgl.core.fsm.StateMachine.runOnActiveStates(StateMachine.kt:69)
	at com.almasb.fxgl.app.MainWindow.update(MainWindow.kt:115)
	at com.almasb.fxgl.app.FXGLApplication$GameApplicationService.onUpdate(FXGLApplication.kt:426)
	at com.almasb.fxgl.app.Engine.loop(Engine.kt:134)
	at com.almasb.fxgl.app.Engine.access$loop(Engine.kt:24)
	at com.almasb.fxgl.app.Engine$loop$1.invoke(Engine.kt:28)
	at com.almasb.fxgl.app.Engine$loop$1.invoke(Engine.kt:28)
	at com.almasb.fxgl.app.LoopRunner.frame(LoopRunner.kt:103)
	at com.almasb.fxgl.app.LoopRunner.access$frame(LoopRunner.kt:23)
	at com.almasb.fxgl.app.LoopRunner$impl$2$1.onTick(LoopRunner.kt:57)
	at com.almasb.fxgl.app.AnimationTimerLoop$timer$1.handle(LoopRunner.kt:137)
	at javafx.animation.AnimationTimer$AnimationTimerReceiver.lambda$handle$0(AnimationTimer.java:58)
	at java.base/java.security.AccessController.doPrivileged(AccessController.java:138)
	at javafx.animation.AnimationTimer$AnimationTimerReceiver.handle(AnimationTimer.java:57)
	at com.sun.scenario.animation.AbstractPrimaryTimer.timePulseImpl(AbstractPrimaryTimer.java:356)
	at com.sun.scenario.animation.AbstractPrimaryTimer$MainLoop.run(AbstractPrimaryTimer.java:266)
	at com.sun.javafx.tk.quantum.QuantumToolkit.pulse(QuantumToolkit.java:588)
	at com.sun.javafx.tk.quantum.QuantumToolkit.pulse(QuantumToolkit.java:572)
	at com.sun.javafx.tk.quantum.QuantumToolkit.pulseFromQueue(QuantumToolkit.java:565)
	at com.sun.javafx.tk.quantum.QuantumToolkit.lambda$runToolkit$11(QuantumToolkit.java:352)
	at com.sun.glass.ui.InvokeLaterDispatcher$Future.run(InvokeLaterDispatcher.java:95)
	at com.sun.glass.ui.gtk.GtkApplication._runLoop(Native Method)
	at com.sun.glass.ui.gtk.GtkApplication.lambda$runLoop$10(GtkApplication.java:263)
	at java.base/java.lang.Thread.run(Thread.java:1516)

11:41:42.516 [JavaFX Application Thread] WARN  TMXLevelLoader       - TiledMap generated from 1.8.2. Supported version: 1.9.0. Some features may not be parsed fully.
11:41:42.518 [JavaFX Application Thread] DEBUG TMXLevelLoader       - Parsed TiledMap: file:/home/franz/Documents/Schule/3-Klasse/POS/DroidRampage/target/classes/assets/levels/Tile1.tmx
11:41:42.518 [JavaFX Application Thread] DEBUG TMXLevelLoader       - Creating tile layer entities
11:41:42.518 [JavaFX Application Thread] DEBUG TilesetLoader        - Loading view for layer Kachelebene 1
11:41:42.519 [JavaFX Application Thread] DEBUG TilesetLoader        - Created buffer with size 1920.0x1088.0
11:41:42.590 [JavaFX Application Thread] DEBUG TMXLevelLoader       - Creating object layer entities
11:41:49.063 [JavaFX Application Thread] WARN  TMXLevelLoader       - TiledMap generated from 1.8.2. Supported version: 1.9.0. Some features may not be parsed fully.
11:41:49.066 [JavaFX Application Thread] DEBUG TMXLevelLoader       - Parsed TiledMap: file:/home/franz/Documents/Schule/3-Klasse/POS/DroidRampage/target/classes/assets/levels/Tile6.tmx
11:41:49.066 [JavaFX Application Thread] DEBUG TMXLevelLoader       - Creating tile layer entities
11:41:49.067 [JavaFX Application Thread] DEBUG TilesetLoader        - Loading view for layer Tile Layer 1
11:41:49.070 [JavaFX Application Thread] DEBUG TilesetLoader        - Created buffer with size 1920.0x1088.0
11:41:49.152 [JavaFX Application Thread] DEBUG TMXLevelLoader       - Creating object layer entities
11:41:54.962 [JavaFX Application Thread] WARN  TMXLevelLoader       - TiledMap generated from 1.8.2. Supported version: 1.9.0. Some features may not be parsed fully.
11:41:54.966 [JavaFX Application Thread] DEBUG TMXLevelLoader       - Parsed TiledMap: file:/home/franz/Documents/Schule/3-Klasse/POS/DroidRampage/target/classes/assets/levels/Tile1.tmx
11:41:54.966 [JavaFX Application Thread] DEBUG TMXLevelLoader       - Creating tile layer entities
11:41:54.967 [JavaFX Application Thread] DEBUG TilesetLoader        - Loading view for layer Kachelebene 1
11:41:54.977 [JavaFX Application Thread] DEBUG TilesetLoader        - Created buffer with size 1920.0x1088.0
11:41:55.067 [JavaFX Application Thread] DEBUG TMXLevelLoader       - Creating object layer entities
11:42:00.394 [JavaFX Application Thread] WARN  TMXLevelLoader       - TiledMap generated from 1.8.2. Supported version: 1.9.0. Some features may not be parsed fully.
11:42:00.397 [JavaFX Application Thread] DEBUG TMXLevelLoader       - Parsed TiledMap: file:/home/franz/Documents/Schule/3-Klasse/POS/DroidRampage/target/classes/assets/levels/Tile6.tmx
11:42:00.397 [JavaFX Application Thread] DEBUG TMXLevelLoader       - Creating tile layer entities
11:42:00.398 [JavaFX Application Thread] DEBUG TilesetLoader        - Loading view for layer Tile Layer 1
11:42:00.410 [JavaFX Application Thread] DEBUG TilesetLoader        - Created buffer with size 1920.0x1088.0
11:42:00.500 [JavaFX Application Thread] DEBUG TMXLevelLoader       - Creating object layer entities
11:42:05.467 [JavaFX Application Thread] WARN  TMXLevelLoader       - TiledMap generated from 1.8.2. Supported version: 1.9.0. Some features may not be parsed fully.
11:42:05.478 [JavaFX Application Thread] DEBUG TMXLevelLoader       - Parsed TiledMap: file:/home/franz/Documents/Schule/3-Klasse/POS/DroidRampage/target/classes/assets/levels/Tile2.tmx
11:42:05.478 [JavaFX Application Thread] DEBUG TMXLevelLoader       - Creating tile layer entities
11:42:05.478 [JavaFX Application Thread] DEBUG TilesetLoader        - Loading view for layer Tile Layer 1
11:42:05.486 [JavaFX Application Thread] DEBUG TilesetLoader        - Created buffer with size 1920.0x1088.0
11:42:05.574 [JavaFX Application Thread] DEBUG TMXLevelLoader       - Creating object layer entities
11:42:10.280 [JavaFX Application Thread] WARN  TMXLevelLoader       - TiledMap generated from 1.8.2. Supported version: 1.9.0. Some features may not be parsed fully.
11:42:10.283 [JavaFX Application Thread] DEBUG TMXLevelLoader       - Parsed TiledMap: file:/home/franz/Documents/Schule/3-Klasse/POS/DroidRampage/target/classes/assets/levels/Tile4.tmx
11:42:10.283 [JavaFX Application Thread] DEBUG TMXLevelLoader       - Creating tile layer entities
11:42:10.283 [JavaFX Application Thread] DEBUG TilesetLoader        - Loading view for layer Tile Layer 1
11:42:10.285 [JavaFX Application Thread] DEBUG TilesetLoader        - Created buffer with size 1920.0x1088.0
11:42:10.367 [JavaFX Application Thread] DEBUG TMXLevelLoader       - Creating object layer entities
11:42:23.005 [JavaFX Application Thread] DEBUG GameApplicationServi - Starting new game
11:42:23.005 [JavaFX Application Thread] DEBUG Input                - Clearing active input actions
11:42:23.017 [JavaFX Application Thread] DEBUG GameApplicationServi - Removing overlay from GameScene and adding to FXGLLoadingScene
11:42:23.017 [JavaFX Application Thread] DEBUG PrimaryStageWindow   - GameScene -> FXGLLoadingScene
11:42:23.017 [JavaFX Application Thread] DEBUG GameApplicationServi - Clearing previous game
11:42:23.017 [JavaFX Application Thread] DEBUG GameScene            - Clearing game scene
11:42:23.017 [JavaFX Application Thread] DEBUG GameWorld            - Clearing game world
11:42:23.022 [JavaFX Application Thread] DEBUG PhysicsWorld         - Clearing physics world
11:42:23.023 [FXGL Background Thread 6 ] DEBUG FXGLApplication      - Initializing game
11:42:23.025 [FXGL Background Thread 6 ] WARN  TMXLevelLoader       - TiledMap generated from 1.8.2. Supported version: 1.9.0. Some features may not be parsed fully.
11:42:23.028 [FXGL Background Thread 6 ] DEBUG TMXLevelLoader       - Parsed TiledMap: file:/home/franz/Documents/Schule/3-Klasse/POS/DroidRampage/target/classes/assets/levels/TileStart.tmx
11:42:23.028 [FXGL Background Thread 6 ] DEBUG TMXLevelLoader       - Creating tile layer entities
11:42:23.028 [FXGL Background Thread 6 ] DEBUG TilesetLoader        - Loading view for layer Kachelebene 1
11:42:23.030 [FXGL Background Thread 6 ] DEBUG TilesetLoader        - Created buffer with size 1920.0x1088.0
11:42:23.151 [FXGL Background Thread 6 ] DEBUG TMXLevelLoader       - Creating object layer entities
11:42:23.154 [FXGL Background Thread 6 ] DEBUG GameWorld            - Clearing removable entities
11:42:23.154 [FXGL Background Thread 6 ] DEBUG GameWorld            - Setting level: com.almasb.fxgl.entity.level.Level@5e701d00
11:42:23.301 [FXGL Background Thread 6 ] INFO  FXGLApplication      - Game initialization took: 0.278 sec
11:42:23.305 [JavaFX Application Thread] DEBUG Input                - Clearing active input actions
11:42:23.312 [JavaFX Application Thread] DEBUG GameApplicationServi - Removing overlay from FXGLLoadingScene and adding to GameScene
11:42:23.312 [JavaFX Application Thread] DEBUG PrimaryStageWindow   - FXGLLoadingScene -> GameScene
11:42:23.314 [JavaFX Application Thread] WARN  TMXLevelLoader       - TiledMap generated from 1.8.2. Supported version: 1.9.0. Some features may not be parsed fully.
11:42:23.317 [JavaFX Application Thread] DEBUG TMXLevelLoader       - Parsed TiledMap: file:/home/franz/Documents/Schule/3-Klasse/POS/DroidRampage/target/classes/assets/levels/Tile5.tmx
11:42:23.317 [JavaFX Application Thread] DEBUG TMXLevelLoader       - Creating tile layer entities
11:42:23.317 [JavaFX Application Thread] DEBUG TilesetLoader        - Loading view for layer Tile Layer 1
11:42:23.319 [JavaFX Application Thread] DEBUG TilesetLoader        - Created buffer with size 1920.0x1088.0
11:42:23.404 [JavaFX Application Thread] DEBUG TMXLevelLoader       - Creating object layer entities
11:42:23.715 [JavaFX Application Thread] DEBUG PrimaryStageWindow   - Push state: FXGLDefaultMenu
11:42:23.723 [JavaFX Application Thread] DEBUG Input                - Clearing active input actions
11:42:23.732 [JavaFX Application Thread] DEBUG GameApplicationServi - Removing overlay from GameScene and adding to FXGLDefaultMenu
11:42:23.733 [JavaFX Application Thread] DEBUG PrimaryStageWindow   - GameScene -> FXGLDefaultMenu
11:42:25.468 [JavaFX Application Thread] DEBUG FXGLApplication      - Exiting FXGL
11:42:25.468 [JavaFX Application Thread] DEBUG LoopRunner           - Stopping loop
11:42:25.469 [JavaFX Application Thread] DEBUG SystemBundleService  - Saving FXGL system data
11:42:25.472 [JavaFX Application Thread] DEBUG FileSystemAccess     - Writing to: /home/franz/Documents/Schule/3-Klasse/POS/DroidRampage/system/fxgl.bundle
11:42:25.475 [JavaFX Application Thread] DEBUG Async                - Shutting down background threads
11:42:25.475 [JavaFX Application Thread] DEBUG PrimaryStageWindow   - Closing main window
11:42:25.484 [JavaFX Application Thread] DEBUG Logger               - Closing Logger
